<html>
<body>
<pre>
<h1>µVision Build Log</h1>
<h2>Tool Versions:</h2>
IDE-Version: µVision V5.39.0.0
Copyright (C) 2023 ARM Ltd and ARM Germany GmbH. All rights reserved.
License Information: Micha³ O, AGH, LIC=----
 
Tool Versions:
Toolchain:       MDK-Lite  Version: 5.39.0.0
Toolchain Path:  E:\PROGSy\keilVision\ARM\ARMCLANG\Bin
C Compiler:      ArmClang.exe V6.21
Assembler:       Armasm.exe V6.21
Linker/Locator:  ArmLink.exe V6.21
Library Manager: ArmAr.exe V6.21
Hex Converter:   FromElf.exe V6.21
CPU DLL:         SARMCM3.DLL V5.39.0.0
Dialog DLL:      DCM.DLL V1.17.5.0
Target DLL:      UL2CM3.DLL V1.164.9.0
Dialog DLL:      TCM.DLL V1.56.4.0
 
<h2>Project:</h2>
E:\SEM2_2\wsw\projekt\lcdTest.uvprojx
Project File Date:  01/07/2024

<h2>Output:</h2>
*** Using Compiler 'V6.21', folder: 'E:\PROGSy\keilVision\ARM\ARMCLANG\Bin'
Build target 'Target 1'
main.c(295): warning: variable length array folded to constant array as an extension [-Wgnu-folding-constant]
  295 |         char dateValues[numberOfValues] = {
      |              ^
main.c(314): warning: variable length array folded to constant array as an extension [-Wgnu-folding-constant]
  314 |         char dateValues[numberOfValues] = {
      |              ^
main.c(331): warning: variable length array folded to constant array as an extension [-Wgnu-folding-constant]
  331 |         char dateValues[numberOfValues] = {
      |              ^
main.c(348): warning: variable length array folded to constant array as an extension [-Wgnu-folding-constant]
  348 |         char dateValues[numberOfValues] = {
      |              ^
main.c(365): warning: variable length array folded to constant array as an extension [-Wgnu-folding-constant]
  365 |         char dateValues[numberOfValues] = {
      |              ^
main.c(382): warning: variable length array folded to constant array as an extension [-Wgnu-folding-constant]
  382 |         char dateValues[numberOfValues] = {
      |              ^
6 warnings generated.
compiling main.c...
linking...
Program Size: Code=13630 RO-data=3394 RW-data=40 ZI-data=11784  
".\Objects\lcdTest.axf" - 0 Error(s), 6 Warning(s).

<h2>Software Packages used:</h2>

Package Vendor: ARM
                http://www.keil.com/pack/ARM.CMSIS.5.9.0.pack
                ARM::CMSIS@5.9.0
                CMSIS (Common Microcontroller Software Interface Standard)
   * Component: RTOS2 Version: 2.1.3
   * Component: CORE Version: 5.6.0

Package Vendor: ARM
                https://www.keil.com/pack/ARM.CMSIS-FreeRTOS.10.5.1.pack
                ARM::CMSIS-FreeRTOS@10.5.1
                Bundle of FreeRTOS for Cortex-M and Cortex-A
   * Component: FreeRTOS Variant: Cortex-M Version: 10.5.1
   * Component: Config Variant: CMSIS RTOS2 Version: 10.5.1
   * Component: Core Variant: Cortex-M Version: 10.5.1
   * Component: Event Groups Version: 10.5.1
   * Component: Heap Variant: Heap_4 Version: 10.5.1
   * Component: Timers Version: 10.5.1

Package Vendor: Keil
                http://www.keil.com/pack/Keil.LPC1700_DFP.2.7.1.pack
                Keil::LPC1700_DFP@2.7.1
                NXP LPC1700 Series Device Support, Drivers and Examples for MCB1700 and LPC1788-32
   * Component: GPIO Version: 1.1.0
   * Component: PIN Version: 1.0.0
   * Component: Startup Version: 1.0.0

<h2>Collection of Component include folders:</h2>
  ./RTE/Device/LPC1768
  ./RTE/RTOS
  ./RTE/_Target_1
  E:/PROGSy/keilVision/ARM/CMSIS-FreeRTOS/10.5.1/CMSIS/RTOS2/FreeRTOS/Include
  E:/PROGSy/keilVision/ARM/CMSIS-FreeRTOS/10.5.1/Source/include
  E:/PROGSy/keilVision/ARM/CMSIS-FreeRTOS/10.5.1/Source/portable/GCC/ARM_CM3
  E:/PROGSy/keilVision/ARM/CMSIS/5.9.0/CMSIS/Core/Include
  E:/PROGSy/keilVision/ARM/CMSIS/5.9.0/CMSIS/RTOS2/Include
  E:/PROGSy/keilVision/Keil/LPC1700_DFP/2.7.1/Device/Include
  E:/PROGSy/keilVision/Keil/LPC1700_DFP/2.7.1/RTE_Driver

<h2>Collection of Component Files used:</h2>

   * Component: ::CMSIS:RTOS2(API)@2.1.3
      Include file:  CMSIS/RTOS2/Include/cmsis_os2.h

   * Component: ARM::CMSIS:CORE@5.6.0

   * Component: ARM::CMSIS:RTOS2:FreeRTOS&Cortex-M@10.5.1
      Source file:   CMSIS/RTOS2/FreeRTOS/Source/cmsis_os2.c
      Include file:  CMSIS/RTOS2/FreeRTOS/Include/freertos_mpool.h
      Source file:   CMSIS/RTOS2/FreeRTOS/Source/ARM/clib_arm.c
      Source file:   CMSIS/RTOS2/FreeRTOS/Source/os_systick.c

   * Component: ARM::RTOS&FreeRTOS:Config&CMSIS RTOS2@10.5.1
      Include file:  CMSIS/RTOS2/FreeRTOS/Config/ARMCM/FreeRTOSConfig.h

   * Component: ARM::RTOS&FreeRTOS:Core&Cortex-M@10.5.1
      Include file:  Source/include/FreeRTOS.h
      Include file:  Source/include/queue.h
      Include file:  Source/include/semphr.h
      Source file:   Source/queue.c
      Include file:  Source/include/task.h
      Source file:   Source/tasks.c
      Source file:   Source/list.c
      Source file:   Source/portable/GCC/ARM_CM3/port.c
      Source file:   CMSIS/RTOS2/FreeRTOS/Source/freertos_evr.c

   * Component: ARM::RTOS&FreeRTOS:Event Groups@10.5.1
      Include file:  Source/include/event_groups.h
      Source file:   Source/event_groups.c

   * Component: ARM::RTOS&FreeRTOS:Heap&Heap_4@10.5.1
      Source file:   Source/portable/MemMang/heap_4.c

   * Component: ARM::RTOS&FreeRTOS:Timers@10.5.1
      Include file:  Source/include/timers.h
      Source file:   Source/timers.c

   * Component: Keil::Device:GPIO@1.1.0
      Include file:  RTE_Driver/GPIO_LPC17xx.h
      Source file:   RTE_Driver/GPIO_LPC17xx.c

   * Component: Keil::Device:PIN@1.0.0
      Include file:  RTE_Driver/PIN_LPC17xx.h
      Source file:   RTE_Driver/PIN_LPC17xx.c

   * Component: Keil::Device:Startup@1.0.0
      Source file:   Device/Source/ARM/startup_LPC17xx.s
      Source file:   Device/Source/system_LPC17xx.c
      Include file:  RTE_Driver/Config/RTE_Device.h
      Include file:  Device/Include/LPC17xx.h
Build Time Elapsed:  00:00:01
</pre>
</body>
</html>
