Component: ARM Compiler 5.06 update 6 (build 750) Tool: armlink [4d35ed]

==============================================================================

Section Cross References

    asciilib.o(i.GetASCIICode) refers to rt_memcpy_v6.o(.text) for __aeabi_memcpy
    asciilib.o(i.GetASCIICode) refers to asciilib.o(.constdata) for AsciiLib
    lcd_ili9325.o(i.init_ILI9325) refers to open1768_lcd.o(i.lcdWriteReg) for lcdWriteReg
    lcd_ili9325.o(i.init_ILI9325) refers to lcd_ili9325.o(i.delay_ms) for delay_ms
    main.o(i.app_main) refers to main.o(i.clearScreen) for clearScreen
    main.o(i.app_main) refers to main.o(i.writeKeypadInput) for writeKeypadInput
    main.o(i.app_main) refers to main.o(i.writeClockDate) for writeClockDate
    main.o(i.app_main) refers to cmsis_os2.o(i.osDelay) for osDelay
    main.o(i.clearScreen) refers to main.o(i.draw) for draw
    main.o(i.clearScreen) refers to main.o(.constdata) for .constdata
    main.o(i.debugKeypadPrint) refers to gpio_lpc17xx.o(i.GPIO_PinRead) for GPIO_PinRead
    main.o(i.debugKeypadPrint) refers to main.o(i.writeLetters) for writeLetters
    main.o(i.debugKeypadPrint) refers to main.o(.constdata) for COL_PINS
    main.o(i.draw) refers to open1768_lcd.o(i.lcdWriteReg) for lcdWriteReg
    main.o(i.draw) refers to open1768_lcd.o(i.lcdSetCursor) for lcdSetCursor
    main.o(i.draw) refers to open1768_lcd.o(i.lcdWriteIndex) for lcdWriteIndex
    main.o(i.draw) refers to open1768_lcd.o(i.lcdWriteData) for lcdWriteData
    main.o(i.drawLetter) refers to asciilib.o(i.GetASCIICode) for GetASCIICode
    main.o(i.drawLetter) refers to main.o(i.shoulPixelBeDrawn) for shoulPixelBeDrawn
    main.o(i.drawLetter) refers to open1768_lcd.o(i.lcdWriteReg) for lcdWriteReg
    main.o(i.getDate) refers to main.o(i.saveDateValue) for saveDateValue
    main.o(i.gpioSetup) refers to pin_lpc17xx.o(i.PIN_Configure) for PIN_Configure
    main.o(i.gpioSetup) refers to gpio_lpc17xx.o(i.GPIO_SetDir) for GPIO_SetDir
    main.o(i.gpioSetup) refers to main.o(.constdata) for ROW_PINS
    main.o(i.keyboardScan) refers to gpio_lpc17xx.o(i.GPIO_PinWrite) for GPIO_PinWrite
    main.o(i.keyboardScan) refers to gpio_lpc17xx.o(i.GPIO_PinRead) for GPIO_PinRead
    main.o(i.keyboardScan) refers to main.o(.constdata) for ROW_PINS
    main.o(i.main) refers to open1768_lcd.o(i.lcdConfiguration) for lcdConfiguration
    main.o(i.main) refers to lcd_ili9325.o(i.init_ILI9325) for init_ILI9325
    main.o(i.main) refers to main.o(i.gpioSetup) for gpioSetup
    main.o(i.main) refers to main.o(i.configure_lpc_rtc) for configure_lpc_rtc
    main.o(i.main) refers to cmsis_os2.o(i.osKernelInitialize) for osKernelInitialize
    main.o(i.main) refers to cmsis_os2.o(i.osThreadNew) for osThreadNew
    main.o(i.main) refers to cmsis_os2.o(i.osKernelGetState) for osKernelGetState
    main.o(i.main) refers to cmsis_os2.o(i.osKernelStart) for osKernelStart
    main.o(i.main) refers to main.o(i.app_main) for app_main
    main.o(i.saveDateValue) refers to main.o(i.keyboardScan) for keyboardScan
    main.o(i.saveDateValue) refers to main.o(i.drawLetter) for drawLetter
    main.o(i.saveDateValue) refers to main.o(i.clearScreen) for clearScreen
    main.o(i.saveDateValue) refers to main.o(.constdata) for .constdata
    main.o(i.saveDateValue) refers to main.o(.data) for lastSavedValue
    main.o(i.setDate) refers to main.o(i.getDate) for getDate
    main.o(i.setDate) refers to main.o(i.saveDate) for saveDate
    main.o(i.writeClockDate) refers to main.o(i.writeYear) for writeYear
    main.o(i.writeClockDate) refers to main.o(i.writeMonth) for writeMonth
    main.o(i.writeClockDate) refers to main.o(i.writeDay) for writeDay
    main.o(i.writeClockDate) refers to main.o(i.writeHour) for writeHour
    main.o(i.writeClockDate) refers to main.o(i.writeMinute) for writeMinute
    main.o(i.writeClockDate) refers to main.o(i.writeSec) for writeSec
    main.o(i.writeClockDate) refers to main.o(.constdata) for .constdata
    main.o(i.writeDay) refers to main.o(i.writeLetters) for writeLetters
    main.o(i.writeHour) refers to main.o(i.writeLetters) for writeLetters
    main.o(i.writeKeypadInput) refers to main.o(i.keyboardScan) for keyboardScan
    main.o(i.writeKeypadInput) refers to main.o(i.drawLetter) for drawLetter
    main.o(i.writeKeypadInput) refers to main.o(i.debugKeypadPrint) for debugKeypadPrint
    main.o(i.writeKeypadInput) refers to main.o(.constdata) for .constdata
    main.o(i.writeLetters) refers to main.o(i.drawLetter) for drawLetter
    main.o(i.writeMinute) refers to main.o(i.writeLetters) for writeLetters
    main.o(i.writeMonth) refers to main.o(i.writeLetters) for writeLetters
    main.o(i.writeSec) refers to main.o(i.writeLetters) for writeLetters
    main.o(i.writeYear) refers to main.o(i.writeLetters) for writeLetters
    open1768_lcd.o(i.lcdRead) refers to open1768_lcd.o(i.wait_delay) for wait_delay
    open1768_lcd.o(i.lcdReadData) refers to open1768_lcd.o(i.wait_delay) for wait_delay
[...]
    ../clib/angel/rt.s                       0x00000000   Number         0  aeabi_ldiv0.o ABSOLUTE
    ../clib/angel/scatter.s                  0x00000000   Number         0  __scatter.o ABSOLUTE
    ../clib/angel/startup.s                  0x00000000   Number         0  __main.o ABSOLUTE
    ../clib/angel/sys.s                      0x00000000   Number         0  libspace.o ABSOLUTE
    ../clib/angel/sys.s                      0x00000000   Number         0  sys_stackheap_outer.o ABSOLUTE
    ../clib/angel/sys.s                      0x00000000   Number         0  indicate_semi.o ABSOLUTE
    ../clib/angel/sys.s                      0x00000000   Number         0  use_no_semi.o ABSOLUTE
    ../clib/angel/sysapp.c                   0x00000000   Number         0  sys_command.o ABSOLUTE
    ../clib/angel/sysapp.c                   0x00000000   Number         0  sys_wrch.o ABSOLUTE
    ../clib/angel/sysapp.c                   0x00000000   Number         0  sys_exit.o ABSOLUTE
    ../clib/armsys.c                         0x00000000   Number         0  argv_veneer.o ABSOLUTE
    ../clib/armsys.c                         0x00000000   Number         0  argv_veneer.o ABSOLUTE
    ../clib/armsys.c                         0x00000000   Number         0  no_argv.o ABSOLUTE
    ../clib/armsys.c                         0x00000000   Number         0  _get_argv_nomalloc.o ABSOLUTE
    ../clib/heapalloc.c                      0x00000000   Number         0  hrguard.o ABSOLUTE
    ../clib/heapaux.c                        0x00000000   Number         0  heapauxi.o ABSOLUTE
    ../clib/libinit.s                        0x00000000   Number         0  libshutdown2.o ABSOLUTE
    ../clib/libinit.s                        0x00000000   Number         0  libinit2.o ABSOLUTE
    ../clib/libinit.s                        0x00000000   Number         0  libshutdown.o ABSOLUTE
    ../clib/libinit.s                        0x00000000   Number         0  libinit.o ABSOLUTE
    ../clib/longlong.s                       0x00000000   Number         0  lludivv7m.o ABSOLUTE
    ../clib/memcpset.s                       0x00000000   Number         0  aeabi_memset.o ABSOLUTE
    ../clib/memcpset.s                       0x00000000   Number         0  rt_memclr.o ABSOLUTE
    ../clib/memcpset.s                       0x00000000   Number         0  rt_memclr_w.o ABSOLUTE
    ../clib/memcpset.s                       0x00000000   Number         0  rt_memcpy_v6.o ABSOLUTE
    ../clib/memcpset.s                       0x00000000   Number         0  rt_memcpy_w.o ABSOLUTE
    ../clib/signal.c                         0x00000000   Number         0  defsig_cppl_inner.o ABSOLUTE
    ../clib/signal.c                         0x00000000   Number         0  __raise.o ABSOLUTE
    ../clib/signal.c                         0x00000000   Number         0  defsig_other.o ABSOLUTE
    ../clib/signal.c                         0x00000000   Number         0  defsig_fpe_formal.o ABSOLUTE
    ../clib/signal.c                         0x00000000   Number         0  defsig_fpe_outer.o ABSOLUTE
    ../clib/signal.c                         0x00000000   Number         0  defsig_general.o ABSOLUTE
    ../clib/signal.c                         0x00000000   Number         0  defsig_rtred_inner.o ABSOLUTE
    ../clib/signal.c                         0x00000000   Number         0  defsig_segv_inner.o ABSOLUTE
    ../clib/signal.c                         0x00000000   Number         0  defsig_rtmem_inner.o ABSOLUTE
    ../clib/signal.c                         0x00000000   Number         0  defsig_fpe_inner.o ABSOLUTE
    ../clib/signal.c                         0x00000000   Number         0  defsig_exit.o ABSOLUTE
    ../clib/signal.c                         0x00000000   Number         0  defsig_abrt_inner.o ABSOLUTE
    ../clib/signal.c                         0x00000000   Number         0  defsig_rtmem_outer.o ABSOLUTE
    ../clib/signal.c                         0x00000000   Number         0  defsig_rtmem_formal.o ABSOLUTE
    ../clib/signal.c                         0x00000000   Number         0  defsig_stak_inner.o ABSOLUTE
    ../clib/signal.c                         0x00000000   Number         0  defsig_pvfn_inner.o ABSOLUTE
    ../clib/signal.s                         0x00000000   Number         0  defsig.o ABSOLUTE
    ../clib/stdlib.c                         0x00000000   Number         0  exit.o ABSOLUTE
    ../fplib/fpinit.s                        0x00000000   Number         0  fpinit.o ABSOLUTE
    C:\Keil_v5\ARM\PACK\ARM\CMSIS-FreeRTOS\10.2.0\CMSIS\RTOS2\FreeRTOS\Source\ARM\clib_arm.c 0x00000000   Number         0  clib_arm.o ABSOLUTE
    C:\Keil_v5\ARM\PACK\ARM\CMSIS-FreeRTOS\10.2.0\CMSIS\RTOS2\FreeRTOS\Source\cmsis_os2.c 0x00000000   Number         0  cmsis_os2.o ABSOLUTE
    C:\Keil_v5\ARM\PACK\ARM\CMSIS-FreeRTOS\10.2.0\CMSIS\RTOS2\FreeRTOS\Source\freertos_evr.c 0x00000000   Number         0  freertos_evr.o ABSOLUTE
    C:\Keil_v5\ARM\PACK\ARM\CMSIS-FreeRTOS\10.2.0\CMSIS\RTOS2\FreeRTOS\Source\os_systick.c 0x00000000   Number         0  os_systick.o ABSOLUTE
    C:\Keil_v5\ARM\PACK\ARM\CMSIS-FreeRTOS\10.2.0\Source\event_groups.c 0x00000000   Number         0  event_groups.o ABSOLUTE
    C:\Keil_v5\ARM\PACK\ARM\CMSIS-FreeRTOS\10.2.0\Source\list.c 0x00000000   Number         0  list.o ABSOLUTE
    C:\Keil_v5\ARM\PACK\ARM\CMSIS-FreeRTOS\10.2.0\Source\portable\MemMang\heap_4.c 0x00000000   Number         0  heap_4.o ABSOLUTE
    C:\Keil_v5\ARM\PACK\ARM\CMSIS-FreeRTOS\10.2.0\Source\portable\RVDS\ARM_CM3\port.c 0x00000000   Number         0  port.o ABSOLUTE
    C:\Keil_v5\ARM\PACK\ARM\CMSIS-FreeRTOS\10.2.0\Source\queue.c 0x00000000   Number         0  queue.o ABSOLUTE
    C:\Keil_v5\ARM\PACK\ARM\CMSIS-FreeRTOS\10.2.0\Source\tasks.c 0x00000000   Number         0  tasks.o ABSOLUTE
    C:\Keil_v5\ARM\PACK\ARM\CMSIS-FreeRTOS\10.2.0\Source\timers.c 0x00000000   Number         0  timers.o ABSOLUTE
    C:\Keil_v5\ARM\PACK\Keil\LPC1700_DFP\2.6.1\Boards\Waveshare\Open1768\Common\LED_Open1768.c 0x00000000   Number         0  led_open1768.o ABSOLUTE
    C:\Keil_v5\ARM\PACK\Keil\LPC1700_DFP\2.6.1\RTE_Driver\GPIO_LPC17xx.c 0x00000000   Number         0  gpio_lpc17xx.o ABSOLUTE
    C:\Keil_v5\ARM\PACK\Keil\LPC1700_DFP\2.6.1\RTE_Driver\PIN_LPC17xx.c 0x00000000   Number         0  pin_lpc17xx.o ABSOLUTE
    C:\\Keil_v5\\ARM\\PACK\\ARM\\CMSIS-FreeRTOS\\10.2.0\\CMSIS\\RTOS2\\FreeRTOS\\Source\\ARM\\clib_arm.c 0x00000000   Number         0  clib_arm.o ABSOLUTE
    C:\\Keil_v5\\ARM\\PACK\\ARM\\CMSIS-FreeRTOS\\10.2.0\\CMSIS\\RTOS2\\FreeRTOS\\Source\\cmsis_os2.c 0x00000000   Number         0  cmsis_os2.o ABSOLUTE
    C:\\Keil_v5\\ARM\\PACK\\ARM\\CMSIS-FreeRTOS\\10.2.0\\CMSIS\\RTOS2\\FreeRTOS\\Source\\freertos_evr.c 0x00000000   Number         0  freertos_evr.o ABSOLUTE
    C:\\Keil_v5\\ARM\\PACK\\ARM\\CMSIS-FreeRTOS\\10.2.0\\CMSIS\\RTOS2\\FreeRTOS\\Source\\os_systick.c 0x00000000   Number         0  os_systick.o ABSOLUTE
    C:\\Keil_v5\\ARM\\PACK\\ARM\\CMSIS-FreeRTOS\\10.2.0\\Source\\event_groups.c 0x00000000   Number         0  event_groups.o ABSOLUTE
    C:\\Keil_v5\\ARM\\PACK\\ARM\\CMSIS-FreeRTOS\\10.2.0\\Source\\list.c 0x00000000   Number         0  list.o ABSOLUTE
    C:\\Keil_v5\\ARM\\PACK\\ARM\\CMSIS-FreeRTOS\\10.2.0\\Source\\portable\\MemMang\\heap_4.c 0x00000000   Number         0  heap_4.o ABSOLUTE
    C:\\Keil_v5\\ARM\\PACK\\ARM\\CMSIS-FreeRTOS\\10.2.0\\Source\\portable\\RVDS\\ARM_CM3\\port.c 0x00000000   Number         0  port.o ABSOLUTE
    C:\\Keil_v5\\ARM\\PACK\\ARM\\CMSIS-FreeRTOS\\10.2.0\\Source\\queue.c 0x00000000   Number         0  queue.o ABSOLUTE
    C:\\Keil_v5\\ARM\\PACK\\ARM\\CMSIS-FreeRTOS\\10.2.0\\Source\\tasks.c 0x00000000   Number         0  tasks.o ABSOLUTE
    C:\\Keil_v5\\ARM\\PACK\\ARM\\CMSIS-FreeRTOS\\10.2.0\\Source\\timers.c 0x00000000   Number         0  timers.o ABSOLUTE
    C:\\Keil_v5\\ARM\\PACK\\Keil\\LPC1700_DFP\\2.6.1\\Boards\\Waveshare\\Open1768\\Common\\LED_Open1768.c 0x00000000   Number         0  led_open1768.o ABSOLUTE
    C:\\Keil_v5\\ARM\\PACK\\Keil\\LPC1700_DFP\\2.6.1\\RTE_Driver\\GPIO_LPC17xx.c 0x00000000   Number         0  gpio_lpc17xx.o ABSOLUTE
    C:\\Keil_v5\\ARM\\PACK\\Keil\\LPC1700_DFP\\2.6.1\\RTE_Driver\\PIN_LPC17xx.c 0x00000000   Number         0  pin_lpc17xx.o ABSOLUTE
    LCD_ILI9325.c                            0x00000000   Number         0  lcd_ili9325.o ABSOLUTE
    LCD_ILI9325.c                            0x00000000   Number         0  lcd_ili9325.o ABSOLUTE
    Open1768_LCD.c                           0x00000000   Number         0  open1768_lcd.o ABSOLUTE
    Open1768_LCD.c                           0x00000000   Number         0  open1768_lcd.o ABSOLUTE
    RTE\Device\LPC1768\startup_LPC17xx.s     0x00000000   Number         0  startup_lpc17xx.o ABSOLUTE
    RTE\Device\LPC1768\system_LPC17xx.c      0x00000000   Number         0  system_lpc17xx.o ABSOLUTE
    RTE\\Device\\LPC1768\\system_LPC17xx.c   0x00000000   Number         0  system_lpc17xx.o ABSOLUTE
    asciiLib.c                               0x00000000   Number         0  asciilib.o ABSOLUTE
    dc.s                                     0x00000000   Number         0  dc.o ABSOLUTE
    main.c                                   0x00000000   Number         0  main.o ABSOLUTE
    main.c                                   0x00000000   Number         0  main.o ABSOLUTE
    !!!main                                  0x000000cc   Section        8  __main.o(!!!main)
    !!!scatter                               0x000000d4   Section       52  __scatter.o(!!!scatter)
    !!handler_copy                           0x00000108   Section       26  __scatter_copy.o(!!handler_copy)
    !!handler_zi                             0x00000124   Section       28  __scatter_zi.o(!!handler_zi)
    .ARM.Collect$$libinit$$00000000          0x00000140   Section        2  libinit.o(.ARM.Collect$$libinit$$00000000)
    .ARM.Collect$$libinit$$00000002          0x00000142   Section        0  libinit2.o(.ARM.Collect$$libinit$$00000002)
    .ARM.Collect$$libinit$$00000004          0x00000142   Section        0  libinit2.o(.ARM.Collect$$libinit$$00000004)
    .ARM.Collect$$libinit$$0000000A          0x00000142   Section        0  libinit2.o(.ARM.Collect$$libinit$$0000000A)
    .ARM.Collect$$libinit$$0000000C          0x00000142   Section        0  libinit2.o(.ARM.Collect$$libinit$$0000000C)
    .ARM.Collect$$libinit$$0000000E          0x00000142   Section        0  libinit2.o(.ARM.Collect$$libinit$$0000000E)
    .ARM.Collect$$libinit$$00000011          0x00000142   Section        0  libinit2.o(.ARM.Collect$$libinit$$00000011)
    .ARM.Collect$$libinit$$00000013          0x00000142   Section        0  libinit2.o(.ARM.Collect$$libinit$$00000013)
    .ARM.Collect$$libinit$$00000015          0x00000142   Section        0  libinit2.o(.ARM.Collect$$libinit$$00000015)
    .ARM.Collect$$libinit$$00000017          0x00000142   Section        0  libinit2.o(.ARM.Collect$$libinit$$00000017)
    .ARM.Collect$$libinit$$00000019          0x00000142   Section        0  libinit2.o(.ARM.Collect$$libinit$$00000019)
    .ARM.Collect$$libinit$$0000001B          0x00000142   Section        0  libinit2.o(.ARM.Collect$$libinit$$0000001B)
    .ARM.Collect$$libinit$$0000001D          0x00000142   Section        0  libinit2.o(.ARM.Collect$$libinit$$0000001D)
    .ARM.Collect$$libinit$$0000001F          0x00000142   Section        0  libinit2.o(.ARM.Collect$$libinit$$0000001F)
    .ARM.Collect$$libinit$$00000021          0x00000142   Section        0  libinit2.o(.ARM.Collect$$libinit$$00000021)
    .ARM.Collect$$libinit$$00000023          0x00000142   Section        0  libinit2.o(.ARM.Collect$$libinit$$00000023)
    .ARM.Collect$$libinit$$00000025          0x00000142   Section        0  libinit2.o(.ARM.Collect$$libinit$$00000025)
    .ARM.Collect$$libinit$$0000002C          0x00000142   Section        0  libinit2.o(.ARM.Collect$$libinit$$0000002C)
    .ARM.Collect$$libinit$$0000002E          0x00000142   Section        0  libinit2.o(.ARM.Collect$$libinit$$0000002E)
    .ARM.Collect$$libinit$$00000030          0x00000142   Section        0  libinit2.o(.ARM.Collect$$libinit$$00000030)
    .ARM.Collect$$libinit$$00000032          0x00000142   Section        0  libinit2.o(.ARM.Collect$$libinit$$00000032)
    .ARM.Collect$$libinit$$00000033          0x00000142   Section        2  libinit2.o(.ARM.Collect$$libinit$$00000033)
    .ARM.Collect$$libshutdown$$00000000      0x00000144   Section        2  libshutdown.o(.ARM.Collect$$libshutdown$$00000000)
    .ARM.Collect$$libshutdown$$00000002      0x00000146   Section        0  libshutdown2.o(.ARM.Collect$$libshutdown$$00000002)
    .ARM.Collect$$libshutdown$$00000004      0x00000146   Section        0  libshutdown2.o(.ARM.Collect$$libshutdown$$00000004)
    .ARM.Collect$$libshutdown$$00000007      0x00000146   Section        0  libshutdown2.o(.ARM.Collect$$libshutdown$$00000007)
    .ARM.Collect$$libshutdown$$0000000A      0x00000146   Section        0  libshutdown2.o(.ARM.Collect$$libshutdown$$0000000A)
    .ARM.Collect$$libshutdown$$0000000C      0x00000146   Section        0  libshutdown2.o(.ARM.Collect$$libshutdown$$0000000C)
    .ARM.Collect$$libshutdown$$0000000F      0x00000146   Section        0  libshutdown2.o(.ARM.Collect$$libshutdown$$0000000F)
    .ARM.Collect$$libshutdown$$00000010      0x00000146   Section        2  libshutdown2.o(.ARM.Collect$$libshutdown$$00000010)
    .ARM.Collect$$rtentry$$00000000          0x00000148   Section        0  __rtentry.o(.ARM.Collect$$rtentry$$00000000)
    .ARM.Collect$$rtentry$$00000002          0x00000148   Section        0  __rtentry2.o(.ARM.Collect$$rtentry$$00000002)
    .ARM.Collect$$rtentry$$00000004          0x00000148   Section        6  __rtentry4.o(.ARM.Collect$$rtentry$$00000004)
    .ARM.Collect$$rtentry$$00000008          0x0000014e   Section        8  __rtentry2.o(.ARM.Collect$$rtentry$$00000008)
    .ARM.Collect$$rtentry$$0000000A          0x00000156   Section        4  __rtentry2.o(.ARM.Collect$$rtentry$$0000000A)
    .ARM.Collect$$rtentry$$0000000C          0x0000015a   Section        0  __rtentry2.o(.ARM.Collect$$rtentry$$0000000C)
    .ARM.Collect$$rtentry$$0000000D          0x0000015a   Section        8  __rtentry2.o(.ARM.Collect$$rtentry$$0000000D)
    .ARM.Collect$$rtexit$$00000000           0x00000162   Section        2  rtexit.o(.ARM.Collect$$rtexit$$00000000)
    .ARM.Collect$$rtexit$$00000002           0x00000164   Section        0  rtexit2.o(.ARM.Collect$$rtexit$$00000002)
    .ARM.Collect$$rtexit$$00000003           0x00000164   Section        4  rtexit2.o(.ARM.Collect$$rtexit$$00000003)
    .ARM.Collect$$rtexit$$00000004           0x00000168   Section        6  rtexit2.o(.ARM.Collect$$rtexit$$00000004)
    .emb_text                                0x00000170   Section      150  port.o(.emb_text)
    .text                                    0x00000208   Section       60  startup_lpc17xx.o(.text)
    .text                                    0x00000244   Section      138  rt_memcpy_v6.o(.text)
    .text                                    0x000002ce   Section       16  aeabi_memset.o(.text)
    .text                                    0x000002de   Section        0  heapauxi.o(.text)
    .text                                    0x000002e4   Section        0  exit.o(.text)
    .text                                    0x000002f6   Section        2  use_no_semi.o(.text)
    .text                                    0x000002f8   Section        0  indicate_semi.o(.text)
    i._platform_post_stackheap_init          0x000002f8   Section        0  clib_arm.o(i._platform_post_stackheap_init)
    i.vApplicationStackOverflowHook          0x000002fa   Section        0  cmsis_os2.o(i.vApplicationStackOverflowHook)
    .ARM.__at_0x02FC                         0x000002fc   Section        4  startup_lpc17xx.o(.ARM.__at_0x02FC)
    .text                                    0x00000300   Section      100  rt_memcpy_w.o(.text)
    .text                                    0x00000364   Section       68  rt_memclr.o(.text)
    .text                                    0x000003a8   Section       78  rt_memclr_w.o(.text)
    .text                                    0x000003f6   Section       74  sys_stackheap_outer.o(.text)
    .text                                    0x00000440   Section        8  libspace.o(.text)
    .text                                    0x00000448   Section        0  sys_exit.o(.text)
    i.GPIO_PinRead                           0x00000454   Section        0  gpio_lpc17xx.o(i.GPIO_PinRead)
    i.GPIO_PinWrite                          0x00000474   Section        0  gpio_lpc17xx.o(i.GPIO_PinWrite)
    i.GPIO_SetDir                            0x0000049c   Section        0  gpio_lpc17xx.o(i.GPIO_SetDir)
    i.GetASCIICode                           0x000004d4   Section        0  asciilib.o(i.GetASCIICode)
    i.PIN_Configure                          0x00000500   Section        0  pin_lpc17xx.o(i.PIN_Configure)
    i.SysTick_Handler                        0x000005fc   Section        0  cmsis_os2.o(i.SysTick_Handler)
    i.SystemInit                             0x00000614   Section        0  system_lpc17xx.o(i.SystemInit)
    i.__get_BASEPRI                          0x00000754   Section        0  cmsis_os2.o(i.__get_BASEPRI)
    __get_BASEPRI                            0x00000755   Thumb Code     6  cmsis_os2.o(i.__get_BASEPRI)
    i.__get_IPSR                             0x0000075a   Section        0  cmsis_os2.o(i.__get_IPSR)
    __get_IPSR                               0x0000075b   Thumb Code     6  cmsis_os2.o(i.__get_IPSR)
    i.__get_PRIMASK                          0x00000760   Section        0  cmsis_os2.o(i.__get_PRIMASK)
    __get_PRIMASK                            0x00000761   Thumb Code     6  cmsis_os2.o(i.__get_PRIMASK)
    i._mutex_acquire                         0x00000766   Section        0  clib_arm.o(i._mutex_acquire)
    __tagsym$$used                           0x00000767   Number         0  clib_arm.o(i._mutex_acquire)
    i._mutex_free                            0x0000077c   Section        0  clib_arm.o(i._mutex_free)
    __tagsym$$used                           0x0000077d   Number         0  clib_arm.o(i._mutex_free)
    i._mutex_initialize                      0x000007b0   Section        0  clib_arm.o(i._mutex_initialize)
    __tagsym$$used                           0x000007b1   Number         0  clib_arm.o(i._mutex_initialize)
    i._mutex_release                         0x00000810   Section        0  clib_arm.o(i._mutex_release)
    __tagsym$$used                           0x00000811   Number         0  clib_arm.o(i._mutex_release)
    i.app_main                               0x00000828   Section        0  main.o(i.app_main)
    i.clearScreen                            0x00000844   Section        0  main.o(i.clearScreen)
    i.configure_lpc_rtc                      0x00000860   Section        0  main.o(i.configure_lpc_rtc)
    i.debugKeypadPrint                       0x0000086c   Section        0  main.o(i.debugKeypadPrint)
    i.delay_ms                               0x00000938   Section        0  lcd_ili9325.o(i.delay_ms)
    i.draw                                   0x00000956   Section        0  main.o(i.draw)
    i.drawLetter                             0x000009ae   Section        0  main.o(i.drawLetter)
    i.gpioSetup                              0x00000a04   Section        0  main.o(i.gpioSetup)
    i.init_ILI9325                           0x00000a80   Section        0  lcd_ili9325.o(i.init_ILI9325)
    i.keyboardScan                           0x00000c54   Section        0  main.o(i.keyboardScan)
    i.lcdConfiguration                       0x00000cc8   Section        0  open1768_lcd.o(i.lcdConfiguration)
    i.lcdSend                                0x00000cf0   Section        0  open1768_lcd.o(i.lcdSend)
    i.lcdSetCursor                           0x00000d1c   Section        0  open1768_lcd.o(i.lcdSetCursor)
    i.lcdWriteData                           0x00000d34   Section        0  open1768_lcd.o(i.lcdWriteData)
    i.lcdWriteIndex                          0x00000d6c   Section        0  open1768_lcd.o(i.lcdWriteIndex)
    i.lcdWriteReg                            0x00000dac   Section        0  open1768_lcd.o(i.lcdWriteReg)
    i.main                                   0x00000dc0   Section        0  main.o(i.main)
    i.osDelay                                0x00000df4   Section        0  cmsis_os2.o(i.osDelay)
    i.osKernelGetState                       0x00000e2c   Section        0  cmsis_os2.o(i.osKernelGetState)
    i.osKernelInitialize                     0x00000e60   Section        0  cmsis_os2.o(i.osKernelInitialize)
    i.osKernelStart                          0x00000ea0   Section        0  cmsis_os2.o(i.osKernelStart)
    i.osThreadNew                            0x00000f14   Section        0  cmsis_os2.o(i.osThreadNew)
    i.os_kernel_is_active                    0x00000fe8   Section        0  clib_arm.o(i.os_kernel_is_active)
    os_kernel_is_active                      0x00000fe9   Thumb Code    32  clib_arm.o(i.os_kernel_is_active)
    i.prvAddCurrentTaskToDelayedList         0x0000100c   Section        0  tasks.o(i.prvAddCurrentTaskToDelayedList)
    prvAddCurrentTaskToDelayedList           0x0000100d   Thumb Code   100  tasks.o(i.prvAddCurrentTaskToDelayedList)
    i.prvAddNewTaskToReadyList               0x00001088   Section        0  tasks.o(i.prvAddNewTaskToReadyList)
    prvAddNewTaskToReadyList                 0x00001089   Thumb Code   154  tasks.o(i.prvAddNewTaskToReadyList)
    i.prvCheckForValidListAndQueue           0x00001140   Section        0  timers.o(i.prvCheckForValidListAndQueue)
    prvCheckForValidListAndQueue             0x00001141   Thumb Code    62  timers.o(i.prvCheckForValidListAndQueue)
    i.prvCheckTasksWaitingTermination        0x0000119c   Section        0  tasks.o(i.prvCheckTasksWaitingTermination)
    prvCheckTasksWaitingTermination          0x0000119d   Thumb Code    60  tasks.o(i.prvCheckTasksWaitingTermination)
    i.prvCopyDataFromQueue                   0x000011e4   Section        0  queue.o(i.prvCopyDataFromQueue)
    prvCopyDataFromQueue                     0x000011e5   Thumb Code    42  queue.o(i.prvCopyDataFromQueue)
    i.prvCopyDataToQueue                     0x0000120e   Section        0  queue.o(i.prvCopyDataToQueue)
    prvCopyDataToQueue                       0x0000120f   Thumb Code   126  queue.o(i.prvCopyDataToQueue)
    i.prvDeleteTCB                           0x0000128c   Section        0  tasks.o(i.prvDeleteTCB)
    prvDeleteTCB                             0x0000128d   Thumb Code    40  tasks.o(i.prvDeleteTCB)
    i.prvGetDisinheritPriorityAfterTimeout   0x000012b4   Section        0  queue.o(i.prvGetDisinheritPriorityAfterTimeout)
    prvGetDisinheritPriorityAfterTimeout     0x000012b5   Thumb Code    20  queue.o(i.prvGetDisinheritPriorityAfterTimeout)
    i.prvGetNextExpireTime                   0x000012c8   Section        0  timers.o(i.prvGetNextExpireTime)
    prvGetNextExpireTime                     0x000012c9   Thumb Code    36  timers.o(i.prvGetNextExpireTime)
    i.prvHeapInit                            0x000012f0   Section        0  heap_4.o(i.prvHeapInit)
    prvHeapInit                              0x000012f1   Thumb Code    98  heap_4.o(i.prvHeapInit)
    i.prvIdleTask                            0x0000136c   Section        0  tasks.o(i.prvIdleTask)
    prvIdleTask                              0x0000136d   Thumb Code    32  tasks.o(i.prvIdleTask)
    i.prvInitialiseMutex                     0x00001394   Section        0  queue.o(i.prvInitialiseMutex)
    prvInitialiseMutex                       0x00001395   Thumb Code    30  queue.o(i.prvInitialiseMutex)
    i.prvInitialiseNewQueue                  0x000013b2   Section        0  queue.o(i.prvInitialiseNewQueue)
    prvInitialiseNewQueue                    0x000013b3   Thumb Code    42  queue.o(i.prvInitialiseNewQueue)
    i.prvInitialiseNewTask                   0x000013dc   Section        0  tasks.o(i.prvInitialiseNewTask)
    prvInitialiseNewTask                     0x000013dd   Thumb Code   154  tasks.o(i.prvInitialiseNewTask)
    i.prvInitialiseTaskLists                 0x00001478   Section        0  tasks.o(i.prvInitialiseTaskLists)
    prvInitialiseTaskLists                   0x00001479   Thumb Code    70  tasks.o(i.prvInitialiseTaskLists)
    i.prvInsertBlockIntoFreeList             0x000014e0   Section        0  heap_4.o(i.prvInsertBlockIntoFreeList)
    prvInsertBlockIntoFreeList               0x000014e1   Thumb Code    96  heap_4.o(i.prvInsertBlockIntoFreeList)
    i.prvInsertTimerInActiveList             0x00001548   Section        0  timers.o(i.prvInsertTimerInActiveList)
    prvInsertTimerInActiveList               0x00001549   Thumb Code    80  timers.o(i.prvInsertTimerInActiveList)
    i.prvIsQueueEmpty                        0x000015a0   Section        0  queue.o(i.prvIsQueueEmpty)
    prvIsQueueEmpty                          0x000015a1   Thumb Code    26  queue.o(i.prvIsQueueEmpty)
    i.prvIsQueueFull                         0x000015ba   Section        0  queue.o(i.prvIsQueueFull)
    prvIsQueueFull                           0x000015bb   Thumb Code    30  queue.o(i.prvIsQueueFull)
    i.prvProcessExpiredTimer                 0x000015d8   Section        0  timers.o(i.prvProcessExpiredTimer)
    prvProcessExpiredTimer                   0x000015d9   Thumb Code    86  timers.o(i.prvProcessExpiredTimer)
    i.prvProcessReceivedCommands             0x00001634   Section        0  timers.o(i.prvProcessReceivedCommands)
    prvProcessReceivedCommands               0x00001635   Thumb Code   264  timers.o(i.prvProcessReceivedCommands)
    i.prvProcessTimerOrBlockTask             0x00001740   Section        0  timers.o(i.prvProcessTimerOrBlockTask)
    prvProcessTimerOrBlockTask               0x00001741   Thumb Code   102  timers.o(i.prvProcessTimerOrBlockTask)
    i.prvResetNextTaskUnblockTime            0x000017b4   Section        0  tasks.o(i.prvResetNextTaskUnblockTime)
    prvResetNextTaskUnblockTime              0x000017b5   Thumb Code    42  tasks.o(i.prvResetNextTaskUnblockTime)
    i.prvSampleTimeNow                       0x000017e8   Section        0  timers.o(i.prvSampleTimeNow)
    prvSampleTimeNow                         0x000017e9   Thumb Code    40  timers.o(i.prvSampleTimeNow)
    i.prvSwitchTimerLists                    0x00001814   Section        0  timers.o(i.prvSwitchTimerLists)
    prvSwitchTimerLists                      0x00001815   Thumb Code   126  timers.o(i.prvSwitchTimerLists)
    i.prvTaskExitError                       0x0000189c   Section        0  port.o(i.prvTaskExitError)
    prvTaskExitError                         0x0000189d   Thumb Code    22  port.o(i.prvTaskExitError)
    i.prvTimerTask                           0x000018b2   Section        0  timers.o(i.prvTimerTask)
    prvTimerTask                             0x000018b3   Thumb Code    26  timers.o(i.prvTimerTask)
    i.prvUnlockQueue                         0x000018cc   Section        0  queue.o(i.prvUnlockQueue)
    prvUnlockQueue                           0x000018cd   Thumb Code   126  queue.o(i.prvUnlockQueue)
    i.pvPortMalloc                           0x0000194c   Section        0  heap_4.o(i.pvPortMalloc)
    i.pvTaskIncrementMutexHeldCount          0x00001a1c   Section        0  tasks.o(i.pvTaskIncrementMutexHeldCount)
    i.pxPortInitialiseStack                  0x00001a3c   Section        0  port.o(i.pxPortInitialiseStack)
    i.shoulPixelBeDrawn                      0x00001a60   Section        0  main.o(i.shoulPixelBeDrawn)
    i.uxListRemove                           0x00001a7e   Section        0  list.o(i.uxListRemove)
    i.vApplicationGetIdleTaskMemory          0x00001aa8   Section        0  cmsis_os2.o(i.vApplicationGetIdleTaskMemory)
    i.vApplicationGetTimerTaskMemory         0x00001ac0   Section        0  cmsis_os2.o(i.vApplicationGetTimerTaskMemory)
    i.vListInitialise                        0x00001ad8   Section        0  list.o(i.vListInitialise)
    i.vListInitialiseItem                    0x00001af2   Section        0  list.o(i.vListInitialiseItem)
    i.vListInsert                            0x00001af8   Section        0  list.o(i.vListInsert)
    i.vListInsertEnd                         0x00001b2c   Section        0  list.o(i.vListInsertEnd)
    i.vPortEnterCritical                     0x00001b44   Section        0  port.o(i.vPortEnterCritical)
    i.vPortExitCritical                      0x00001b68   Section        0  port.o(i.vPortExitCritical)
    i.vPortFree                              0x00001b88   Section        0  heap_4.o(i.vPortFree)
    i.vPortSetupTimerInterrupt               0x00001bd0   Section        0  port.o(i.vPortSetupTimerInterrupt)
    i.vQueueDelete                           0x00001bf8   Section        0  queue.o(i.vQueueDelete)
    i.vQueueWaitForMessageRestricted         0x00001c0c   Section        0  queue.o(i.vQueueWaitForMessageRestricted)
    i.vTaskDelay                             0x00001c58   Section        0  tasks.o(i.vTaskDelay)
    i.vTaskInternalSetTimeOutState           0x00001c8c   Section        0  tasks.o(i.vTaskInternalSetTimeOutState)
    i.vTaskMissedYield                       0x00001ca4   Section        0  tasks.o(i.vTaskMissedYield)
    i.vTaskPlaceOnEventList                  0x00001cb0   Section        0  tasks.o(i.vTaskPlaceOnEventList)
    i.vTaskPlaceOnEventListRestricted        0x00001cd0   Section        0  tasks.o(i.vTaskPlaceOnEventListRestricted)
    i.vTaskPriorityDisinheritAfterTimeout    0x00001cf8   Section        0  tasks.o(i.vTaskPriorityDisinheritAfterTimeout)
    i.vTaskStartScheduler                    0x00001d84   Section        0  tasks.o(i.vTaskStartScheduler)
    i.vTaskSuspendAll                        0x00001e18   Section        0  tasks.o(i.vTaskSuspendAll)
    i.vTaskSwitchContext                     0x00001e28   Section        0  tasks.o(i.vTaskSwitchContext)
    i.wait_delay                             0x00001ed8   Section        0  open1768_lcd.o(i.wait_delay)
    i.writeClockDate                         0x00001eec   Section        0  main.o(i.writeClockDate)
    i.writeDay                               0x00001f20   Section        0  main.o(i.writeDay)
    i.writeHour                              0x00001f78   Section        0  main.o(i.writeHour)
    i.writeKeypadInput                       0x00001fd0   Section        0  main.o(i.writeKeypadInput)
    i.writeLetters                           0x00002000   Section        0  main.o(i.writeLetters)
    i.writeMinute                            0x00002050   Section        0  main.o(i.writeMinute)
    i.writeMonth                             0x000020a8   Section        0  main.o(i.writeMonth)
    i.writeSec                               0x00002100   Section        0  main.o(i.writeSec)
    i.writeYear                              0x00002158   Section        0  main.o(i.writeYear)
    i.xPortStartScheduler                    0x000021e0   Section        0  port.o(i.xPortStartScheduler)
    i.xPortSysTickHandler                    0x00002214   Section        0  port.o(i.xPortSysTickHandler)
    i.xQueueCreateMutex                      0x00002248   Section        0  queue.o(i.xQueueCreateMutex)
    i.xQueueCreateMutexStatic                0x0000226a   Section        0  queue.o(i.xQueueCreateMutexStatic)
    i.xQueueGenericCreate                    0x00002294   Section        0  queue.o(i.xQueueGenericCreate)
    i.xQueueGenericCreateStatic              0x000022d4   Section        0  queue.o(i.xQueueGenericCreateStatic)
    i.xQueueGenericReset                     0x00002304   Section        0  queue.o(i.xQueueGenericReset)
    i.xQueueGenericSend                      0x00002384   Section        0  queue.o(i.xQueueGenericSend)
    i.xQueueGenericSendFromISR               0x0000249c   Section        0  queue.o(i.xQueueGenericSendFromISR)
    i.xQueueReceive                          0x00002524   Section        0  queue.o(i.xQueueReceive)
    i.xQueueSemaphoreTake                    0x00002628   Section        0  queue.o(i.xQueueSemaphoreTake)
    i.xTaskCheckForTimeOut                   0x00002758   Section        0  tasks.o(i.xTaskCheckForTimeOut)
    i.xTaskCreate                            0x000027b4   Section        0  tasks.o(i.xTaskCreate)
    i.xTaskCreateStatic                      0x00002818   Section        0  tasks.o(i.xTaskCreateStatic)
    i.xTaskGetSchedulerState                 0x00002868   Section        0  tasks.o(i.xTaskGetSchedulerState)
    i.xTaskGetTickCount                      0x00002888   Section        0  tasks.o(i.xTaskGetTickCount)
    i.xTaskIncrementTick                     0x00002894   Section        0  tasks.o(i.xTaskIncrementTick)
    i.xTaskPriorityDisinherit                0x000029ac   Section        0  tasks.o(i.xTaskPriorityDisinherit)
    i.xTaskPriorityInherit                   0x00002a0c   Section        0  tasks.o(i.xTaskPriorityInherit)
    i.xTaskRemoveFromEventList               0x00002ab0   Section        0  tasks.o(i.xTaskRemoveFromEventList)
    i.xTaskResumeAll                         0x00002b30   Section        0  tasks.o(i.xTaskResumeAll)
    i.xTimerCreateTimerTask                  0x00002c18   Section        0  timers.o(i.xTimerCreateTimerTask)
    i.xTimerGenericCommand                   0x00002c78   Section        0  timers.o(i.xTimerGenericCommand)
    .constdata                               0x00002ce4   Section     3040  asciilib.o(.constdata)
    AsciiLib                                 0x00002ce4   Data        3040  asciilib.o(.constdata)
    .constdata                               0x000038c4   Section      144  main.o(.constdata)
    ROW_PINS                                 0x000038c4   Data           8  main.o(.constdata)
    COL_PINS                                 0x000038cc   Data           8  main.o(.constdata)
    KEYBOARD_MAP                             0x000038d4   Data          16  main.o(.constdata)
    KEYPAD_VALUES                            0x000038e4   Data          64  main.o(.constdata)
    .bss                                     0x10000000   Section     8192  heap_4.o(.bss)
    ucHeap                                   0x10000000   Data        8192  heap_4.o(.bss)
    .data                                    0x2007c000   Section        1  clib_arm.o(.data)
    os_kernel_active                         0x2007c000   Data           1  clib_arm.o(.data)
    .data                                    0x2007c004   Section        4  cmsis_os2.o(.data)
    KernelState                              0x2007c004   Data           4  cmsis_os2.o(.data)
    .data                                    0x2007c008   Section        4  system_lpc17xx.o(.data)
    .data                                    0x2007c00c   Section       24  heap_4.o(.data)
    xStart                                   0x2007c00c   Data           8  heap_4.o(.data)
    pxEnd                                    0x2007c014   Data           4  heap_4.o(.data)
    xFreeBytesRemaining                      0x2007c018   Data           4  heap_4.o(.data)
    xMinimumEverFreeBytesRemaining           0x2007c01c   Data           4  heap_4.o(.data)
    xBlockAllocatedBit                       0x2007c020   Data           4  heap_4.o(.data)
    .data                                    0x2007c024   Section        4  port.o(.data)
    uxCriticalNesting                        0x2007c024   Data           4  port.o(.data)
    .data                                    0x2007c028   Section       60  tasks.o(.data)
    pxDelayedTaskList                        0x2007c02c   Data           4  tasks.o(.data)
    pxOverflowDelayedTaskList                0x2007c030   Data           4  tasks.o(.data)
    uxDeletedTasksWaitingCleanUp             0x2007c034   Data           4  tasks.o(.data)
    uxCurrentNumberOfTasks                   0x2007c038   Data           4  tasks.o(.data)
    xTickCount                               0x2007c03c   Data           4  tasks.o(.data)
    uxTopReadyPriority                       0x2007c040   Data           4  tasks.o(.data)
    xSchedulerRunning                        0x2007c044   Data           4  tasks.o(.data)
    uxPendedTicks                            0x2007c048   Data           4  tasks.o(.data)
    xYieldPending                            0x2007c04c   Data           4  tasks.o(.data)
    xNumOfOverflows                          0x2007c050   Data           4  tasks.o(.data)
    uxTaskNumber                             0x2007c054   Data           4  tasks.o(.data)
    xNextTaskUnblockTime                     0x2007c058   Data           4  tasks.o(.data)
    xIdleTaskHandle                          0x2007c05c   Data           4  tasks.o(.data)
    uxSchedulerSuspended                     0x2007c060   Data           4  tasks.o(.data)
    .data                                    0x2007c064   Section       20  timers.o(.data)
    pxCurrentTimerList                       0x2007c064   Data           4  timers.o(.data)
    pxOverflowTimerList                      0x2007c068   Data           4  timers.o(.data)
    xTimerQueue                              0x2007c06c   Data           4  timers.o(.data)
    xTimerTaskHandle                         0x2007c070   Data           4  timers.o(.data)
    xLastTime                                0x2007c074   Data           4  timers.o(.data)
    .bss                                     0x2007c078   Section      916  clib_arm.o(.bss)
    os_libspace                              0x2007c078   Data         480  clib_arm.o(.bss)
    os_libspace_id                           0x2007c258   Data          16  clib_arm.o(.bss)
    clib_mutex_cb                            0x2007c268   Data         400  clib_arm.o(.bss)
    clib_mutex_id                            0x2007c3f8   Data          20  clib_arm.o(.bss)
    .bss                                     0x2007c40c   Section     1016  cmsis_os2.o(.bss)
    Idle_TCB                                 0x2007c40c   Data          92  cmsis_os2.o(.bss)
    Idle_Stack                               0x2007c468   Data         512  cmsis_os2.o(.bss)
    Timer_TCB                                0x2007c668   Data          92  cmsis_os2.o(.bss)
    Timer_Stack                              0x2007c6c4   Data         320  cmsis_os2.o(.bss)
    .bss                                     0x2007c804   Section     1220  tasks.o(.bss)
    pxReadyTasksLists                        0x2007c804   Data        1120  tasks.o(.bss)
    xDelayedTaskList1                        0x2007cc64   Data          20  tasks.o(.bss)
    xDelayedTaskList2                        0x2007cc78   Data          20  tasks.o(.bss)
    xPendingReadyList                        0x2007cc8c   Data          20  tasks.o(.bss)
    xTasksWaitingTermination                 0x2007cca0   Data          20  tasks.o(.bss)
    xSuspendedTaskList                       0x2007ccb4   Data          20  tasks.o(.bss)
    .bss                                     0x2007ccc8   Section      200  timers.o(.bss)
    xActiveTimerList1                        0x2007ccc8   Data          20  timers.o(.bss)
    xActiveTimerList2                        0x2007ccdc   Data          20  timers.o(.bss)
    xStaticTimerQueue                        0x2007ccf0   Data          80  timers.o(.bss)
    ucStaticTimerQueueStorage                0x2007cd40   Data          80  timers.o(.bss)
    .bss                                     0x2007cd90   Section       96  libspace.o(.bss)
    HEAP                                     0x2007cdf0   Section        0  startup_lpc17xx.o(HEAP)
    STACK                                    0x2007cdf0   Section      512  startup_lpc17xx.o(STACK)
    Heap_Mem                                 0x2007cdf0   Data           0  startup_lpc17xx.o(HEAP)
    Stack_Mem                                0x2007cdf0   Data         512  startup_lpc17xx.o(STACK)
    __initial_sp                             0x2007cff0   Data           0  startup_lpc17xx.o(STACK)

    Global Symbols

    Symbol Name                              Value     Ov Type        Size  Object(Section)

    BuildAttributes$$THM_ISAv4$P$D$K$B$S$PE$A:L22UL41UL21$X:L11$S22US41US21$IEEE1$IW$USESV6$~STKCKD$USESV7$~SHL$OSPACE$ROPI$EBA8$UX$STANDARDLIB$REQ8$PRES8$EABIv2 0x00000000   Number         0  anon$$obj.o ABSOLUTE
    __ARM_use_no_argv                        0x00000000   Number         0  main.o ABSOLUTE
    __Vectors                                0x00000000   Data           4  startup_lpc17xx.o(RESET)
    __ARM_exceptions_init                     - Undefined Weak Reference
    __alloca_initialize                       - Undefined Weak Reference
    __arm_preinit_                            - Undefined Weak Reference
    __cpp_initialize__aeabi_                  - Undefined Weak Reference
    __cxa_finalize                            - Undefined Weak Reference
    __rt_locale                               - Undefined Weak Reference
    __sigvec_lookup                           - Undefined Weak Reference
    _atexit_init                              - Undefined Weak Reference
    _call_atexit_fns                          - Undefined Weak Reference
    _clock_init                               - Undefined Weak Reference
    _fp_trap_init                             - Undefined Weak Reference
    _fp_trap_shutdown                         - Undefined Weak Reference
    _get_lc_collate                           - Undefined Weak Reference
    _get_lc_ctype                             - Undefined Weak Reference
    _get_lc_monetary                          - Undefined Weak Reference
    _get_lc_numeric                           - Undefined Weak Reference
    _get_lc_time                              - Undefined Weak Reference
    _getenv_init                              - Undefined Weak Reference
    _handle_redirection                       - Undefined Weak Reference
    _init_alloc                               - Undefined Weak Reference
    _init_user_alloc                          - Undefined Weak Reference
    _initio                                   - Undefined Weak Reference
    _rand_init                                - Undefined Weak Reference
    _signal_finish                            - Undefined Weak Reference
    _signal_init                              - Undefined Weak Reference
    _terminate_alloc                          - Undefined Weak Reference
    _terminate_user_alloc                     - Undefined Weak Reference
    _terminateio                              - Undefined Weak Reference
    __main                                   0x000000cd   Thumb Code     8  __main.o(!!!main)
    __scatterload                            0x000000d5   Thumb Code     0  __scatter.o(!!!scatter)
    __scatterload_rt2                        0x000000d5   Thumb Code    44  __scatter.o(!!!scatter)
    __scatterload_rt2_thumb_only             0x000000d5   Thumb Code     0  __scatter.o(!!!scatter)
    __scatterload_null                       0x000000e3   Thumb Code     0  __scatter.o(!!!scatter)
    __scatterload_copy                       0x00000109   Thumb Code    26  __scatter_copy.o(!!handler_copy)
    __scatterload_zeroinit                   0x00000125   Thumb Code    28  __scatter_zi.o(!!handler_zi)
    __rt_lib_init                            0x00000141   Thumb Code     0  libinit.o(.ARM.Collect$$libinit$$00000000)
    __rt_lib_init_alloca_1                   0x00000143   Thumb Code     0  libinit2.o(.ARM.Collect$$libinit$$0000002E)
    __rt_lib_init_argv_1                     0x00000143   Thumb Code     0  libinit2.o(.ARM.Collect$$libinit$$0000002C)
    __rt_lib_init_atexit_1                   0x00000143   Thumb Code     0  libinit2.o(.ARM.Collect$$libinit$$0000001B)
    __rt_lib_init_clock_1                    0x00000143   Thumb Code     0  libinit2.o(.ARM.Collect$$libinit$$00000021)
    __rt_lib_init_cpp_1                      0x00000143   Thumb Code     0  libinit2.o(.ARM.Collect$$libinit$$00000032)
    __rt_lib_init_exceptions_1               0x00000143   Thumb Code     0  libinit2.o(.ARM.Collect$$libinit$$00000030)
    __rt_lib_init_fp_1                       0x00000143   Thumb Code     0  libinit2.o(.ARM.Collect$$libinit$$00000002)
    __rt_lib_init_fp_trap_1                  0x00000143   Thumb Code     0  libinit2.o(.ARM.Collect$$libinit$$0000001F)
    __rt_lib_init_getenv_1                   0x00000143   Thumb Code     0  libinit2.o(.ARM.Collect$$libinit$$00000023)
    __rt_lib_init_heap_1                     0x00000143   Thumb Code     0  libinit2.o(.ARM.Collect$$libinit$$0000000A)
    __rt_lib_init_lc_collate_1               0x00000143   Thumb Code     0  libinit2.o(.ARM.Collect$$libinit$$00000011)
    __rt_lib_init_lc_ctype_1                 0x00000143   Thumb Code     0  libinit2.o(.ARM.Collect$$libinit$$00000013)
    __rt_lib_init_lc_monetary_1              0x00000143   Thumb Code     0  libinit2.o(.ARM.Collect$$libinit$$00000015)
    __rt_lib_init_lc_numeric_1               0x00000143   Thumb Code     0  libinit2.o(.ARM.Collect$$libinit$$00000017)
    __rt_lib_init_lc_time_1                  0x00000143   Thumb Code     0  libinit2.o(.ARM.Collect$$libinit$$00000019)
    __rt_lib_init_preinit_1                  0x00000143   Thumb Code     0  libinit2.o(.ARM.Collect$$libinit$$00000004)
    __rt_lib_init_rand_1                     0x00000143   Thumb Code     0  libinit2.o(.ARM.Collect$$libinit$$0000000E)
    __rt_lib_init_return                     0x00000143   Thumb Code     0  libinit2.o(.ARM.Collect$$libinit$$00000033)
    __rt_lib_init_signal_1                   0x00000143   Thumb Code     0  libinit2.o(.ARM.Collect$$libinit$$0000001D)
    __rt_lib_init_stdio_1                    0x00000143   Thumb Code     0  libinit2.o(.ARM.Collect$$libinit$$00000025)
    __rt_lib_init_user_alloc_1               0x00000143   Thumb Code     0  libinit2.o(.ARM.Collect$$libinit$$0000000C)
    __rt_lib_shutdown                        0x00000145   Thumb Code     0  libshutdown.o(.ARM.Collect$$libshutdown$$00000000)
    __rt_lib_shutdown_cpp_1                  0x00000147   Thumb Code     0  libshutdown2.o(.ARM.Collect$$libshutdown$$00000002)
    __rt_lib_shutdown_fp_trap_1              0x00000147   Thumb Code     0  libshutdown2.o(.ARM.Collect$$libshutdown$$00000007)
    __rt_lib_shutdown_heap_1                 0x00000147   Thumb Code     0  libshutdown2.o(.ARM.Collect$$libshutdown$$0000000F)
    __rt_lib_shutdown_return                 0x00000147   Thumb Code     0  libshutdown2.o(.ARM.Collect$$libshutdown$$00000010)
    __rt_lib_shutdown_signal_1               0x00000147   Thumb Code     0  libshutdown2.o(.ARM.Collect$$libshutdown$$0000000A)
    __rt_lib_shutdown_stdio_1                0x00000147   Thumb Code     0  libshutdown2.o(.ARM.Collect$$libshutdown$$00000004)
    __rt_lib_shutdown_user_alloc_1           0x00000147   Thumb Code     0  libshutdown2.o(.ARM.Collect$$libshutdown$$0000000C)
    __rt_entry                               0x00000149   Thumb Code     0  __rtentry.o(.ARM.Collect$$rtentry$$00000000)
    __rt_entry_presh_1                       0x00000149   Thumb Code     0  __rtentry2.o(.ARM.Collect$$rtentry$$00000002)
    __rt_entry_sh                            0x00000149   Thumb Code     0  __rtentry4.o(.ARM.Collect$$rtentry$$00000004)
    __rt_entry_postsh_1                      0x0000014f   Thumb Code     0  __rtentry2.o(.ARM.Collect$$rtentry$$00000008)
    __rt_entry_li                            0x00000157   Thumb Code     0  __rtentry2.o(.ARM.Collect$$rtentry$$0000000A)
    __rt_entry_main                          0x0000015b   Thumb Code     0  __rtentry2.o(.ARM.Collect$$rtentry$$0000000D)
    __rt_entry_postli_1                      0x0000015b   Thumb Code     0  __rtentry2.o(.ARM.Collect$$rtentry$$0000000C)
    __rt_exit                                0x00000163   Thumb Code     0  rtexit.o(.ARM.Collect$$rtexit$$00000000)
    __rt_exit_ls                             0x00000165   Thumb Code     0  rtexit2.o(.ARM.Collect$$rtexit$$00000003)
    __rt_exit_prels_1                        0x00000165   Thumb Code     0  rtexit2.o(.ARM.Collect$$rtexit$$00000002)
    __rt_exit_exit                           0x00000169   Thumb Code     0  rtexit2.o(.ARM.Collect$$rtexit$$00000004)
    SVC_Handler                              0x00000171   Thumb Code    32  port.o(.emb_text)
    __asm___6_port_c_39a90d8d__prvStartFirstTask 0x00000195   Thumb Code    28  port.o(.emb_text)
    PendSV_Handler                           0x000001b5   Thumb Code    72  port.o(.emb_text)
    vPortGetIPSR                             0x00000201   Thumb Code     6  port.o(.emb_text)
    Reset_Handler                            0x00000209   Thumb Code     8  startup_lpc17xx.o(.text)
    NMI_Handler                              0x00000211   Thumb Code     2  startup_lpc17xx.o(.text)
    HardFault_Handler                        0x00000213   Thumb Code     2  startup_lpc17xx.o(.text)
    MemManage_Handler                        0x00000215   Thumb Code     2  startup_lpc17xx.o(.text)
    BusFault_Handler                         0x00000217   Thumb Code     2  startup_lpc17xx.o(.text)
    UsageFault_Handler                       0x00000219   Thumb Code     2  startup_lpc17xx.o(.text)
    DebugMon_Handler                         0x0000021d   Thumb Code     2  startup_lpc17xx.o(.text)
    ADC_IRQHandler                           0x00000223   Thumb Code     0  startup_lpc17xx.o(.text)
    BOD_IRQHandler                           0x00000223   Thumb Code     0  startup_lpc17xx.o(.text)
    CANActivity_IRQHandler                   0x00000223   Thumb Code     0  startup_lpc17xx.o(.text)
    CAN_IRQHandler                           0x00000223   Thumb Code     0  startup_lpc17xx.o(.text)
    DMA_IRQHandler                           0x00000223   Thumb Code     0  startup_lpc17xx.o(.text)
    EINT0_IRQHandler                         0x00000223   Thumb Code     0  startup_lpc17xx.o(.text)
    EINT1_IRQHandler                         0x00000223   Thumb Code     0  startup_lpc17xx.o(.text)
    EINT2_IRQHandler                         0x00000223   Thumb Code     0  startup_lpc17xx.o(.text)
    EINT3_IRQHandler                         0x00000223   Thumb Code     0  startup_lpc17xx.o(.text)
    ENET_IRQHandler                          0x00000223   Thumb Code     0  startup_lpc17xx.o(.text)
    I2C0_IRQHandler                          0x00000223   Thumb Code     0  startup_lpc17xx.o(.text)
    I2C1_IRQHandler                          0x00000223   Thumb Code     0  startup_lpc17xx.o(.text)
    I2C2_IRQHandler                          0x00000223   Thumb Code     0  startup_lpc17xx.o(.text)
    I2S_IRQHandler                           0x00000223   Thumb Code     0  startup_lpc17xx.o(.text)
    MCPWM_IRQHandler                         0x00000223   Thumb Code     0  startup_lpc17xx.o(.text)
    PLL0_IRQHandler                          0x00000223   Thumb Code     0  startup_lpc17xx.o(.text)
    PLL1_IRQHandler                          0x00000223   Thumb Code     0  startup_lpc17xx.o(.text)
    PWM1_IRQHandler                          0x00000223   Thumb Code     0  startup_lpc17xx.o(.text)
    QEI_IRQHandler                           0x00000223   Thumb Code     0  startup_lpc17xx.o(.text)
    RIT_IRQHandler                           0x00000223   Thumb Code     0  startup_lpc17xx.o(.text)
    RTC_IRQHandler                           0x00000223   Thumb Code     0  startup_lpc17xx.o(.text)
    SPI_IRQHandler                           0x00000223   Thumb Code     0  startup_lpc17xx.o(.text)
    SSP0_IRQHandler                          0x00000223   Thumb Code     0  startup_lpc17xx.o(.text)
    SSP1_IRQHandler                          0x00000223   Thumb Code     0  startup_lpc17xx.o(.text)
    TIMER0_IRQHandler                        0x00000223   Thumb Code     0  startup_lpc17xx.o(.text)
    TIMER1_IRQHandler                        0x00000223   Thumb Code     0  startup_lpc17xx.o(.text)
    TIMER2_IRQHandler                        0x00000223   Thumb Code     0  startup_lpc17xx.o(.text)
    TIMER3_IRQHandler                        0x00000223   Thumb Code     0  startup_lpc17xx.o(.text)
    UART0_IRQHandler                         0x00000223   Thumb Code     0  startup_lpc17xx.o(.text)
    UART1_IRQHandler                         0x00000223   Thumb Code     0  startup_lpc17xx.o(.text)
    UART2_IRQHandler                         0x00000223   Thumb Code     0  startup_lpc17xx.o(.text)
    UART3_IRQHandler                         0x00000223   Thumb Code     0  startup_lpc17xx.o(.text)
    USBActivity_IRQHandler                   0x00000223   Thumb Code     0  startup_lpc17xx.o(.text)
    USB_IRQHandler                           0x00000223   Thumb Code     0  startup_lpc17xx.o(.text)
    WDT_IRQHandler                           0x00000223   Thumb Code     0  startup_lpc17xx.o(.text)
    __user_initial_stackheap                 0x00000225   Thumb Code     0  startup_lpc17xx.o(.text)
    __aeabi_memcpy                           0x00000245   Thumb Code     0  rt_memcpy_v6.o(.text)
    __rt_memcpy                              0x00000245   Thumb Code   138  rt_memcpy_v6.o(.text)
    _memcpy_lastbytes                        0x000002ab   Thumb Code     0  rt_memcpy_v6.o(.text)
    __aeabi_memset                           0x000002cf   Thumb Code    16  aeabi_memset.o(.text)
    __use_two_region_memory                  0x000002df   Thumb Code     2  heapauxi.o(.text)
    __rt_heap_escrow$2region                 0x000002e1   Thumb Code     2  heapauxi.o(.text)
    __rt_heap_expand$2region                 0x000002e3   Thumb Code     2  heapauxi.o(.text)
    exit                                     0x000002e5   Thumb Code    18  exit.o(.text)
    __I$use$semihosting                      0x000002f7   Thumb Code     0  use_no_semi.o(.text)
    __use_no_semihosting_swi                 0x000002f7   Thumb Code     2  use_no_semi.o(.text)
    __semihosting_library_function           0x000002f9   Thumb Code     0  indicate_semi.o(.text)
    _platform_post_stackheap_init            0x000002f9   Thumb Code     2  clib_arm.o(i._platform_post_stackheap_init)
    vApplicationStackOverflowHook            0x000002fb   Thumb Code     2  cmsis_os2.o(i.vApplicationStackOverflowHook)
    __aeabi_memcpy4                          0x00000301   Thumb Code     0  rt_memcpy_w.o(.text)
    __aeabi_memcpy8                          0x00000301   Thumb Code     0  rt_memcpy_w.o(.text)
    __rt_memcpy_w                            0x00000301   Thumb Code   100  rt_memcpy_w.o(.text)
    _memcpy_lastbytes_aligned                0x00000349   Thumb Code     0  rt_memcpy_w.o(.text)
    __aeabi_memclr                           0x00000365   Thumb Code     0  rt_memclr.o(.text)
    __rt_memclr                              0x00000365   Thumb Code    68  rt_memclr.o(.text)
    _memset                                  0x00000369   Thumb Code     0  rt_memclr.o(.text)
    __aeabi_memclr4                          0x000003a9   Thumb Code     0  rt_memclr_w.o(.text)
    __aeabi_memclr8                          0x000003a9   Thumb Code     0  rt_memclr_w.o(.text)
    __rt_memclr_w                            0x000003a9   Thumb Code    78  rt_memclr_w.o(.text)
    _memset_w                                0x000003ad   Thumb Code     0  rt_memclr_w.o(.text)
    __user_setup_stackheap                   0x000003f7   Thumb Code    74  sys_stackheap_outer.o(.text)
    __user_libspace                          0x00000441   Thumb Code     8  libspace.o(.text)
    __user_perproc_libspace                  0x00000441   Thumb Code     0  libspace.o(.text)
    _sys_exit                                0x00000449   Thumb Code     8  sys_exit.o(.text)
    GPIO_PinRead                             0x00000455   Thumb Code    28  gpio_lpc17xx.o(i.GPIO_PinRead)
    GPIO_PinWrite                            0x00000475   Thumb Code    36  gpio_lpc17xx.o(i.GPIO_PinWrite)
    GPIO_SetDir                              0x0000049d   Thumb Code    52  gpio_lpc17xx.o(i.GPIO_SetDir)
    GetASCIICode                             0x000004d5   Thumb Code    40  asciilib.o(i.GetASCIICode)
    PIN_Configure                            0x00000501   Thumb Code   246  pin_lpc17xx.o(i.PIN_Configure)
    SysTick_Handler                          0x000005fd   Thumb Code    22  cmsis_os2.o(i.SysTick_Handler)
    SystemInit                               0x00000615   Thumb Code   302  system_lpc17xx.o(i.SystemInit)
    _mutex_acquire                           0x00000767   Thumb Code    22  clib_arm.o(i._mutex_acquire)
    _mutex_free                              0x0000077d   Thumb Code    46  clib_arm.o(i._mutex_free)
    _mutex_initialize                        0x000007b1   Thumb Code    86  clib_arm.o(i._mutex_initialize)
    _mutex_release                           0x00000811   Thumb Code    24  clib_arm.o(i._mutex_release)
    app_main                                 0x00000829   Thumb Code    26  main.o(i.app_main)
    clearScreen                              0x00000845   Thumb Code    22  main.o(i.clearScreen)
    configure_lpc_rtc                        0x00000861   Thumb Code     8  main.o(i.configure_lpc_rtc)
    debugKeypadPrint                         0x0000086d   Thumb Code   190  main.o(i.debugKeypadPrint)
    delay_ms                                 0x00000939   Thumb Code    30  lcd_ili9325.o(i.delay_ms)
    draw                                     0x00000957   Thumb Code    88  main.o(i.draw)
    drawLetter                               0x000009af   Thumb Code    86  main.o(i.drawLetter)
    gpioSetup                                0x00000a05   Thumb Code   116  main.o(i.gpioSetup)
    init_ILI9325                             0x00000a81   Thumb Code   468  lcd_ili9325.o(i.init_ILI9325)
    keyboardScan                             0x00000c55   Thumb Code   106  main.o(i.keyboardScan)
    lcdConfiguration                         0x00000cc9   Thumb Code    36  open1768_lcd.o(i.lcdConfiguration)
    lcdSend                                  0x00000cf1   Thumb Code    40  open1768_lcd.o(i.lcdSend)
    lcdSetCursor                             0x00000d1d   Thumb Code    24  open1768_lcd.o(i.lcdSetCursor)
    lcdWriteData                             0x00000d35   Thumb Code    50  open1768_lcd.o(i.lcdWriteData)
    lcdWriteIndex                            0x00000d6d   Thumb Code    60  open1768_lcd.o(i.lcdWriteIndex)
    lcdWriteReg                              0x00000dad   Thumb Code    20  open1768_lcd.o(i.lcdWriteReg)
    main                                     0x00000dc1   Thumb Code    48  main.o(i.main)
    osDelay                                  0x00000df5   Thumb Code    50  cmsis_os2.o(i.osDelay)
    osKernelGetState                         0x00000e2d   Thumb Code    48  cmsis_os2.o(i.osKernelGetState)
    osKernelInitialize                       0x00000e61   Thumb Code    58  cmsis_os2.o(i.osKernelInitialize)
    osKernelStart                            0x00000ea1   Thumb Code   102  cmsis_os2.o(i.osKernelStart)
    osThreadNew                              0x00000f15   Thumb Code   208  cmsis_os2.o(i.osThreadNew)
    pvPortMalloc                             0x0000194d   Thumb Code   188  heap_4.o(i.pvPortMalloc)
    pvTaskIncrementMutexHeldCount            0x00001a1d   Thumb Code    26  tasks.o(i.pvTaskIncrementMutexHeldCount)
    pxPortInitialiseStack                    0x00001a3d   Thumb Code    30  port.o(i.pxPortInitialiseStack)
    shoulPixelBeDrawn                        0x00001a61   Thumb Code    30  main.o(i.shoulPixelBeDrawn)
    uxListRemove                             0x00001a7f   Thumb Code    40  list.o(i.uxListRemove)
    vApplicationGetIdleTaskMemory            0x00001aa9   Thumb Code    14  cmsis_os2.o(i.vApplicationGetIdleTaskMemory)
    vApplicationGetTimerTaskMemory           0x00001ac1   Thumb Code    14  cmsis_os2.o(i.vApplicationGetTimerTaskMemory)
    vListInitialise                          0x00001ad9   Thumb Code    26  list.o(i.vListInitialise)
    vListInitialiseItem                      0x00001af3   Thumb Code     6  list.o(i.vListInitialiseItem)
    vListInsert                              0x00001af9   Thumb Code    52  list.o(i.vListInsert)
    vListInsertEnd                           0x00001b2d   Thumb Code    24  list.o(i.vListInsertEnd)
    vPortEnterCritical                       0x00001b45   Thumb Code    30  port.o(i.vPortEnterCritical)
    vPortExitCritical                        0x00001b69   Thumb Code    28  port.o(i.vPortExitCritical)
    vPortFree                                0x00001b89   Thumb Code    64  heap_4.o(i.vPortFree)
    vPortSetupTimerInterrupt                 0x00001bd1   Thumb Code    36  port.o(i.vPortSetupTimerInterrupt)
    vQueueDelete                             0x00001bf9   Thumb Code    20  queue.o(i.vQueueDelete)
    vQueueWaitForMessageRestricted           0x00001c0d   Thumb Code    74  queue.o(i.vQueueWaitForMessageRestricted)
    vTaskDelay                               0x00001c59   Thumb Code    46  tasks.o(i.vTaskDelay)
    vTaskInternalSetTimeOutState             0x00001c8d   Thumb Code    14  tasks.o(i.vTaskInternalSetTimeOutState)
    vTaskMissedYield                         0x00001ca5   Thumb Code     8  tasks.o(i.vTaskMissedYield)
    vTaskPlaceOnEventList                    0x00001cb1   Thumb Code    28  tasks.o(i.vTaskPlaceOnEventList)
    vTaskPlaceOnEventListRestricted          0x00001cd1   Thumb Code    36  tasks.o(i.vTaskPlaceOnEventListRestricted)
    vTaskPriorityDisinheritAfterTimeout      0x00001cf9   Thumb Code   130  tasks.o(i.vTaskPriorityDisinheritAfterTimeout)
    vTaskStartScheduler                      0x00001d85   Thumb Code   120  tasks.o(i.vTaskStartScheduler)
    vTaskSuspendAll                          0x00001e19   Thumb Code    12  tasks.o(i.vTaskSuspendAll)
    vTaskSwitchContext                       0x00001e29   Thumb Code   154  tasks.o(i.vTaskSwitchContext)
    wait_delay                               0x00001ed9   Thumb Code    18  open1768_lcd.o(i.wait_delay)
    writeClockDate                           0x00001eed   Thumb Code    48  main.o(i.writeClockDate)
    writeDay                                 0x00001f21   Thumb Code    80  main.o(i.writeDay)
    writeHour                                0x00001f79   Thumb Code    80  main.o(i.writeHour)
    writeKeypadInput                         0x00001fd1   Thumb Code    40  main.o(i.writeKeypadInput)
    writeLetters                             0x00002001   Thumb Code    80  main.o(i.writeLetters)
    writeMinute                              0x00002051   Thumb Code    80  main.o(i.writeMinute)
    writeMonth                               0x000020a9   Thumb Code    80  main.o(i.writeMonth)
    writeSec                                 0x00002101   Thumb Code    80  main.o(i.writeSec)
    writeYear                                0x00002159   Thumb Code   124  main.o(i.writeYear)
    xPortStartScheduler                      0x000021e1   Thumb Code    42  port.o(i.xPortStartScheduler)
    xPortSysTickHandler                      0x00002215   Thumb Code    46  port.o(i.xPortSysTickHandler)
    xQueueCreateMutex                        0x00002249   Thumb Code    34  queue.o(i.xQueueCreateMutex)
    xQueueCreateMutexStatic                  0x0000226b   Thumb Code    42  queue.o(i.xQueueCreateMutexStatic)
    xQueueGenericCreate                      0x00002295   Thumb Code    64  queue.o(i.xQueueGenericCreate)
    xQueueGenericCreateStatic                0x000022d5   Thumb Code    46  queue.o(i.xQueueGenericCreateStatic)
    xQueueGenericReset                       0x00002305   Thumb Code   122  queue.o(i.xQueueGenericReset)
    xQueueGenericSend                        0x00002385   Thumb Code   276  queue.o(i.xQueueGenericSend)
    xQueueGenericSendFromISR                 0x0000249d   Thumb Code   134  queue.o(i.xQueueGenericSendFromISR)
    xQueueReceive                            0x00002525   Thumb Code   256  queue.o(i.xQueueReceive)
    xQueueSemaphoreTake                      0x00002629   Thumb Code   300  queue.o(i.xQueueSemaphoreTake)
    xTaskCheckForTimeOut                     0x00002759   Thumb Code    84  tasks.o(i.xTaskCheckForTimeOut)
    xTaskCreate                              0x000027b5   Thumb Code   100  tasks.o(i.xTaskCreate)
    xTaskCreateStatic                        0x00002819   Thumb Code    78  tasks.o(i.xTaskCreateStatic)
    xTaskGetSchedulerState                   0x00002869   Thumb Code    24  tasks.o(i.xTaskGetSchedulerState)
    xTaskGetTickCount                        0x00002889   Thumb Code     6  tasks.o(i.xTaskGetTickCount)
    xTaskIncrementTick                       0x00002895   Thumb Code   236  tasks.o(i.xTaskIncrementTick)
    xTaskPriorityDisinherit                  0x000029ad   Thumb Code    86  tasks.o(i.xTaskPriorityDisinherit)
    xTaskPriorityInherit                     0x00002a0d   Thumb Code   150  tasks.o(i.xTaskPriorityInherit)
    xTaskRemoveFromEventList                 0x00002ab1   Thumb Code   102  tasks.o(i.xTaskRemoveFromEventList)
    xTaskResumeAll                           0x00002b31   Thumb Code   194  tasks.o(i.xTaskResumeAll)
    xTimerCreateTimerTask                    0x00002c19   Thumb Code    76  timers.o(i.xTimerCreateTimerTask)
    xTimerGenericCommand                     0x00002c79   Thumb Code   104  timers.o(i.xTimerGenericCommand)
    Region$$Table$$Base                      0x00003954   Number         0  anon$$obj.o(Region$$Table)
    Region$$Table$$Limit                     0x00003984   Number         0  anon$$obj.o(Region$$Table)
    SystemCoreClock                          0x2007c008   Data           4  system_lpc17xx.o(.data)
    pxCurrentTCB                             0x2007c028   Data           4  tasks.o(.data)
    __libspace_start                         0x2007cd90   Data          96  libspace.o(.bss)
    __temporary_stack_top$libspace           0x2007cdf0   Data           0  libspace.o(.bss)



==============================================================================

Memory Map of the image

  Image Entry point : 0x000000cd

  Load Region LR_IROM1 (Base: 0x00000000, Size: 0x000039fc, Max: 0x00080000, ABSOLUTE)

    Execution Region ER_IROM1 (Exec base: 0x00000000, Load base: 0x00000000, Size: 0x00003984, Max: 0x00080000, ABSOLUTE)

    Exec Addr    Load Addr    Size         Type   Attr      Idx    E Section Name        Object

    0x00000000   0x00000000   0x000000cc   Data   RO         1156    RESET               startup_lpc17xx.o
    0x000000cc   0x000000cc   0x00000008   Code   RO         2342  * !!!main             c_w.l(__main.o)
    0x000000d4   0x000000d4   0x00000034   Code   RO         2513    !!!scatter          c_w.l(__scatter.o)
    0x00000108   0x00000108   0x0000001a   Code   RO         2515    !!handler_copy      c_w.l(__scatter_copy.o)
    0x00000122   0x00000122   0x00000002   PAD
    0x00000124   0x00000124   0x0000001c   Code   RO         2517    !!handler_zi        c_w.l(__scatter_zi.o)
    0x00000140   0x00000140   0x00000002   Code   RO         2383    .ARM.Collect$$libinit$$00000000  c_w.l(libinit.o)
    0x00000142   0x00000142   0x00000000   Code   RO         2396    .ARM.Collect$$libinit$$00000002  c_w.l(libinit2.o)
    0x00000142   0x00000142   0x00000000   Code   RO         2398    .ARM.Collect$$libinit$$00000004  c_w.l(libinit2.o)
    0x00000142   0x00000142   0x00000000   Code   RO         2401    .ARM.Collect$$libinit$$0000000A  c_w.l(libinit2.o)
    0x00000142   0x00000142   0x00000000   Code   RO         2403    .ARM.Collect$$libinit$$0000000C  c_w.l(libinit2.o)
    0x00000142   0x00000142   0x00000000   Code   RO         2405    .ARM.Collect$$libinit$$0000000E  c_w.l(libinit2.o)
    0x00000142   0x00000142   0x00000000   Code   RO         2408    .ARM.Collect$$libinit$$00000011  c_w.l(libinit2.o)
    0x00000142   0x00000142   0x00000000   Code   RO         2410    .ARM.Collect$$libinit$$00000013  c_w.l(libinit2.o)
    0x00000142   0x00000142   0x00000000   Code   RO         2412    .ARM.Collect$$libinit$$00000015  c_w.l(libinit2.o)
    0x00000142   0x00000142   0x00000000   Code   RO         2414    .ARM.Collect$$libinit$$00000017  c_w.l(libinit2.o)
    0x00000142   0x00000142   0x00000000   Code   RO         2416    .ARM.Collect$$libinit$$00000019  c_w.l(libinit2.o)
    0x00000142   0x00000142   0x00000000   Code   RO         2418    .ARM.Collect$$libinit$$0000001B  c_w.l(libinit2.o)
    0x00000142   0x00000142   0x00000000   Code   RO         2420    .ARM.Collect$$libinit$$0000001D  c_w.l(libinit2.o)
    0x00000142   0x00000142   0x00000000   Code   RO         2422    .ARM.Collect$$libinit$$0000001F  c_w.l(libinit2.o)
    0x00000142   0x00000142   0x00000000   Code   RO         2424    .ARM.Collect$$libinit$$00000021  c_w.l(libinit2.o)
    0x00000142   0x00000142   0x00000000   Code   RO         2426    .ARM.Collect$$libinit$$00000023  c_w.l(libinit2.o)
    0x00000142   0x00000142   0x00000000   Code   RO         2428    .ARM.Collect$$libinit$$00000025  c_w.l(libinit2.o)
    0x00000142   0x00000142   0x00000000   Code   RO         2432    .ARM.Collect$$libinit$$0000002C  c_w.l(libinit2.o)
    0x00000142   0x00000142   0x00000000   Code   RO         2434    .ARM.Collect$$libinit$$0000002E  c_w.l(libinit2.o)
    0x00000142   0x00000142   0x00000000   Code   RO         2436    .ARM.Collect$$libinit$$00000030  c_w.l(libinit2.o)
    0x00000142   0x00000142   0x00000000   Code   RO         2438    .ARM.Collect$$libinit$$00000032  c_w.l(libinit2.o)
    0x00000142   0x00000142   0x00000002   Code   RO         2439    .ARM.Collect$$libinit$$00000033  c_w.l(libinit2.o)
    0x00000144   0x00000144   0x00000002   Code   RO         2470    .ARM.Collect$$libshutdown$$00000000  c_w.l(libshutdown.o)
    0x00000146   0x00000146   0x00000000   Code   RO         2496    .ARM.Collect$$libshutdown$$00000002  c_w.l(libshutdown2.o)
    0x00000146   0x00000146   0x00000000   Code   RO         2498    .ARM.Collect$$libshutdown$$00000004  c_w.l(libshutdown2.o)
    0x00000146   0x00000146   0x00000000   Code   RO         2501    .ARM.Collect$$libshutdown$$00000007  c_w.l(libshutdown2.o)
    0x00000146   0x00000146   0x00000000   Code   RO         2504    .ARM.Collect$$libshutdown$$0000000A  c_w.l(libshutdown2.o)
    0x00000146   0x00000146   0x00000000   Code   RO         2506    .ARM.Collect$$libshutdown$$0000000C  c_w.l(libshutdown2.o)
    0x00000146   0x00000146   0x00000000   Code   RO         2509    .ARM.Collect$$libshutdown$$0000000F  c_w.l(libshutdown2.o)
    0x00000146   0x00000146   0x00000002   Code   RO         2510    .ARM.Collect$$libshutdown$$00000010  c_w.l(libshutdown2.o)
    0x00000148   0x00000148   0x00000000   Code   RO         2344    .ARM.Collect$$rtentry$$00000000  c_w.l(__rtentry.o)
    0x00000148   0x00000148   0x00000000   Code   RO         2354    .ARM.Collect$$rtentry$$00000002  c_w.l(__rtentry2.o)
    0x00000148   0x00000148   0x00000006   Code   RO         2366    .ARM.Collect$$rtentry$$00000004  c_w.l(__rtentry4.o)
    0x0000014e   0x0000014e   0x00000008   Code   RO         2355    .ARM.Collect$$rtentry$$00000008  c_w.l(__rtentry2.o)
    0x00000156   0x00000156   0x00000004   Code   RO         2357    .ARM.Collect$$rtentry$$0000000A  c_w.l(__rtentry2.o)
    0x0000015a   0x0000015a   0x00000000   Code   RO         2359    .ARM.Collect$$rtentry$$0000000C  c_w.l(__rtentry2.o)
    0x0000015a   0x0000015a   0x00000008   Code   RO         2360    .ARM.Collect$$rtentry$$0000000D  c_w.l(__rtentry2.o)
    0x00000162   0x00000162   0x00000002   Code   RO         2387    .ARM.Collect$$rtexit$$00000000  c_w.l(rtexit.o)
    0x00000164   0x00000164   0x00000000   Code   RO         2443    .ARM.Collect$$rtexit$$00000002  c_w.l(rtexit2.o)
    0x00000164   0x00000164   0x00000004   Code   RO         2444    .ARM.Collect$$rtexit$$00000003  c_w.l(rtexit2.o)
    0x00000168   0x00000168   0x00000006   Code   RO         2445    .ARM.Collect$$rtexit$$00000004  c_w.l(rtexit2.o)
    0x0000016e   0x0000016e   0x00000002   PAD
    0x00000170   0x00000170   0x00000096   Code   RO         1461    .emb_text           port.o
    0x00000206   0x00000206   0x00000002   PAD
    0x00000208   0x00000208   0x0000003c   Code   RO         1158    .text               startup_lpc17xx.o
    0x00000244   0x00000244   0x0000008a   Code   RO         2336    .text               c_w.l(rt_memcpy_v6.o)
    0x000002ce   0x000002ce   0x00000010   Code   RO         2338    .text               c_w.l(aeabi_memset.o)
    0x000002de   0x000002de   0x00000006   Code   RO         2340    .text               c_w.l(heapauxi.o)
    0x000002e4   0x000002e4   0x00000012   Code   RO         2374    .text               c_w.l(exit.o)
    0x000002f6   0x000002f6   0x00000002   Code   RO         2459    .text               c_w.l(use_no_semi.o)
    0x000002f8   0x000002f8   0x00000000   Code   RO         2461    .text               c_w.l(indicate_semi.o)
    0x000002f8   0x000002f8   0x00000002   Code   RO          420    i._platform_post_stackheap_init  clib_arm.o
    0x000002fa   0x000002fa   0x00000002   Code   RO          591    i.vApplicationStackOverflowHook  cmsis_os2.o
    0x000002fc   0x000002fc   0x00000004   Code   RO         1157    .ARM.__at_0x02FC    startup_lpc17xx.o
    0x00000300   0x00000300   0x00000064   Code   RO         2349    .text               c_w.l(rt_memcpy_w.o)
    0x00000364   0x00000364   0x00000044   Code   RO         2351    .text               c_w.l(rt_memclr.o)
    0x000003a8   0x000003a8   0x0000004e   Code   RO         2370    .text               c_w.l(rt_memclr_w.o)
    0x000003f6   0x000003f6   0x0000004a   Code   RO         2372    .text               c_w.l(sys_stackheap_outer.o)
    0x00000440   0x00000440   0x00000008   Code   RO         2384    .text               c_w.l(libspace.o)
    0x00000448   0x00000448   0x0000000c   Code   RO         2440    .text               c_w.l(sys_exit.o)
    0x00000454   0x00000454   0x00000020   Code   RO         1067    i.GPIO_PinRead      gpio_lpc17xx.o
    0x00000474   0x00000474   0x00000028   Code   RO         1068    i.GPIO_PinWrite     gpio_lpc17xx.o
    0x0000049c   0x0000049c   0x00000038   Code   RO         1072    i.GPIO_SetDir       gpio_lpc17xx.o
    0x000004d4   0x000004d4   0x0000002c   Code   RO            1    i.GetASCIICode      asciilib.o
    0x00000500   0x00000500   0x000000fc   Code   RO         1121    i.PIN_Configure     pin_lpc17xx.o
    0x000005fc   0x000005fc   0x00000016   Code   RO          522    i.SysTick_Handler   cmsis_os2.o
    0x00000612   0x00000612   0x00000002   PAD
    0x00000614   0x00000614   0x00000140   Code   RO         1168    i.SystemInit        system_lpc17xx.o
    0x00000754   0x00000754   0x00000006   Code   RO          524    i.__get_BASEPRI     cmsis_os2.o
    0x0000075a   0x0000075a   0x00000006   Code   RO          525    i.__get_IPSR        cmsis_os2.o
    0x00000760   0x00000760   0x00000006   Code   RO          526    i.__get_PRIMASK     cmsis_os2.o
    0x00000766   0x00000766   0x00000016   Code   RO          416    i._mutex_acquire    clib_arm.o
    0x0000077c   0x0000077c   0x00000034   Code   RO          417    i._mutex_free       clib_arm.o
    0x000007b0   0x000007b0   0x00000060   Code   RO          418    i._mutex_initialize  clib_arm.o
    0x00000810   0x00000810   0x00000018   Code   RO          419    i._mutex_release    clib_arm.o
    0x00000828   0x00000828   0x0000001a   Code   RO           89    i.app_main          main.o
    0x00000842   0x00000842   0x00000002   PAD
    0x00000844   0x00000844   0x0000001c   Code   RO           90    i.clearScreen       main.o
    0x00000860   0x00000860   0x0000000c   Code   RO           91    i.configure_lpc_rtc  main.o
    0x0000086c   0x0000086c   0x000000cc   Code   RO           92    i.debugKeypadPrint  main.o
    0x00000938   0x00000938   0x0000001e   Code   RO           26    i.delay_ms          lcd_ili9325.o
    0x00000956   0x00000956   0x00000058   Code   RO           93    i.draw              main.o
    0x000009ae   0x000009ae   0x00000056   Code   RO           94    i.drawLetter        main.o
    0x00000a04   0x00000a04   0x0000007c   Code   RO           96    i.gpioSetup         main.o
    0x00000a80   0x00000a80   0x000001d4   Code   RO           27    i.init_ILI9325      lcd_ili9325.o
    0x00000c54   0x00000c54   0x00000074   Code   RO           97    i.keyboardScan      main.o
    0x00000cc8   0x00000cc8   0x00000028   Code   RO          263    i.lcdConfiguration  open1768_lcd.o
    0x00000cf0   0x00000cf0   0x0000002c   Code   RO          267    i.lcdSend           open1768_lcd.o
    0x00000d1c   0x00000d1c   0x00000018   Code   RO          268    i.lcdSetCursor      open1768_lcd.o
    0x00000d34   0x00000d34   0x00000038   Code   RO          269    i.lcdWriteData      open1768_lcd.o
    0x00000d6c   0x00000d6c   0x00000040   Code   RO          270    i.lcdWriteIndex     open1768_lcd.o
    0x00000dac   0x00000dac   0x00000014   Code   RO          271    i.lcdWriteReg       open1768_lcd.o
    0x00000dc0   0x00000dc0   0x00000034   Code   RO           98    i.main              main.o
    0x00000df4   0x00000df4   0x00000038   Code   RO          527    i.osDelay           cmsis_os2.o
    0x00000e2c   0x00000e2c   0x00000034   Code   RO          536    i.osKernelGetState  cmsis_os2.o
    0x00000e60   0x00000e60   0x00000040   Code   RO          541    i.osKernelInitialize  cmsis_os2.o
    0x00000ea0   0x00000ea0   0x00000074   Code   RO          544    i.osKernelStart     cmsis_os2.o
    0x00000f14   0x00000f14   0x000000d4   Code   RO          577    i.osThreadNew       cmsis_os2.o
    0x00000fe8   0x00000fe8   0x00000024   Code   RO          421    i.os_kernel_is_active  clib_arm.o
    0x0000100c   0x0000100c   0x0000007c   Code   RO         1781    i.prvAddCurrentTaskToDelayedList  tasks.o
    0x00001088   0x00001088   0x000000b8   Code   RO         1782    i.prvAddNewTaskToReadyList  tasks.o
    0x00001140   0x00001140   0x0000005c   Code   RO         2166    i.prvCheckForValidListAndQueue  timers.o
    0x0000119c   0x0000119c   0x00000048   Code   RO         1783    i.prvCheckTasksWaitingTermination  tasks.o
    0x000011e4   0x000011e4   0x0000002a   Code   RO         1544    i.prvCopyDataFromQueue  queue.o
    0x0000120e   0x0000120e   0x0000007e   Code   RO         1545    i.prvCopyDataToQueue  queue.o
    0x0000128c   0x0000128c   0x00000028   Code   RO         1784    i.prvDeleteTCB      tasks.o
    0x000012b4   0x000012b4   0x00000014   Code   RO         1546    i.prvGetDisinheritPriorityAfterTimeout  queue.o
    0x000012c8   0x000012c8   0x00000028   Code   RO         2167    i.prvGetNextExpireTime  timers.o
    0x000012f0   0x000012f0   0x0000007c   Code   RO         1400    i.prvHeapInit       heap_4.o
    0x0000136c   0x0000136c   0x00000028   Code   RO         1785    i.prvIdleTask       tasks.o
    0x00001394   0x00001394   0x0000001e   Code   RO         1547    i.prvInitialiseMutex  queue.o
    0x000013b2   0x000013b2   0x0000002a   Code   RO         1548    i.prvInitialiseNewQueue  queue.o
    0x000013dc   0x000013dc   0x0000009a   Code   RO         1786    i.prvInitialiseNewTask  tasks.o
    0x00001476   0x00001476   0x00000002   PAD
    0x00001478   0x00001478   0x00000068   Code   RO         1787    i.prvInitialiseTaskLists  tasks.o
    0x000014e0   0x000014e0   0x00000068   Code   RO         1401    i.prvInsertBlockIntoFreeList  heap_4.o
    0x00001548   0x00001548   0x00000058   Code   RO         2169    i.prvInsertTimerInActiveList  timers.o
    0x000015a0   0x000015a0   0x0000001a   Code   RO         1549    i.prvIsQueueEmpty   queue.o
    0x000015ba   0x000015ba   0x0000001e   Code   RO         1550    i.prvIsQueueFull    queue.o
    0x000015d8   0x000015d8   0x0000005c   Code   RO         2170    i.prvProcessExpiredTimer  timers.o
    0x00001634   0x00001634   0x0000010c   Code   RO         2171    i.prvProcessReceivedCommands  timers.o
    0x00001740   0x00001740   0x00000074   Code   RO         2172    i.prvProcessTimerOrBlockTask  timers.o
    0x000017b4   0x000017b4   0x00000034   Code   RO         1789    i.prvResetNextTaskUnblockTime  tasks.o
    0x000017e8   0x000017e8   0x0000002c   Code   RO         2173    i.prvSampleTimeNow  timers.o
    0x00001814   0x00001814   0x00000088   Code   RO         2174    i.prvSwitchTimerLists  timers.o
    0x0000189c   0x0000189c   0x00000016   Code   RO         1462    i.prvTaskExitError  port.o
    0x000018b2   0x000018b2   0x0000001a   Code   RO         2175    i.prvTimerTask      timers.o
    0x000018cc   0x000018cc   0x0000007e   Code   RO         1551    i.prvUnlockQueue    queue.o
    0x0000194a   0x0000194a   0x00000002   PAD
    0x0000194c   0x0000194c   0x000000d0   Code   RO         1402    i.pvPortMalloc      heap_4.o
    0x00001a1c   0x00001a1c   0x00000020   Code   RO         1792    i.pvTaskIncrementMutexHeldCount  tasks.o
    0x00001a3c   0x00001a3c   0x00000024   Code   RO         1463    i.pxPortInitialiseStack  port.o
    0x00001a60   0x00001a60   0x0000001e   Code   RO          102    i.shoulPixelBeDrawn  main.o
    0x00001a7e   0x00001a7e   0x00000028   Code   RO         1349    i.uxListRemove      list.o
    0x00001aa6   0x00001aa6   0x00000002   PAD
    0x00001aa8   0x00001aa8   0x00000018   Code   RO          589    i.vApplicationGetIdleTaskMemory  cmsis_os2.o
    0x00001ac0   0x00001ac0   0x00000018   Code   RO          590    i.vApplicationGetTimerTaskMemory  cmsis_os2.o
    0x00001ad8   0x00001ad8   0x0000001a   Code   RO         1350    i.vListInitialise   list.o
    0x00001af2   0x00001af2   0x00000006   Code   RO         1351    i.vListInitialiseItem  list.o
    0x00001af8   0x00001af8   0x00000034   Code   RO         1352    i.vListInsert       list.o
    0x00001b2c   0x00001b2c   0x00000018   Code   RO         1353    i.vListInsertEnd    list.o
    0x00001b44   0x00001b44   0x00000024   Code   RO         1465    i.vPortEnterCritical  port.o
    0x00001b68   0x00001b68   0x00000020   Code   RO         1466    i.vPortExitCritical  port.o
    0x00001b88   0x00001b88   0x00000048   Code   RO         1403    i.vPortFree         heap_4.o
    0x00001bd0   0x00001bd0   0x00000028   Code   RO         1467    i.vPortSetupTimerInterrupt  port.o
    0x00001bf8   0x00001bf8   0x00000014   Code   RO         1557    i.vQueueDelete      queue.o
    0x00001c0c   0x00001c0c   0x0000004a   Code   RO         1559    i.vQueueWaitForMessageRestricted  queue.o
    0x00001c56   0x00001c56   0x00000002   PAD
    0x00001c58   0x00001c58   0x00000034   Code   RO         1801    i.vTaskDelay        tasks.o
    0x00001c8c   0x00001c8c   0x00000018   Code   RO         1806    i.vTaskInternalSetTimeOutState  tasks.o
    0x00001ca4   0x00001ca4   0x0000000c   Code   RO         1807    i.vTaskMissedYield  tasks.o
    0x00001cb0   0x00001cb0   0x00000020   Code   RO         1809    i.vTaskPlaceOnEventList  tasks.o
    0x00001cd0   0x00001cd0   0x00000028   Code   RO         1810    i.vTaskPlaceOnEventListRestricted  tasks.o
    0x00001cf8   0x00001cf8   0x0000008c   Code   RO         1812    i.vTaskPriorityDisinheritAfterTimeout  tasks.o
    0x00001d84   0x00001d84   0x00000094   Code   RO         1818    i.vTaskStartScheduler  tasks.o
    0x00001e18   0x00001e18   0x00000010   Code   RO         1820    i.vTaskSuspendAll   tasks.o
    0x00001e28   0x00001e28   0x000000b0   Code   RO         1821    i.vTaskSwitchContext  tasks.o
    0x00001ed8   0x00001ed8   0x00000012   Code   RO          329    i.wait_delay        open1768_lcd.o
    0x00001eea   0x00001eea   0x00000002   PAD
    0x00001eec   0x00001eec   0x00000034   Code   RO          103    i.writeClockDate    main.o
    0x00001f20   0x00001f20   0x00000058   Code   RO          104    i.writeDay          main.o
    0x00001f78   0x00001f78   0x00000058   Code   RO          105    i.writeHour         main.o
    0x00001fd0   0x00001fd0   0x00000030   Code   RO          106    i.writeKeypadInput  main.o
    0x00002000   0x00002000   0x00000050   Code   RO          107    i.writeLetters      main.o
    0x00002050   0x00002050   0x00000058   Code   RO          108    i.writeMinute       main.o
    0x000020a8   0x000020a8   0x00000058   Code   RO          109    i.writeMonth        main.o
    0x00002100   0x00002100   0x00000058   Code   RO          110    i.writeSec          main.o
    0x00002158   0x00002158   0x00000088   Code   RO          111    i.writeYear         main.o
    0x000021e0   0x000021e0   0x00000034   Code   RO         1468    i.xPortStartScheduler  port.o
    0x00002214   0x00002214   0x00000034   Code   RO         1469    i.xPortSysTickHandler  port.o
    0x00002248   0x00002248   0x00000022   Code   RO         1562    i.xQueueCreateMutex  queue.o
    0x0000226a   0x0000226a   0x0000002a   Code   RO         1563    i.xQueueCreateMutexStatic  queue.o
    0x00002294   0x00002294   0x00000040   Code   RO         1564    i.xQueueGenericCreate  queue.o
    0x000022d4   0x000022d4   0x0000002e   Code   RO         1565    i.xQueueGenericCreateStatic  queue.o
    0x00002302   0x00002302   0x00000002   PAD
    0x00002304   0x00002304   0x00000080   Code   RO         1566    i.xQueueGenericReset  queue.o
    0x00002384   0x00002384   0x00000118   Code   RO         1567    i.xQueueGenericSend  queue.o
    0x0000249c   0x0000249c   0x00000086   Code   RO         1568    i.xQueueGenericSendFromISR  queue.o
    0x00002522   0x00002522   0x00000002   PAD
    0x00002524   0x00002524   0x00000104   Code   RO         1577    i.xQueueReceive     queue.o
    0x00002628   0x00002628   0x00000130   Code   RO         1579    i.xQueueSemaphoreTake  queue.o
    0x00002758   0x00002758   0x0000005c   Code   RO         1822    i.xTaskCheckForTimeOut  tasks.o
    0x000027b4   0x000027b4   0x00000064   Code   RO         1823    i.xTaskCreate       tasks.o
    0x00002818   0x00002818   0x0000004e   Code   RO         1824    i.xTaskCreateStatic  tasks.o
    0x00002866   0x00002866   0x00000002   PAD
    0x00002868   0x00002868   0x00000020   Code   RO         1828    i.xTaskGetSchedulerState  tasks.o
    0x00002888   0x00002888   0x0000000c   Code   RO         1829    i.xTaskGetTickCount  tasks.o
    0x00002894   0x00002894   0x00000118   Code   RO         1831    i.xTaskIncrementTick  tasks.o
    0x000029ac   0x000029ac   0x00000060   Code   RO         1834    i.xTaskPriorityDisinherit  tasks.o
    0x00002a0c   0x00002a0c   0x000000a4   Code   RO         1835    i.xTaskPriorityInherit  tasks.o
    0x00002ab0   0x00002ab0   0x00000080   Code   RO         1836    i.xTaskRemoveFromEventList  tasks.o
    0x00002b30   0x00002b30   0x000000e8   Code   RO         1837    i.xTaskResumeAll    tasks.o
    0x00002c18   0x00002c18   0x00000060   Code   RO         2183    i.xTimerCreateTimerTask  timers.o
    0x00002c78   0x00002c78   0x0000006c   Code   RO         2184    i.xTimerGenericCommand  timers.o
    0x00002ce4   0x00002ce4   0x00000be0   Data   RO            2    .constdata          asciilib.o
    0x000038c4   0x000038c4   0x00000090   Data   RO          112    .constdata          main.o
    0x00003954   0x00003954   0x00000030   Data   RO         2511    Region$$Table       anon$$obj.o


    Execution Region RW_IRAM1 (Exec base: 0x10000000, Load base: 0x00003984, Size: 0x00002000, Max: 0x00008000, ABSOLUTE)

    Exec Addr    Load Addr    Size         Type   Attr      Idx    E Section Name        Object

    0x10000000        -       0x00002000   Zero   RW         1407    .bss                heap_4.o


    Execution Region RW_IRAM2 (Exec base: 0x2007c000, Load base: 0x00003984, Size: 0x00000ff0, Max: 0x00008000, ABSOLUTE)

    Exec Addr    Load Addr    Size         Type   Attr      Idx    E Section Name        Object

    0x2007c000   0x00003984   0x00000001   Data   RW          423    .data               clib_arm.o
    0x2007c001   0x00003985   0x00000003   PAD
    0x2007c004   0x00003988   0x00000004   Data   RW          593    .data               cmsis_os2.o
    0x2007c008   0x0000398c   0x00000004   Data   RW         1169    .data               system_lpc17xx.o
    0x2007c00c   0x00003990   0x00000018   Data   RW         1408    .data               heap_4.o
    0x2007c024   0x000039a8   0x00000004   Data   RW         1470    .data               port.o
    0x2007c028   0x000039ac   0x0000003c   Data   RW         1840    .data               tasks.o
    0x2007c064   0x000039e8   0x00000014   Data   RW         2192    .data               timers.o
    0x2007c078        -       0x00000394   Zero   RW          422    .bss                clib_arm.o
    0x2007c40c        -       0x000003f8   Zero   RW          592    .bss                cmsis_os2.o
    0x2007c804        -       0x000004c4   Zero   RW         1839    .bss                tasks.o
    0x2007ccc8        -       0x000000c8   Zero   RW         2191    .bss                timers.o
    0x2007cd90        -       0x00000060   Zero   RW         2385    .bss                c_w.l(libspace.o)
    0x2007cdf0        -       0x00000000   Zero   RW         1155    HEAP                startup_lpc17xx.o
    0x2007cdf0        -       0x00000200   Zero   RW         1154    STACK               startup_lpc17xx.o


==============================================================================

Image component sizes


      Code (inc. data)   RO Data    RW Data    ZI Data      Debug   Object Name

        44          4       3040          0          0       3003   asciilib.o
       232         20          0          1        916      29236   clib_arm.o
       590         54          0          4       1016      59918   cmsis_os2.o
         0          0          0          0          0       8856   event_groups.o
       128         12          0          0          0       1797   gpio_lpc17xx.o
       508         62          0         24       8192       4015   heap_4.o
       498          0          0          0          0       4198   lcd_ili9325.o
         0          0          0          0          0      16740   led_open1768.o
       148          0          0          0          0      12154   list.o
      1522        110        144          0          0      12934   main.o
       266         18          0          0          0       5054   open1768_lcd.o
       252          6          0          0          0        804   pin_lpc17xx.o
       420         48          0          4          0       8992   port.o
      1828         18          0          0          0      18870   queue.o
        64         26        204          0        512       1020   startup_lpc17xx.o
       320         18          0          4          0        827   system_lpc17xx.o
      2656        370          0         60       1220      39183   tasks.o
      1106        114          0         20        200      11687   timers.o

    ----------------------------------------------------------------------
     10604        880       3436        120      12056     239288   Object Totals
         0          0         48          0          0          0   (incl. Generated)
        22          0          0          3          0          0   (incl. Padding)

    ----------------------------------------------------------------------

      Code (inc. data)   RO Data    RW Data    ZI Data      Debug   Library Member Name

         8          0          0          0          0         68   __main.o
         0          0          0          0          0          0   __rtentry.o
        20          0          0          0          0          0   __rtentry2.o
         6          0          0          0          0          0   __rtentry4.o
        52          8          0          0          0          0   __scatter.o
        26          0          0          0          0          0   __scatter_copy.o
        28          0          0          0          0          0   __scatter_zi.o
        16          0          0          0          0         68   aeabi_memset.o
        18          0          0          0          0         80   exit.o
         6          0          0          0          0        152   heapauxi.o
         0          0          0          0          0          0   indicate_semi.o
         2          0          0          0          0          0   libinit.o
         2          0          0          0          0          0   libinit2.o
         2          0          0          0          0          0   libshutdown.o
         2          0          0          0          0          0   libshutdown2.o
         8          4          0          0         96         68   libspace.o
        68          0          0          0          0         68   rt_memclr.o
        78          0          0          0          0         80   rt_memclr_w.o
       138          0          0          0          0         68   rt_memcpy_v6.o
       100          0          0          0          0         80   rt_memcpy_w.o
         2          0          0          0          0          0   rtexit.o
        10          0          0          0          0          0   rtexit2.o
        12          4          0          0          0         68   sys_exit.o
        74          0          0          0          0         80   sys_stackheap_outer.o
         2          0          0          0          0         68   use_no_semi.o

    ----------------------------------------------------------------------
       684         16          0          0         96        948   Library Totals
         4          0          0          0          0          0   (incl. Padding)

    ----------------------------------------------------------------------

      Code (inc. data)   RO Data    RW Data    ZI Data      Debug   Library Name

       680         16          0          0         96        948   c_w.l

    ----------------------------------------------------------------------
       684         16          0          0         96        948   Library Totals

    ----------------------------------------------------------------------

==============================================================================


      Code (inc. data)   RO Data    RW Data    ZI Data      Debug   

     11288        896       3436        120      12152     233368   Grand Totals
     11288        896       3436        120      12152     233368   ELF Image Totals
     11288        896       3436        120          0          0   ROM Totals

==============================================================================

    Total RO  Size (Code + RO Data)                14724 (  14.38kB)
    Total RW  Size (RW Data + ZI Data)             12272 (  11.98kB)
    Total ROM Size (Code + RO Data + RW Data)      14844 (  14.50kB)

==============================================================================

