Component: Arm Compiler for Embedded 6.21 Tool: armlink [5ec1fa00]

==============================================================================

Section Cross References

    asciilib.o(.text.GetASCIICode) refers to asciilib.o(.rodata.AsciiLib) for AsciiLib
    asciilib.o(.ARM.exidx.text.GetASCIICode) refers to asciilib.o(.text.GetASCIICode) for [Anonymous Symbol]
    lcd_ili9325.o(.ARM.exidx.text.delay_ms) refers to lcd_ili9325.o(.text.delay_ms) for [Anonymous Symbol]
    lcd_ili9325.o(.text.init_ILI9325) refers to open1768_lcd.o(.text.lcdWriteReg) for lcdWriteReg
    lcd_ili9325.o(.ARM.exidx.text.init_ILI9325) refers to lcd_ili9325.o(.text.init_ILI9325) for [Anonymous Symbol]
    main.o(.text.draw) refers to open1768_lcd.o(.text.lcdWriteReg) for lcdWriteReg
    main.o(.text.draw) refers to open1768_lcd.o(.text.lcdSetCursor) for lcdSetCursor
    main.o(.text.draw) refers to open1768_lcd.o(.text.lcdWriteIndex) for lcdWriteIndex
    main.o(.text.draw) refers to open1768_lcd.o(.text.lcdWriteData) for lcdWriteData
    main.o(.ARM.exidx.text.draw) refers to main.o(.text.draw) for [Anonymous Symbol]
    main.o(.text.clearScreen) refers to main.o(.text.draw) for draw
    main.o(.ARM.exidx.text.clearScreen) refers to main.o(.text.clearScreen) for [Anonymous Symbol]
    main.o(.ARM.exidx.text.shoulPixelBeDrawn) refers to main.o(.text.shoulPixelBeDrawn) for [Anonymous Symbol]
    main.o(.text.drawLetter) refers to asciilib.o(.text.GetASCIICode) for GetASCIICode
    main.o(.text.drawLetter) refers to open1768_lcd.o(.text.lcdWriteReg) for lcdWriteReg
    main.o(.ARM.exidx.text.drawLetter) refers to main.o(.text.drawLetter) for [Anonymous Symbol]
    main.o(.text.writeLetters) refers to asciilib.o(.text.GetASCIICode) for GetASCIICode
    main.o(.text.writeLetters) refers to open1768_lcd.o(.text.lcdWriteReg) for lcdWriteReg
    main.o(.ARM.exidx.text.writeLetters) refers to main.o(.text.writeLetters) for [Anonymous Symbol]
    main.o(.text.gpioSetup) refers to main.o(.rodata.cst8) for ROW_PINS
    main.o(.text.gpioSetup) refers to pin_lpc17xx.o(.text.PIN_Configure) for PIN_Configure
    main.o(.text.gpioSetup) refers to gpio_lpc17xx.o(.text.GPIO_SetDir) for GPIO_SetDir
    main.o(.ARM.exidx.text.gpioSetup) refers to main.o(.text.gpioSetup) for [Anonymous Symbol]
    main.o(.text.keyboardScan) refers to main.o(.rodata.cst8) for ROW_PINS
    main.o(.text.keyboardScan) refers to gpio_lpc17xx.o(.text.GPIO_PinWrite) for GPIO_PinWrite
    main.o(.text.keyboardScan) refers to gpio_lpc17xx.o(.text.GPIO_PinRead) for GPIO_PinRead
    main.o(.ARM.exidx.text.keyboardScan) refers to main.o(.text.keyboardScan) for [Anonymous Symbol]
    main.o(.text.debugKeypadPrint) refers to gpio_lpc17xx.o(.text.GPIO_PinRead) for GPIO_PinRead
    main.o(.text.debugKeypadPrint) refers to asciilib.o(.text.GetASCIICode) for GetASCIICode
    main.o(.text.debugKeypadPrint) refers to open1768_lcd.o(.text.lcdWriteReg) for lcdWriteReg
    main.o(.ARM.exidx.text.debugKeypadPrint) refers to main.o(.text.debugKeypadPrint) for [Anonymous Symbol]
    main.o(.text.writeKeypadInput) refers to main.o(.text.keyboardScan) for keyboardScan
    main.o(.text.writeKeypadInput) refers to main.o(.rodata.cst16) for KEYBOARD_MAP
    main.o(.text.writeKeypadInput) refers to asciilib.o(.text.GetASCIICode) for GetASCIICode
    main.o(.text.writeKeypadInput) refers to open1768_lcd.o(.text.lcdWriteReg) for lcdWriteReg
    main.o(.text.writeKeypadInput) refers to main.o(.text.debugKeypadPrint) for debugKeypadPrint
    main.o(.ARM.exidx.text.writeKeypadInput) refers to main.o(.text.writeKeypadInput) for [Anonymous Symbol]
    main.o(.ARM.exidx.text.configure_lpc_rtc) refers to main.o(.text.configure_lpc_rtc) for [Anonymous Symbol]
    main.o(.text.writeYear) refers to main.o(.text.writeLetters) for writeLetters
    main.o(.ARM.exidx.text.writeYear) refers to main.o(.text.writeYear) for [Anonymous Symbol]
    main.o(.text.writeMonth) refers to main.o(.text.writeLetters) for writeLetters
    main.o(.ARM.exidx.text.writeMonth) refers to main.o(.text.writeMonth) for [Anonymous Symbol]
    main.o(.text.writeDay) refers to main.o(.text.writeLetters) for writeLetters
    main.o(.ARM.exidx.text.writeDay) refers to main.o(.text.writeDay) for [Anonymous Symbol]
    main.o(.text.writeHour) refers to main.o(.text.writeLetters) for writeLetters
    main.o(.ARM.exidx.text.writeHour) refers to main.o(.text.writeHour) for [Anonymous Symbol]
    main.o(.text.writeMinute) refers to main.o(.text.writeLetters) for writeLetters
    main.o(.ARM.exidx.text.writeMinute) refers to main.o(.text.writeMinute) for [Anonymous Symbol]
    main.o(.text.writeSec) refers to main.o(.text.writeLetters) for writeLetters
    main.o(.ARM.exidx.text.writeSec) refers to main.o(.text.writeSec) for [Anonymous Symbol]
    main.o(.text.writeClockDate) refers to asciilib.o(.text.GetASCIICode) for GetASCIICode
    main.o(.text.writeClockDate) refers to open1768_lcd.o(.text.lcdWriteReg) for lcdWriteReg
[...]

Image Symbol Table

    Local Symbols

    Symbol Name                              Value     Ov Type        Size  Object(Section)

    ../clib/angel/boardlib.s                 0x00000000   Number         0  boardinit1.o ABSOLUTE
    ../clib/angel/boardlib.s                 0x00000000   Number         0  boardinit3.o ABSOLUTE
    ../clib/angel/boardlib.s                 0x00000000   Number         0  boardshut.o ABSOLUTE
    ../clib/angel/handlers.s                 0x00000000   Number         0  __scatter_copy.o ABSOLUTE
    ../clib/angel/handlers.s                 0x00000000   Number         0  __scatter_zi.o ABSOLUTE
    ../clib/angel/kernel.s                   0x00000000   Number         0  __rtentry.o ABSOLUTE
    ../clib/angel/kernel.s                   0x00000000   Number         0  __rtentry2.o ABSOLUTE
    ../clib/angel/kernel.s                   0x00000000   Number         0  __rtentry4.o ABSOLUTE
    ../clib/angel/kernel.s                   0x00000000   Number         0  rtexit.o ABSOLUTE
    ../clib/angel/kernel.s                   0x00000000   Number         0  rtexit2.o ABSOLUTE
    ../clib/angel/rt.s                       0x00000000   Number         0  aeabi_ldiv0.o ABSOLUTE
    ../clib/angel/rt.s                       0x00000000   Number         0  aeabi_ldiv0_sigfpe.o ABSOLUTE
    ../clib/angel/rt.s                       0x00000000   Number         0  rt_div0.o ABSOLUTE
    ../clib/angel/rt.s                       0x00000000   Number         0  rt_raise.o ABSOLUTE
    ../clib/angel/scatter.s                  0x00000000   Number         0  __scatter.o ABSOLUTE
    ../clib/angel/startup.s                  0x00000000   Number         0  __main.o ABSOLUTE
    ../clib/angel/sys.s                      0x00000000   Number         0  sys_stackheap_outer.o ABSOLUTE
    ../clib/angel/sys.s                      0x00000000   Number         0  libspace.o ABSOLUTE
    ../clib/angel/sys.s                      0x00000000   Number         0  use_no_semi.o ABSOLUTE
    ../clib/angel/sys.s                      0x00000000   Number         0  indicate_semi.o ABSOLUTE
    ../clib/angel/sysapp.c                   0x00000000   Number         0  sys_exit.o ABSOLUTE
    ../clib/angel/sysapp.c                   0x00000000   Number         0  sys_exit_hlt.o ABSOLUTE
    ../clib/angel/sysapp.c                   0x00000000   Number         0  sys_wrch.o ABSOLUTE
    ../clib/angel/sysapp.c                   0x00000000   Number         0  sys_wrch_hlt.o ABSOLUTE
    ../clib/angel/sysapp.c                   0x00000000   Number         0  sys_command.o ABSOLUTE
    ../clib/angel/sysapp.c                   0x00000000   Number         0  sys_command_hlt.o ABSOLUTE
    ../clib/armsys.c                         0x00000000   Number         0  argv_veneer.o ABSOLUTE
    ../clib/armsys.c                         0x00000000   Number         0  argv_veneer.o ABSOLUTE
    ../clib/armsys.c                         0x00000000   Number         0  _get_argv_nomalloc.o ABSOLUTE
    ../clib/armsys.c                         0x00000000   Number         0  no_argv.o ABSOLUTE
    ../clib/heapalloc.c                      0x00000000   Number         0  hrguard.o ABSOLUTE
    ../clib/heapaux.c                        0x00000000   Number         0  heapauxi.o ABSOLUTE
    ../clib/libinit.s                        0x00000000   Number         0  libinit.o ABSOLUTE
    ../clib/libinit.s                        0x00000000   Number         0  libinit2.o ABSOLUTE
    ../clib/libinit.s                        0x00000000   Number         0  libshutdown.o ABSOLUTE
    ../clib/libinit.s                        0x00000000   Number         0  libshutdown2.o ABSOLUTE
    ../clib/longlong.s                       0x00000000   Number         0  lludivv7m.o ABSOLUTE
    ../clib/memcpset.s                       0x00000000   Number         0  rt_memcpy_v6.o ABSOLUTE
    ../clib/memcpset.s                       0x00000000   Number         0  aeabi_memset4.o ABSOLUTE
    ../clib/memcpset.s                       0x00000000   Number         0  rt_memclr.o ABSOLUTE
    ../clib/memcpset.s                       0x00000000   Number         0  rt_memcpy_w.o ABSOLUTE
    ../clib/memcpset.s                       0x00000000   Number         0  rt_memclr_w.o ABSOLUTE
    ../clib/signal.c                         0x00000000   Number         0  defsig_fpe_outer.o ABSOLUTE
    ../clib/signal.c                         0x00000000   Number         0  defsig_fpe_formal.o ABSOLUTE
    ../clib/signal.c                         0x00000000   Number         0  defsig_exit.o ABSOLUTE
    ../clib/signal.c                         0x00000000   Number         0  defsig_fpe_inner.o ABSOLUTE
    ../clib/signal.c                         0x00000000   Number         0  __raise.o ABSOLUTE
    ../clib/signal.c                         0x00000000   Number         0  defsig_general.o ABSOLUTE
    ../clib/signal.c                         0x00000000   Number         0  defsig_abrt_inner.o ABSOLUTE
    ../clib/signal.c                         0x00000000   Number         0  defsig_rtred_inner.o ABSOLUTE
    ../clib/signal.c                         0x00000000   Number         0  defsig_rtmem_inner.o ABSOLUTE
    ../clib/signal.c                         0x00000000   Number         0  defsig_rtmem_outer.o ABSOLUTE
    ../clib/signal.c                         0x00000000   Number         0  defsig_rtmem_formal.o ABSOLUTE
    ../clib/signal.c                         0x00000000   Number         0  defsig_stak_inner.o ABSOLUTE
    ../clib/signal.c                         0x00000000   Number         0  defsig_pvfn_inner.o ABSOLUTE
    ../clib/signal.c                         0x00000000   Number         0  defsig_cppl_inner.o ABSOLUTE
    ../clib/signal.c                         0x00000000   Number         0  defsig_segv_inner.o ABSOLUTE
    ../clib/signal.c                         0x00000000   Number         0  defsig_other.o ABSOLUTE
    ../clib/signal.s                         0x00000000   Number         0  defsig.o ABSOLUTE
    ../clib/stdlib.c                         0x00000000   Number         0  exit.o ABSOLUTE
    ../fplib/fpinit.s                        0x00000000   Number         0  fpinit.o ABSOLUTE
    ../fplib/fpinit_empty.s                  0x00000000   Number         0  fpinit_empty.o ABSOLUTE
    GPIO_LPC17xx.c                           0x00000000   Number         0  gpio_lpc17xx.o ABSOLUTE
    LCD_ILI9325.c                            0x00000000   Number         0  lcd_ili9325.o ABSOLUTE
    Open1768_LCD.c                           0x00000000   Number         0  open1768_lcd.o ABSOLUTE
    PIN_LPC17xx.c                            0x00000000   Number         0  pin_lpc17xx.o ABSOLUTE
    RTE/Device/LPC1768/startup_LPC17xx.s     0x00000000   Number         0  startup_lpc17xx.o ABSOLUTE
    asciiLib.c                               0x00000000   Number         0  asciilib.o ABSOLUTE
    clib_arm.c                               0x00000000   Number         0  clib_arm.o ABSOLUTE
    cmsis_os2.c                              0x00000000   Number         0  cmsis_os2.o ABSOLUTE
    dc.s                                     0x00000000   Number         0  dc.o ABSOLUTE
    event_groups.c                           0x00000000   Number         0  event_groups.o ABSOLUTE
    freertos_evr.c                           0x00000000   Number         0  freertos_evr.o ABSOLUTE
    heap_4.c                                 0x00000000   Number         0  heap_4.o ABSOLUTE
    list.c                                   0x00000000   Number         0  list.o ABSOLUTE
    main.c                                   0x00000000   Number         0  main.o ABSOLUTE
    os_systick.c                             0x00000000   Number         0  os_systick.o ABSOLUTE
    port.c                                   0x00000000   Number         0  port.o ABSOLUTE
    queue.c                                  0x00000000   Number         0  queue.o ABSOLUTE
    system_LPC17xx.c                         0x00000000   Number         0  system_lpc17xx.o ABSOLUTE
    tasks.c                                  0x00000000   Number         0  tasks.o ABSOLUTE
    timers.c                                 0x00000000   Number         0  timers.o ABSOLUTE
    RESET                                    0x00000000   Section      204  startup_lpc17xx.o(RESET)
    !!!main                                  0x000000cc   Section        8  __main.o(!!!main)
    !!!scatter                               0x000000d4   Section       92  __scatter.o(!!!scatter)
    !!handler_copy                           0x00000130   Section       26  __scatter_copy.o(!!handler_copy)
    !!handler_null                           0x0000014c   Section        2  __scatter.o(!!handler_null)
    !!handler_zi                             0x00000150   Section       28  __scatter_zi.o(!!handler_zi)
    .ARM.Collect$$libinit$$00000000          0x0000016c   Section        2  libinit.o(.ARM.Collect$$libinit$$00000000)
    .ARM.Collect$$libinit$$00000002          0x0000016e   Section        0  libinit2.o(.ARM.Collect$$libinit$$00000002)
    .ARM.Collect$$libinit$$00000004          0x0000016e   Section        0  libinit2.o(.ARM.Collect$$libinit$$00000004)
    .ARM.Collect$$libinit$$00000006          0x0000016e   Section        0  libinit2.o(.ARM.Collect$$libinit$$00000006)
    .ARM.Collect$$libinit$$0000000C          0x0000016e   Section        0  libinit2.o(.ARM.Collect$$libinit$$0000000C)
    .ARM.Collect$$libinit$$0000000E          0x0000016e   Section        0  libinit2.o(.ARM.Collect$$libinit$$0000000E)
    .ARM.Collect$$libinit$$00000010          0x0000016e   Section        0  libinit2.o(.ARM.Collect$$libinit$$00000010)
    .ARM.Collect$$libinit$$00000013          0x0000016e   Section        0  libinit2.o(.ARM.Collect$$libinit$$00000013)
    .ARM.Collect$$libinit$$00000015          0x0000016e   Section        0  libinit2.o(.ARM.Collect$$libinit$$00000015)
    .ARM.Collect$$libinit$$00000017          0x0000016e   Section        0  libinit2.o(.ARM.Collect$$libinit$$00000017)
    .ARM.Collect$$libinit$$00000019          0x0000016e   Section        0  libinit2.o(.ARM.Collect$$libinit$$00000019)
    .ARM.Collect$$libinit$$0000001B          0x0000016e   Section        0  libinit2.o(.ARM.Collect$$libinit$$0000001B)
    .ARM.Collect$$libinit$$0000001D          0x0000016e   Section        0  libinit2.o(.ARM.Collect$$libinit$$0000001D)
    .ARM.Collect$$libinit$$0000001F          0x0000016e   Section        0  libinit2.o(.ARM.Collect$$libinit$$0000001F)
    .ARM.Collect$$libinit$$00000021          0x0000016e   Section        0  libinit2.o(.ARM.Collect$$libinit$$00000021)
    .ARM.Collect$$libinit$$00000023          0x0000016e   Section        0  libinit2.o(.ARM.Collect$$libinit$$00000023)
    .ARM.Collect$$libinit$$00000025          0x0000016e   Section        0  libinit2.o(.ARM.Collect$$libinit$$00000025)
    .ARM.Collect$$libinit$$00000027          0x0000016e   Section        0  libinit2.o(.ARM.Collect$$libinit$$00000027)
    .ARM.Collect$$libinit$$0000002E          0x0000016e   Section        0  libinit2.o(.ARM.Collect$$libinit$$0000002E)
    .ARM.Collect$$libinit$$00000030          0x0000016e   Section        0  libinit2.o(.ARM.Collect$$libinit$$00000030)
    .ARM.Collect$$libinit$$00000032          0x0000016e   Section        0  libinit2.o(.ARM.Collect$$libinit$$00000032)
    .ARM.Collect$$libinit$$00000034          0x0000016e   Section        0  libinit2.o(.ARM.Collect$$libinit$$00000034)
    .ARM.Collect$$libinit$$00000035          0x0000016e   Section        2  libinit2.o(.ARM.Collect$$libinit$$00000035)
    .ARM.Collect$$libshutdown$$00000000      0x00000170   Section        2  libshutdown.o(.ARM.Collect$$libshutdown$$00000000)
    .ARM.Collect$$libshutdown$$00000002      0x00000172   Section        0  libshutdown2.o(.ARM.Collect$$libshutdown$$00000002)
    .ARM.Collect$$libshutdown$$00000004      0x00000172   Section        0  libshutdown2.o(.ARM.Collect$$libshutdown$$00000004)
    .ARM.Collect$$libshutdown$$00000007      0x00000172   Section        0  libshutdown2.o(.ARM.Collect$$libshutdown$$00000007)
    .ARM.Collect$$libshutdown$$0000000A      0x00000172   Section        0  libshutdown2.o(.ARM.Collect$$libshutdown$$0000000A)
    .ARM.Collect$$libshutdown$$0000000C      0x00000172   Section        0  libshutdown2.o(.ARM.Collect$$libshutdown$$0000000C)
    .ARM.Collect$$libshutdown$$0000000F      0x00000172   Section        0  libshutdown2.o(.ARM.Collect$$libshutdown$$0000000F)
    .ARM.Collect$$libshutdown$$00000010      0x00000172   Section        2  libshutdown2.o(.ARM.Collect$$libshutdown$$00000010)
    .ARM.Collect$$rtentry$$00000000          0x00000174   Section        0  __rtentry.o(.ARM.Collect$$rtentry$$00000000)
    .ARM.Collect$$rtentry$$00000002          0x00000174   Section        0  __rtentry2.o(.ARM.Collect$$rtentry$$00000002)
    .ARM.Collect$$rtentry$$00000004          0x00000174   Section        6  __rtentry4.o(.ARM.Collect$$rtentry$$00000004)
    .ARM.Collect$$rtentry$$00000008          0x0000017a   Section        8  __rtentry2.o(.ARM.Collect$$rtentry$$00000008)
    .ARM.Collect$$rtentry$$0000000A          0x00000182   Section        4  __rtentry2.o(.ARM.Collect$$rtentry$$0000000A)
    .ARM.Collect$$rtentry$$0000000C          0x00000186   Section        0  __rtentry2.o(.ARM.Collect$$rtentry$$0000000C)
    .ARM.Collect$$rtentry$$0000000D          0x00000186   Section        8  __rtentry2.o(.ARM.Collect$$rtentry$$0000000D)
    .ARM.Collect$$rtexit$$00000000           0x0000018e   Section        2  rtexit.o(.ARM.Collect$$rtexit$$00000000)
    .ARM.Collect$$rtexit$$00000002           0x00000190   Section        0  rtexit2.o(.ARM.Collect$$rtexit$$00000002)
    .ARM.Collect$$rtexit$$00000003           0x00000190   Section        4  rtexit2.o(.ARM.Collect$$rtexit$$00000003)
    .ARM.Collect$$rtexit$$00000004           0x00000194   Section        6  rtexit2.o(.ARM.Collect$$rtexit$$00000004)
    .text                                    0x0000019c   Section       60  startup_lpc17xx.o(.text)
    .text                                    0x000001d8   Section      138  rt_memcpy_v6.o(.text)
    .text                                    0x00000262   Section       16  aeabi_memset4.o(.text)
    .text                                    0x00000272   Section       68  rt_memclr.o(.text)
    .text                                    0x000002b6   Section        0  heapauxi.o(.text)
    .text                                    0x000002bc   Section        0  exit.o(.text)
    .text                                    0x000002d0   Section        8  libspace.o(.text)
    .text                                    0x000002d8   Section        0  sys_exit.o(.text)
    .text                                    0x000002e4   Section        2  use_no_semi.o(.text)
    .text                                    0x000002e6   Section        0  indicate_semi.o(.text)
    [Anonymous Symbol]                       0x000002e8   Section        0  gpio_lpc17xx.o(.text.GPIO_PinRead)
    .ARM.__at_0x02FC                         0x000002fc   Section        4  startup_lpc17xx.o(.ARM.__at_0x02FC)
    .text                                    0x00000300   Section      100  rt_memcpy_w.o(.text)
    .text                                    0x00000364   Section       78  rt_memclr_w.o(.text)
    .text                                    0x000003b2   Section       74  sys_stackheap_outer.o(.text)
    [Anonymous Symbol]                       0x000003fc   Section        0  gpio_lpc17xx.o(.text.GPIO_PinWrite)
    [Anonymous Symbol]                       0x00000418   Section        0  gpio_lpc17xx.o(.text.GPIO_SetDir)
    [Anonymous Symbol]                       0x0000043c   Section        0  asciilib.o(.text.GetASCIICode)
    [Anonymous Symbol]                       0x00000470   Section        0  pin_lpc17xx.o(.text.PIN_Configure)
    [Anonymous Symbol]                       0x000004f0   Section        0  port.o(.text.PendSV_Handler)
    pxCurrentTCBConst                        0x00000530   Number         0  port.o(.text.PendSV_Handler)
    [Anonymous Symbol]                       0x00000540   Section        0  port.o(.text.SVC_Handler)
    pxCurrentTCBConst2                       0x00000560   Number         0  port.o(.text.SVC_Handler)
    [Anonymous Symbol]                       0x00000564   Section        0  cmsis_os2.o(.text.SysTick_Handler)
    [Anonymous Symbol]                       0x00000584   Section        0  system_lpc17xx.o(.text.SystemInit)
    __tagsym$$used.1                         0x00000650   Number         0  clib_arm.o(.text._mutex_acquire)
    [Anonymous Symbol]                       0x00000650   Section        0  clib_arm.o(.text._mutex_acquire)
    __tagsym$$used.3                         0x00000674   Number         0  clib_arm.o(.text._mutex_free)
    [Anonymous Symbol]                       0x00000674   Section        0  clib_arm.o(.text._mutex_free)
    __tagsym$$used.0                         0x000006a4   Number         0  clib_arm.o(.text._mutex_initialize)
    [Anonymous Symbol]                       0x000006a4   Section        0  clib_arm.o(.text._mutex_initialize)
    __tagsym$$used.2                         0x00000700   Number         0  clib_arm.o(.text._mutex_release)
    [Anonymous Symbol]                       0x00000700   Section        0  clib_arm.o(.text._mutex_release)
    [Anonymous Symbol]                       0x00000728   Section        0  clib_arm.o(.text._platform_post_stackheap_init)
    [Anonymous Symbol]                       0x0000072c   Section        0  main.o(.text.app_main)
    [Anonymous Symbol]                       0x000007e8   Section        0  main.o(.text.debugKeypadPrint)
    [Anonymous Symbol]                       0x00000948   Section        0  main.o(.text.draw)
    [Anonymous Symbol]                       0x000009b0   Section        0  main.o(.text.gpioSetup)
    [Anonymous Symbol]                       0x00000a2c   Section        0  lcd_ili9325.o(.text.init_ILI9325)
    [Anonymous Symbol]                       0x00000be4   Section        0  main.o(.text.keyboardScan)
    [Anonymous Symbol]                       0x00000c80   Section        0  open1768_lcd.o(.text.lcdConfiguration)
    [Anonymous Symbol]                       0x00000ca8   Section        0  open1768_lcd.o(.text.lcdSetCursor)
    [Anonymous Symbol]                       0x00000e70   Section        0  open1768_lcd.o(.text.lcdWriteData)
    [Anonymous Symbol]                       0x00000ecc   Section        0  open1768_lcd.o(.text.lcdWriteIndex)
    [Anonymous Symbol]                       0x00000f40   Section        0  open1768_lcd.o(.text.lcdWriteReg)
    [Anonymous Symbol]                       0x00000ff8   Section        0  main.o(.text.main)
    [Anonymous Symbol]                       0x00001038   Section        0  cmsis_os2.o(.text.osDelay)
    [Anonymous Symbol]                       0x00001074   Section        0  cmsis_os2.o(.text.osKernelGetState)
    [Anonymous Symbol]                       0x0000109c   Section        0  cmsis_os2.o(.text.osKernelInitialize)
    [Anonymous Symbol]                       0x000010ec   Section        0  cmsis_os2.o(.text.osKernelStart)
    [Anonymous Symbol]                       0x00001148   Section        0  cmsis_os2.o(.text.osThreadNew)
    prvAddCurrentTaskToDelayedList           0x00001231   Thumb Code   158  tasks.o(.text.prvAddCurrentTaskToDelayedList)
    [Anonymous Symbol]                       0x00001230   Section        0  tasks.o(.text.prvAddCurrentTaskToDelayedList)
    prvAddNewTaskToReadyList                 0x000012d1   Thumb Code   306  tasks.o(.text.prvAddNewTaskToReadyList)
    [Anonymous Symbol]                       0x000012d0   Section        0  tasks.o(.text.prvAddNewTaskToReadyList)
    prvIdleTask                              0x00001405   Thumb Code   130  tasks.o(.text.prvIdleTask)
    [Anonymous Symbol]                       0x00001404   Section        0  tasks.o(.text.prvIdleTask)
    prvPortStartFirstTask                    0x00001489   Thumb Code    32  port.o(.text.prvPortStartFirstTask)
    [Anonymous Symbol]                       0x00001488   Section        0  port.o(.text.prvPortStartFirstTask)
    prvProcessExpiredTimer                   0x000014a9   Thumb Code   124  timers.o(.text.prvProcessExpiredTimer)
    [Anonymous Symbol]                       0x000014a8   Section        0  timers.o(.text.prvProcessExpiredTimer)
    prvTaskExitError                         0x00001525   Thumb Code    34  port.o(.text.prvTaskExitError)
    [Anonymous Symbol]                       0x00001524   Section        0  port.o(.text.prvTaskExitError)
    prvTimerTask                             0x00001549   Thumb Code   562  timers.o(.text.prvTimerTask)
    [Anonymous Symbol]                       0x00001548   Section        0  timers.o(.text.prvTimerTask)
    prvUnlockQueue                           0x0000177d   Thumb Code   116  queue.o(.text.prvUnlockQueue)
    [Anonymous Symbol]                       0x0000177c   Section        0  queue.o(.text.prvUnlockQueue)
    [Anonymous Symbol]                       0x000017f0   Section        0  heap_4.o(.text.pvPortMalloc)
    [Anonymous Symbol]                       0x00001944   Section        0  tasks.o(.text.pvTaskIncrementMutexHeldCount)
    [Anonymous Symbol]                       0x0000195c   Section        0  port.o(.text.pxPortInitialiseStack)
    [Anonymous Symbol]                       0x0000197c   Section        0  main.o(.text.saveDateValue)
    KEYPAD_VALUES                            0x00001a4c   Number         0  main.o(.text.saveDateValue)
    [Anonymous Symbol]                       0x00001a8c   Section        0  list.o(.text.uxListRemove)
    [Anonymous Symbol]                       0x00001ab0   Section        0  cmsis_os2.o(.text.vApplicationGetIdleTaskMemory)
    [Anonymous Symbol]                       0x00001acc   Section        0  cmsis_os2.o(.text.vApplicationGetTimerTaskMemory)
    [Anonymous Symbol]                       0x00001ae8   Section        0  cmsis_os2.o(.text.vApplicationStackOverflowHook)
    [Anonymous Symbol]                       0x00001aec   Section        0  list.o(.text.vListInitialise)
    [Anonymous Symbol]                       0x00001b04   Section        0  list.o(.text.vListInitialiseItem)
    [Anonymous Symbol]                       0x00001b0c   Section        0  list.o(.text.vListInsert)
    [Anonymous Symbol]                       0x00001b48   Section        0  port.o(.text.vPortEnterCritical)
    [Anonymous Symbol]                       0x00001b68   Section        0  port.o(.text.vPortExitCritical)
    [Anonymous Symbol]                       0x00001b84   Section        0  heap_4.o(.text.vPortFree)
    [Anonymous Symbol]                       0x00001c24   Section        0  port.o(.text.vPortSetupTimerInterrupt)
    [Anonymous Symbol]                       0x00001c58   Section        0  queue.o(.text.vQueueDelete)
    [Anonymous Symbol]                       0x00001c68   Section        0  queue.o(.text.vQueueWaitForMessageRestricted)
    [Anonymous Symbol]                       0x00001cb0   Section        0  tasks.o(.text.vTaskDelay)
    [Anonymous Symbol]                       0x00001d40   Section        0  tasks.o(.text.vTaskInternalSetTimeOutState)
    [Anonymous Symbol]                       0x00001d5c   Section        0  tasks.o(.text.vTaskMissedYield)
    [Anonymous Symbol]                       0x00001d6c   Section        0  tasks.o(.text.vTaskPlaceOnEventList)
    [Anonymous Symbol]                       0x00001d8c   Section        0  tasks.o(.text.vTaskPlaceOnEventListRestricted)
    [Anonymous Symbol]                       0x00001de8   Section        0  tasks.o(.text.vTaskPriorityDisinheritAfterTimeout)
    [Anonymous Symbol]                       0x00001e74   Section        0  tasks.o(.text.vTaskStartScheduler)
    [Anonymous Symbol]                       0x00001f08   Section        0  tasks.o(.text.vTaskSuspendAll)
    __tagsym$$used.0                         0x00001f18   Number         0  tasks.o(.text.vTaskSwitchContext)
    [Anonymous Symbol]                       0x00001f18   Section        0  tasks.o(.text.vTaskSwitchContext)
    [Anonymous Symbol]                       0x00001fc4   Section        0  main.o(.text.writeClockDate)
    [Anonymous Symbol]                       0x0000241c   Section        0  main.o(.text.writeDateTypeToSeve)
    writeDateTypeToSeve.lettersRow           0x000024ac   Number         0  main.o(.text.writeDateTypeToSeve)
    [Anonymous Symbol]                       0x000024c8   Section        0  main.o(.text.writeKeypadInput)
    [Anonymous Symbol]                       0x0000253c   Section        0  port.o(.text.xPortStartScheduler)
    [Anonymous Symbol]                       0x00002590   Section        0  port.o(.text.xPortSysTickHandler)
    [Anonymous Symbol]                       0x000025c0   Section        0  queue.o(.text.xQueueCreateMutex)
    [Anonymous Symbol]                       0x000025e8   Section        0  queue.o(.text.xQueueCreateMutexStatic)
    [Anonymous Symbol]                       0x00002660   Section        0  queue.o(.text.xQueueGenericCreate)
    [Anonymous Symbol]                       0x000026e8   Section        0  queue.o(.text.xQueueGenericCreateStatic)
    [Anonymous Symbol]                       0x00002768   Section        0  queue.o(.text.xQueueGenericSend)
    [Anonymous Symbol]                       0x0000290c   Section        0  queue.o(.text.xQueueReceive)
    [Anonymous Symbol]                       0x00002a58   Section        0  queue.o(.text.xQueueSemaphoreTake)
    [Anonymous Symbol]                       0x00002bcc   Section        0  tasks.o(.text.xTaskCheckForTimeOut)
    [Anonymous Symbol]                       0x00002c2c   Section        0  tasks.o(.text.xTaskCreate)
    [Anonymous Symbol]                       0x00002d00   Section        0  tasks.o(.text.xTaskCreateStatic)
    [Anonymous Symbol]                       0x00002da8   Section        0  tasks.o(.text.xTaskGetSchedulerState)
    [Anonymous Symbol]                       0x00002dd0   Section        0  tasks.o(.text.xTaskGetTickCount)
    [Anonymous Symbol]                       0x00002ddc   Section        0  tasks.o(.text.xTaskIncrementTick)
    [Anonymous Symbol]                       0x00002f70   Section        0  tasks.o(.text.xTaskPriorityDisinherit)
    [Anonymous Symbol]                       0x00002fe4   Section        0  tasks.o(.text.xTaskPriorityInherit)
    [Anonymous Symbol]                       0x0000308c   Section        0  tasks.o(.text.xTaskRemoveFromEventList)
    [Anonymous Symbol]                       0x0000315c   Section        0  tasks.o(.text.xTaskResumeAll)
    [Anonymous Symbol]                       0x000032c8   Section        0  timers.o(.text.xTimerCreateTimerTask)
    AsciiLib                                 0x00003380   Data        3040  asciilib.o(.rodata.AsciiLib)
    [Anonymous Symbol]                       0x00003380   Section        0  asciilib.o(.rodata.AsciiLib)
    KEYBOARD_MAP                             0x00003f60   Data          16  main.o(.rodata.cst16)
    [Anonymous Symbol]                       0x00003f60   Section        0  main.o(.rodata.cst16)
    ROW_PINS                                 0x00003f70   Data           8  main.o(.rodata.cst8)
    [Anonymous Symbol]                       0x00003f70   Section        0  main.o(.rodata.cst8)
    COL_PINS                                 0x00003f78   Data           8  main.o(.rodata.cst8)
    ucHeap                                   0x10000000   Data        8192  heap_4.o(.bss.ucHeap)
    [Anonymous Symbol]                       0x10000000   Section        0  heap_4.o(.bss.ucHeap)
    saveDateValue.lastSavedValue             0x2007c004   Data           4  main.o(.data.saveDateValue.lastSavedValue)
    [Anonymous Symbol]                       0x2007c004   Section        0  main.o(.data.saveDateValue.lastSavedValue)
    uxCriticalNesting                        0x2007c008   Data           4  port.o(.data.uxCriticalNesting)
    [Anonymous Symbol]                       0x2007c008   Section        0  port.o(.data.uxCriticalNesting)
    .bss                                     0x2007c010   Section       96  libspace.o(.bss)
    KernelState                              0x2007c070   Data           4  cmsis_os2.o(.bss.KernelState)
    [Anonymous Symbol]                       0x2007c070   Section        0  cmsis_os2.o(.bss.KernelState)
    clib_mutex_cb                            0x2007c074   Data         400  clib_arm.o(.bss.clib_mutex_cb)
    [Anonymous Symbol]                       0x2007c074   Section        0  clib_arm.o(.bss.clib_mutex_cb)
    clib_mutex_id                            0x2007c204   Data          20  clib_arm.o(.bss.clib_mutex_id)
    [Anonymous Symbol]                       0x2007c204   Section        0  clib_arm.o(.bss.clib_mutex_id)
    prvCheckForValidListAndQueue.ucStaticTimerQueueStorage 0x2007c218   Data          80  timers.o(.bss.prvCheckForValidListAndQueue.ucStaticTimerQueueStorage)
    [Anonymous Symbol]                       0x2007c218   Section        0  timers.o(.bss.prvCheckForValidListAndQueue.ucStaticTimerQueueStorage)
    prvCheckForValidListAndQueue.xStaticTimerQueue 0x2007c268   Data          80  timers.o(.bss.prvCheckForValidListAndQueue.xStaticTimerQueue)
    [Anonymous Symbol]                       0x2007c268   Section        0  timers.o(.bss.prvCheckForValidListAndQueue.xStaticTimerQueue)
    prvSampleTimeNow.xLastTime               0x2007c2b8   Data           4  timers.o(.bss.prvSampleTimeNow.xLastTime)
    [Anonymous Symbol]                       0x2007c2b8   Section        0  timers.o(.bss.prvSampleTimeNow.xLastTime)
    __tagsym$$used.1                         0x2007c2bc   Number         0  tasks.o(.bss.pxCurrentTCB)
    pxCurrentTimerList                       0x2007c2c0   Data           4  timers.o(.bss.pxCurrentTimerList)
    [Anonymous Symbol]                       0x2007c2c0   Section        0  timers.o(.bss.pxCurrentTimerList)
    pxDelayedTaskList                        0x2007c2c4   Data           4  tasks.o(.bss.pxDelayedTaskList)
    [Anonymous Symbol]                       0x2007c2c4   Section        0  tasks.o(.bss.pxDelayedTaskList)
    pxEnd                                    0x2007c2c8   Data           4  heap_4.o(.bss.pxEnd)
    [Anonymous Symbol]                       0x2007c2c8   Section        0  heap_4.o(.bss.pxEnd)
    pxOverflowDelayedTaskList                0x2007c2cc   Data           4  tasks.o(.bss.pxOverflowDelayedTaskList)
    [Anonymous Symbol]                       0x2007c2cc   Section        0  tasks.o(.bss.pxOverflowDelayedTaskList)
    pxOverflowTimerList                      0x2007c2d0   Data           4  timers.o(.bss.pxOverflowTimerList)
    [Anonymous Symbol]                       0x2007c2d0   Section        0  timers.o(.bss.pxOverflowTimerList)
    pxReadyTasksLists                        0x2007c2d4   Data        1120  tasks.o(.bss.pxReadyTasksLists)
    [Anonymous Symbol]                       0x2007c2d4   Section        0  tasks.o(.bss.pxReadyTasksLists)
    saveDateValue.dateInputCounter           0x2007c734   Data           4  main.o(.bss.saveDateValue.dateInputCounter)
    [Anonymous Symbol]                       0x2007c734   Section        0  main.o(.bss.saveDateValue.dateInputCounter)
    uxCurrentNumberOfTasks                   0x2007c738   Data           4  tasks.o(.bss.uxCurrentNumberOfTasks)
    [Anonymous Symbol]                       0x2007c738   Section        0  tasks.o(.bss.uxCurrentNumberOfTasks)
    uxDeletedTasksWaitingCleanUp             0x2007c73c   Data           4  tasks.o(.bss.uxDeletedTasksWaitingCleanUp)
    [Anonymous Symbol]                       0x2007c73c   Section        0  tasks.o(.bss.uxDeletedTasksWaitingCleanUp)
    uxSchedulerSuspended                     0x2007c740   Data           4  tasks.o(.bss.uxSchedulerSuspended)
    [Anonymous Symbol]                       0x2007c740   Section        0  tasks.o(.bss.uxSchedulerSuspended)
    uxTaskNumber                             0x2007c744   Data           4  tasks.o(.bss.uxTaskNumber)
    [Anonymous Symbol]                       0x2007c744   Section        0  tasks.o(.bss.uxTaskNumber)
    uxTopReadyPriority                       0x2007c748   Data           4  tasks.o(.bss.uxTopReadyPriority)
    [Anonymous Symbol]                       0x2007c748   Section        0  tasks.o(.bss.uxTopReadyPriority)
    vApplicationGetIdleTaskMemory.Idle_Stack 0x2007c74c   Data         512  cmsis_os2.o(.bss.vApplicationGetIdleTaskMemory.Idle_Stack)
    [Anonymous Symbol]                       0x2007c74c   Section        0  cmsis_os2.o(.bss.vApplicationGetIdleTaskMemory.Idle_Stack)
    vApplicationGetIdleTaskMemory.Idle_TCB   0x2007c94c   Data          92  cmsis_os2.o(.bss.vApplicationGetIdleTaskMemory.Idle_TCB)
    [Anonymous Symbol]                       0x2007c94c   Section        0  cmsis_os2.o(.bss.vApplicationGetIdleTaskMemory.Idle_TCB)
    vApplicationGetTimerTaskMemory.Timer_Stack 0x2007c9a8   Data         320  cmsis_os2.o(.bss.vApplicationGetTimerTaskMemory.Timer_Stack)
    [Anonymous Symbol]                       0x2007c9a8   Section        0  cmsis_os2.o(.bss.vApplicationGetTimerTaskMemory.Timer_Stack)
    vApplicationGetTimerTaskMemory.Timer_TCB 0x2007cae8   Data          92  cmsis_os2.o(.bss.vApplicationGetTimerTaskMemory.Timer_TCB)
    [Anonymous Symbol]                       0x2007cae8   Section        0  cmsis_os2.o(.bss.vApplicationGetTimerTaskMemory.Timer_TCB)
    xActiveTimerList1                        0x2007cb44   Data          20  timers.o(.bss.xActiveTimerList1)
    [Anonymous Symbol]                       0x2007cb44   Section        0  timers.o(.bss.xActiveTimerList1)
    xActiveTimerList2                        0x2007cb58   Data          20  timers.o(.bss.xActiveTimerList2)
    [Anonymous Symbol]                       0x2007cb58   Section        0  timers.o(.bss.xActiveTimerList2)
    xDelayedTaskList1                        0x2007cb6c   Data          20  tasks.o(.bss.xDelayedTaskList1)
    [Anonymous Symbol]                       0x2007cb6c   Section        0  tasks.o(.bss.xDelayedTaskList1)
    xDelayedTaskList2                        0x2007cb80   Data          20  tasks.o(.bss.xDelayedTaskList2)
    [Anonymous Symbol]                       0x2007cb80   Section        0  tasks.o(.bss.xDelayedTaskList2)
    xFreeBytesRemaining                      0x2007cb94   Data           4  heap_4.o(.bss.xFreeBytesRemaining)
    [Anonymous Symbol]                       0x2007cb94   Section        0  heap_4.o(.bss.xFreeBytesRemaining)
    xIdleTaskHandle                          0x2007cb98   Data           4  tasks.o(.bss.xIdleTaskHandle)
    [Anonymous Symbol]                       0x2007cb98   Section        0  tasks.o(.bss.xIdleTaskHandle)
    xMinimumEverFreeBytesRemaining           0x2007cb9c   Data           4  heap_4.o(.bss.xMinimumEverFreeBytesRemaining)
    [Anonymous Symbol]                       0x2007cb9c   Section        0  heap_4.o(.bss.xMinimumEverFreeBytesRemaining)
    xNextTaskUnblockTime                     0x2007cba0   Data           4  tasks.o(.bss.xNextTaskUnblockTime)
    [Anonymous Symbol]                       0x2007cba0   Section        0  tasks.o(.bss.xNextTaskUnblockTime)
    xNumOfOverflows                          0x2007cba4   Data           4  tasks.o(.bss.xNumOfOverflows)
    [Anonymous Symbol]                       0x2007cba4   Section        0  tasks.o(.bss.xNumOfOverflows)
    xNumberOfSuccessfulAllocations           0x2007cba8   Data           4  heap_4.o(.bss.xNumberOfSuccessfulAllocations)
    [Anonymous Symbol]                       0x2007cba8   Section        0  heap_4.o(.bss.xNumberOfSuccessfulAllocations)
    xNumberOfSuccessfulFrees                 0x2007cbac   Data           4  heap_4.o(.bss.xNumberOfSuccessfulFrees)
    [Anonymous Symbol]                       0x2007cbac   Section        0  heap_4.o(.bss.xNumberOfSuccessfulFrees)
    xPendedTicks                             0x2007cbb0   Data           4  tasks.o(.bss.xPendedTicks)
    [Anonymous Symbol]                       0x2007cbb0   Section        0  tasks.o(.bss.xPendedTicks)
    xPendingReadyList                        0x2007cbb4   Data          20  tasks.o(.bss.xPendingReadyList)
    [Anonymous Symbol]                       0x2007cbb4   Section        0  tasks.o(.bss.xPendingReadyList)
    xSchedulerRunning                        0x2007cbc8   Data           4  tasks.o(.bss.xSchedulerRunning)
    [Anonymous Symbol]                       0x2007cbc8   Section        0  tasks.o(.bss.xSchedulerRunning)
    xStart                                   0x2007cbcc   Data           8  heap_4.o(.bss.xStart)
    [Anonymous Symbol]                       0x2007cbcc   Section        0  heap_4.o(.bss.xStart)
    xSuspendedTaskList                       0x2007cbd4   Data          20  tasks.o(.bss.xSuspendedTaskList)
    [Anonymous Symbol]                       0x2007cbd4   Section        0  tasks.o(.bss.xSuspendedTaskList)
    xTasksWaitingTermination                 0x2007cbe8   Data          20  tasks.o(.bss.xTasksWaitingTermination)
    [Anonymous Symbol]                       0x2007cbe8   Section        0  tasks.o(.bss.xTasksWaitingTermination)
    xTickCount                               0x2007cbfc   Data           4  tasks.o(.bss.xTickCount)
    [Anonymous Symbol]                       0x2007cbfc   Section        0  tasks.o(.bss.xTickCount)
    xTimerQueue                              0x2007cc00   Data           4  timers.o(.bss.xTimerQueue)
    [Anonymous Symbol]                       0x2007cc00   Section        0  timers.o(.bss.xTimerQueue)
    xTimerTaskHandle                         0x2007cc04   Data           4  timers.o(.bss.xTimerTaskHandle)
    [Anonymous Symbol]                       0x2007cc04   Section        0  timers.o(.bss.xTimerTaskHandle)
    xYieldPending                            0x2007cc08   Data           4  tasks.o(.bss.xYieldPending)
    [Anonymous Symbol]                       0x2007cc08   Section        0  tasks.o(.bss.xYieldPending)
    Heap_Mem                                 0x2007cc10   Data           0  startup_lpc17xx.o(HEAP)
    Stack_Mem                                0x2007cc10   Data         512  startup_lpc17xx.o(STACK)
    HEAP                                     0x2007cc10   Section        0  startup_lpc17xx.o(HEAP)
    STACK                                    0x2007cc10   Section      512  startup_lpc17xx.o(STACK)
    __initial_sp                             0x2007ce10   Data           0  startup_lpc17xx.o(STACK)

    Global Symbols

    Symbol Name                              Value     Ov Type        Size  Object(Section)

    BuildAttributes$$THM_ISAv4$P$D$K$B$S$PE$A:L22UL41UL21$X:L11$S22US41US21$IEEE1$IW$~IW$USESV6$~STKCKD$USESV7$~SHL$OTIME$ROPI$EBA8$UX$STANDARDLIB$REQ8$PRES8$EABIv2 0x00000000   Number         0  anon$$obj.o ABSOLUTE
    __Vectors                                0x00000000   Data           4  startup_lpc17xx.o(RESET)
    __fp_init_empty                          0x00000000   Number         0  fpinit_empty.o ABSOLUTE
    __ARM_exceptions_init                     - Undefined Weak Reference
    __alloca_initialize                       - Undefined Weak Reference
    __arm_preinit_                            - Undefined Weak Reference
    __arm_relocate_pie_                       - Undefined Weak Reference
    __cpp_initialize__aeabi_                  - Undefined Weak Reference
    __cxa_finalize                            - Undefined Weak Reference
    __rt_locale                               - Undefined Weak Reference
    __sigvec_lookup                           - Undefined Weak Reference
    _atexit_init                              - Undefined Weak Reference
    _call_atexit_fns                          - Undefined Weak Reference
    _clock_init                               - Undefined Weak Reference
    _fp_trap_init                             - Undefined Weak Reference
    _fp_trap_shutdown                         - Undefined Weak Reference
    _get_lc_collate                           - Undefined Weak Reference
    _get_lc_ctype                             - Undefined Weak Reference
    _get_lc_monetary                          - Undefined Weak Reference
    _get_lc_numeric                           - Undefined Weak Reference
    _get_lc_time                              - Undefined Weak Reference
    _getenv_init                              - Undefined Weak Reference
    _handle_redirection                       - Undefined Weak Reference
    _init_alloc                               - Undefined Weak Reference
    _init_user_alloc                          - Undefined Weak Reference
    _initio                                   - Undefined Weak Reference
    _rand_init                                - Undefined Weak Reference
    _signal_finish                            - Undefined Weak Reference
    _signal_init                              - Undefined Weak Reference
    _terminate_alloc                          - Undefined Weak Reference
    _terminate_user_alloc                     - Undefined Weak Reference
    _terminateio                              - Undefined Weak Reference
    __main                                   0x000000cd   Thumb Code     8  __main.o(!!!main)
    __scatterload                            0x000000d5   Thumb Code     0  __scatter.o(!!!scatter)
    __scatterload_rt2                        0x000000d5   Thumb Code    84  __scatter.o(!!!scatter)
    __scatterload_rt2_thumb_only             0x000000d5   Thumb Code     0  __scatter.o(!!!scatter)
    __scatterload_loop                       0x000000df   Thumb Code     0  __scatter.o(!!!scatter)
    __scatterload_copy                       0x00000131   Thumb Code    26  __scatter_copy.o(!!handler_copy)
    __scatterload_null                       0x0000014d   Thumb Code     2  __scatter.o(!!handler_null)
    __scatterload_zeroinit                   0x00000151   Thumb Code    28  __scatter_zi.o(!!handler_zi)
    __rt_lib_init                            0x0000016d   Thumb Code     0  libinit.o(.ARM.Collect$$libinit$$00000000)
    __rt_lib_init_alloca_1                   0x0000016f   Thumb Code     0  libinit2.o(.ARM.Collect$$libinit$$00000030)
    __rt_lib_init_argv_1                     0x0000016f   Thumb Code     0  libinit2.o(.ARM.Collect$$libinit$$0000002E)
    __rt_lib_init_atexit_1                   0x0000016f   Thumb Code     0  libinit2.o(.ARM.Collect$$libinit$$0000001D)
    __rt_lib_init_clock_1                    0x0000016f   Thumb Code     0  libinit2.o(.ARM.Collect$$libinit$$00000023)
    __rt_lib_init_cpp_1                      0x0000016f   Thumb Code     0  libinit2.o(.ARM.Collect$$libinit$$00000034)
    __rt_lib_init_exceptions_1               0x0000016f   Thumb Code     0  libinit2.o(.ARM.Collect$$libinit$$00000032)
    __rt_lib_init_fp_1                       0x0000016f   Thumb Code     0  libinit2.o(.ARM.Collect$$libinit$$00000002)
    __rt_lib_init_fp_trap_1                  0x0000016f   Thumb Code     0  libinit2.o(.ARM.Collect$$libinit$$00000021)
    __rt_lib_init_getenv_1                   0x0000016f   Thumb Code     0  libinit2.o(.ARM.Collect$$libinit$$00000025)
    __rt_lib_init_heap_1                     0x0000016f   Thumb Code     0  libinit2.o(.ARM.Collect$$libinit$$0000000C)
    __rt_lib_init_lc_collate_1               0x0000016f   Thumb Code     0  libinit2.o(.ARM.Collect$$libinit$$00000013)
    __rt_lib_init_lc_ctype_1                 0x0000016f   Thumb Code     0  libinit2.o(.ARM.Collect$$libinit$$00000015)
    __rt_lib_init_lc_monetary_1              0x0000016f   Thumb Code     0  libinit2.o(.ARM.Collect$$libinit$$00000017)
    __rt_lib_init_lc_numeric_1               0x0000016f   Thumb Code     0  libinit2.o(.ARM.Collect$$libinit$$00000019)
    __rt_lib_init_lc_time_1                  0x0000016f   Thumb Code     0  libinit2.o(.ARM.Collect$$libinit$$0000001B)
    __rt_lib_init_preinit_1                  0x0000016f   Thumb Code     0  libinit2.o(.ARM.Collect$$libinit$$00000006)
    __rt_lib_init_rand_1                     0x0000016f   Thumb Code     0  libinit2.o(.ARM.Collect$$libinit$$00000010)
    __rt_lib_init_relocate_pie_1             0x0000016f   Thumb Code     0  libinit2.o(.ARM.Collect$$libinit$$00000004)
    __rt_lib_init_return                     0x0000016f   Thumb Code     0  libinit2.o(.ARM.Collect$$libinit$$00000035)
    __rt_lib_init_signal_1                   0x0000016f   Thumb Code     0  libinit2.o(.ARM.Collect$$libinit$$0000001F)
    __rt_lib_init_stdio_1                    0x0000016f   Thumb Code     0  libinit2.o(.ARM.Collect$$libinit$$00000027)
    __rt_lib_init_user_alloc_1               0x0000016f   Thumb Code     0  libinit2.o(.ARM.Collect$$libinit$$0000000E)
    __rt_lib_shutdown                        0x00000171   Thumb Code     0  libshutdown.o(.ARM.Collect$$libshutdown$$00000000)
    __rt_lib_shutdown_cpp_1                  0x00000173   Thumb Code     0  libshutdown2.o(.ARM.Collect$$libshutdown$$00000002)
    __rt_lib_shutdown_fp_trap_1              0x00000173   Thumb Code     0  libshutdown2.o(.ARM.Collect$$libshutdown$$00000007)
    __rt_lib_shutdown_heap_1                 0x00000173   Thumb Code     0  libshutdown2.o(.ARM.Collect$$libshutdown$$0000000F)
    __rt_lib_shutdown_return                 0x00000173   Thumb Code     0  libshutdown2.o(.ARM.Collect$$libshutdown$$00000010)
    __rt_lib_shutdown_signal_1               0x00000173   Thumb Code     0  libshutdown2.o(.ARM.Collect$$libshutdown$$0000000A)
    __rt_lib_shutdown_stdio_1                0x00000173   Thumb Code     0  libshutdown2.o(.ARM.Collect$$libshutdown$$00000004)
    __rt_lib_shutdown_user_alloc_1           0x00000173   Thumb Code     0  libshutdown2.o(.ARM.Collect$$libshutdown$$0000000C)
    __rt_entry                               0x00000175   Thumb Code     0  __rtentry.o(.ARM.Collect$$rtentry$$00000000)
    __rt_entry_presh_1                       0x00000175   Thumb Code     0  __rtentry2.o(.ARM.Collect$$rtentry$$00000002)
    __rt_entry_sh                            0x00000175   Thumb Code     0  __rtentry4.o(.ARM.Collect$$rtentry$$00000004)
    __rt_entry_postsh_1                      0x0000017b   Thumb Code     0  __rtentry2.o(.ARM.Collect$$rtentry$$00000008)
    __rt_entry_li                            0x00000183   Thumb Code     0  __rtentry2.o(.ARM.Collect$$rtentry$$0000000A)
    __rt_entry_main                          0x00000187   Thumb Code     0  __rtentry2.o(.ARM.Collect$$rtentry$$0000000D)
    __rt_entry_postli_1                      0x00000187   Thumb Code     0  __rtentry2.o(.ARM.Collect$$rtentry$$0000000C)
    __rt_exit                                0x0000018f   Thumb Code     0  rtexit.o(.ARM.Collect$$rtexit$$00000000)
    __rt_exit_ls                             0x00000191   Thumb Code     0  rtexit2.o(.ARM.Collect$$rtexit$$00000003)
    __rt_exit_prels_1                        0x00000191   Thumb Code     0  rtexit2.o(.ARM.Collect$$rtexit$$00000002)
    __rt_exit_exit                           0x00000195   Thumb Code     0  rtexit2.o(.ARM.Collect$$rtexit$$00000004)
    Reset_Handler                            0x0000019d   Thumb Code     8  startup_lpc17xx.o(.text)
    NMI_Handler                              0x000001a5   Thumb Code     2  startup_lpc17xx.o(.text)
    HardFault_Handler                        0x000001a7   Thumb Code     2  startup_lpc17xx.o(.text)
    MemManage_Handler                        0x000001a9   Thumb Code     2  startup_lpc17xx.o(.text)
    BusFault_Handler                         0x000001ab   Thumb Code     2  startup_lpc17xx.o(.text)
    UsageFault_Handler                       0x000001ad   Thumb Code     2  startup_lpc17xx.o(.text)
    DebugMon_Handler                         0x000001b1   Thumb Code     2  startup_lpc17xx.o(.text)
    ADC_IRQHandler                           0x000001b7   Thumb Code     0  startup_lpc17xx.o(.text)
    BOD_IRQHandler                           0x000001b7   Thumb Code     0  startup_lpc17xx.o(.text)
    CANActivity_IRQHandler                   0x000001b7   Thumb Code     0  startup_lpc17xx.o(.text)
    CAN_IRQHandler                           0x000001b7   Thumb Code     0  startup_lpc17xx.o(.text)
    DMA_IRQHandler                           0x000001b7   Thumb Code     0  startup_lpc17xx.o(.text)
    EINT0_IRQHandler                         0x000001b7   Thumb Code     0  startup_lpc17xx.o(.text)
    EINT1_IRQHandler                         0x000001b7   Thumb Code     0  startup_lpc17xx.o(.text)
    EINT2_IRQHandler                         0x000001b7   Thumb Code     0  startup_lpc17xx.o(.text)
    EINT3_IRQHandler                         0x000001b7   Thumb Code     0  startup_lpc17xx.o(.text)
    ENET_IRQHandler                          0x000001b7   Thumb Code     0  startup_lpc17xx.o(.text)
    I2C0_IRQHandler                          0x000001b7   Thumb Code     0  startup_lpc17xx.o(.text)
    I2C1_IRQHandler                          0x000001b7   Thumb Code     0  startup_lpc17xx.o(.text)
    I2C2_IRQHandler                          0x000001b7   Thumb Code     0  startup_lpc17xx.o(.text)
    I2S_IRQHandler                           0x000001b7   Thumb Code     0  startup_lpc17xx.o(.text)
    MCPWM_IRQHandler                         0x000001b7   Thumb Code     0  startup_lpc17xx.o(.text)
    PLL0_IRQHandler                          0x000001b7   Thumb Code     0  startup_lpc17xx.o(.text)
    PLL1_IRQHandler                          0x000001b7   Thumb Code     0  startup_lpc17xx.o(.text)
    PWM1_IRQHandler                          0x000001b7   Thumb Code     0  startup_lpc17xx.o(.text)
    QEI_IRQHandler                           0x000001b7   Thumb Code     0  startup_lpc17xx.o(.text)
    RIT_IRQHandler                           0x000001b7   Thumb Code     0  startup_lpc17xx.o(.text)
    RTC_IRQHandler                           0x000001b7   Thumb Code     0  startup_lpc17xx.o(.text)
    SPI_IRQHandler                           0x000001b7   Thumb Code     0  startup_lpc17xx.o(.text)
    SSP0_IRQHandler                          0x000001b7   Thumb Code     0  startup_lpc17xx.o(.text)
    SSP1_IRQHandler                          0x000001b7   Thumb Code     0  startup_lpc17xx.o(.text)
    TIMER0_IRQHandler                        0x000001b7   Thumb Code     0  startup_lpc17xx.o(.text)
    TIMER1_IRQHandler                        0x000001b7   Thumb Code     0  startup_lpc17xx.o(.text)
    TIMER2_IRQHandler                        0x000001b7   Thumb Code     0  startup_lpc17xx.o(.text)
    TIMER3_IRQHandler                        0x000001b7   Thumb Code     0  startup_lpc17xx.o(.text)
    UART0_IRQHandler                         0x000001b7   Thumb Code     0  startup_lpc17xx.o(.text)
    UART1_IRQHandler                         0x000001b7   Thumb Code     0  startup_lpc17xx.o(.text)
    UART2_IRQHandler                         0x000001b7   Thumb Code     0  startup_lpc17xx.o(.text)
    UART3_IRQHandler                         0x000001b7   Thumb Code     0  startup_lpc17xx.o(.text)
    USBActivity_IRQHandler                   0x000001b7   Thumb Code     0  startup_lpc17xx.o(.text)
    USB_IRQHandler                           0x000001b7   Thumb Code     0  startup_lpc17xx.o(.text)
    WDT_IRQHandler                           0x000001b7   Thumb Code     0  startup_lpc17xx.o(.text)
    __user_initial_stackheap                 0x000001b9   Thumb Code     0  startup_lpc17xx.o(.text)
    __aeabi_memcpy                           0x000001d9   Thumb Code     0  rt_memcpy_v6.o(.text)
    __rt_memcpy                              0x000001d9   Thumb Code   138  rt_memcpy_v6.o(.text)
    _memcpy_lastbytes                        0x0000023f   Thumb Code     0  rt_memcpy_v6.o(.text)
    __aeabi_memset4                          0x00000263   Thumb Code    16  aeabi_memset4.o(.text)
    __aeabi_memset8                          0x00000263   Thumb Code     0  aeabi_memset4.o(.text)
    __aeabi_memclr                           0x00000273   Thumb Code     0  rt_memclr.o(.text)
    __rt_memclr                              0x00000273   Thumb Code     0  rt_memclr.o(.text)
    _memset                                  0x00000277   Thumb Code    64  rt_memclr.o(.text)
    __use_two_region_memory                  0x000002b7   Thumb Code     2  heapauxi.o(.text)
    __rt_heap_escrow$2region                 0x000002b9   Thumb Code     2  heapauxi.o(.text)
    __rt_heap_expand$2region                 0x000002bb   Thumb Code     2  heapauxi.o(.text)
    exit                                     0x000002bd   Thumb Code    18  exit.o(.text)
    __user_libspace                          0x000002d1   Thumb Code     8  libspace.o(.text)
    __user_perproc_libspace                  0x000002d1   Thumb Code     0  libspace.o(.text)
    _sys_exit                                0x000002d9   Thumb Code     8  sys_exit.o(.text)
    __I$use$semihosting                      0x000002e5   Thumb Code     0  use_no_semi.o(.text)
    __use_no_semihosting_swi                 0x000002e5   Thumb Code     2  use_no_semi.o(.text)
    __semihosting_library_function           0x000002e7   Thumb Code     0  indicate_semi.o(.text)
    GPIO_PinRead                             0x000002e9   Thumb Code    20  gpio_lpc17xx.o(.text.GPIO_PinRead)
    __aeabi_memcpy4                          0x00000301   Thumb Code     0  rt_memcpy_w.o(.text)
    __aeabi_memcpy8                          0x00000301   Thumb Code     0  rt_memcpy_w.o(.text)
    __rt_memcpy_w                            0x00000301   Thumb Code   100  rt_memcpy_w.o(.text)
    _memcpy_lastbytes_aligned                0x00000349   Thumb Code     0  rt_memcpy_w.o(.text)
    __aeabi_memclr4                          0x00000365   Thumb Code     0  rt_memclr_w.o(.text)
    __aeabi_memclr8                          0x00000365   Thumb Code     0  rt_memclr_w.o(.text)
    __rt_memclr_w                            0x00000365   Thumb Code     0  rt_memclr_w.o(.text)
    _memset_w                                0x00000369   Thumb Code    74  rt_memclr_w.o(.text)
    __user_setup_stackheap                   0x000003b3   Thumb Code    74  sys_stackheap_outer.o(.text)
    GPIO_PinWrite                            0x000003fd   Thumb Code    28  gpio_lpc17xx.o(.text.GPIO_PinWrite)
    GPIO_SetDir                              0x00000419   Thumb Code    34  gpio_lpc17xx.o(.text.GPIO_SetDir)
    GetASCIICode                             0x0000043d   Thumb Code    50  asciilib.o(.text.GetASCIICode)
    PIN_Configure                            0x00000471   Thumb Code   116  pin_lpc17xx.o(.text.PIN_Configure)
    PendSV_Handler                           0x000004f1   Thumb Code    68  port.o(.text.PendSV_Handler)
    SVC_Handler                              0x00000541   Thumb Code    36  port.o(.text.SVC_Handler)
    SysTick_Handler                          0x00000565   Thumb Code    30  cmsis_os2.o(.text.SysTick_Handler)
    SystemInit                               0x00000585   Thumb Code   204  system_lpc17xx.o(.text.SystemInit)
    _mutex_acquire                           0x00000651   Thumb Code    36  clib_arm.o(.text._mutex_acquire)
    _mutex_free                              0x00000675   Thumb Code    48  clib_arm.o(.text._mutex_free)
    _mutex_initialize                        0x000006a5   Thumb Code    90  clib_arm.o(.text._mutex_initialize)
    _mutex_release                           0x00000701   Thumb Code    38  clib_arm.o(.text._mutex_release)
    _platform_post_stackheap_init            0x00000729   Thumb Code     2  clib_arm.o(.text._platform_post_stackheap_init)
    app_main                                 0x0000072d   Thumb Code   186  main.o(.text.app_main)
    debugKeypadPrint                         0x000007e9   Thumb Code   352  main.o(.text.debugKeypadPrint)
    draw                                     0x00000949   Thumb Code   104  main.o(.text.draw)
    gpioSetup                                0x000009b1   Thumb Code   124  main.o(.text.gpioSetup)
    init_ILI9325                             0x00000a2d   Thumb Code   440  lcd_ili9325.o(.text.init_ILI9325)
    keyboardScan                             0x00000be5   Thumb Code   156  main.o(.text.keyboardScan)
    lcdConfiguration                         0x00000c81   Thumb Code    38  open1768_lcd.o(.text.lcdConfiguration)
    lcdSetCursor                             0x00000ca9   Thumb Code   454  open1768_lcd.o(.text.lcdSetCursor)
    lcdWriteData                             0x00000e71   Thumb Code    90  open1768_lcd.o(.text.lcdWriteData)
    lcdWriteIndex                            0x00000ecd   Thumb Code   114  open1768_lcd.o(.text.lcdWriteIndex)
    lcdWriteReg                              0x00000f41   Thumb Code   182  open1768_lcd.o(.text.lcdWriteReg)
    main                                     0x00000ff9   Thumb Code    62  main.o(.text.main)
    osDelay                                  0x00001039   Thumb Code    58  cmsis_os2.o(.text.osDelay)
    osKernelGetState                         0x00001075   Thumb Code    38  cmsis_os2.o(.text.osKernelGetState)
    osKernelInitialize                       0x0000109d   Thumb Code    80  cmsis_os2.o(.text.osKernelInitialize)
    osKernelStart                            0x000010ed   Thumb Code    90  cmsis_os2.o(.text.osKernelStart)
    osThreadNew                              0x00001149   Thumb Code   232  cmsis_os2.o(.text.osThreadNew)
    pvPortMalloc                             0x000017f1   Thumb Code   340  heap_4.o(.text.pvPortMalloc)
    pvTaskIncrementMutexHeldCount            0x00001945   Thumb Code    24  tasks.o(.text.pvTaskIncrementMutexHeldCount)
    pxPortInitialiseStack                    0x0000195d   Thumb Code    32  port.o(.text.pxPortInitialiseStack)
    saveDateValue                            0x0000197d   Thumb Code   208  main.o(.text.saveDateValue)
    uxListRemove                             0x00001a8d   Thumb Code    36  list.o(.text.uxListRemove)
    vApplicationGetIdleTaskMemory            0x00001ab1   Thumb Code    26  cmsis_os2.o(.text.vApplicationGetIdleTaskMemory)
    vApplicationGetTimerTaskMemory           0x00001acd   Thumb Code    26  cmsis_os2.o(.text.vApplicationGetTimerTaskMemory)
    vApplicationStackOverflowHook            0x00001ae9   Thumb Code     2  cmsis_os2.o(.text.vApplicationStackOverflowHook)
    vListInitialise                          0x00001aed   Thumb Code    22  list.o(.text.vListInitialise)
    vListInitialiseItem                      0x00001b05   Thumb Code     6  list.o(.text.vListInitialiseItem)
    vListInsert                              0x00001b0d   Thumb Code    58  list.o(.text.vListInsert)
    vPortEnterCritical                       0x00001b49   Thumb Code    32  port.o(.text.vPortEnterCritical)
    vPortExitCritical                        0x00001b69   Thumb Code    26  port.o(.text.vPortExitCritical)
    vPortFree                                0x00001b85   Thumb Code   158  heap_4.o(.text.vPortFree)
    vPortSetupTimerInterrupt                 0x00001c25   Thumb Code    52  port.o(.text.vPortSetupTimerInterrupt)
    vQueueDelete                             0x00001c59   Thumb Code    14  queue.o(.text.vQueueDelete)
    vQueueWaitForMessageRestricted           0x00001c69   Thumb Code    70  queue.o(.text.vQueueWaitForMessageRestricted)
    vTaskDelay                               0x00001cb1   Thumb Code   142  tasks.o(.text.vTaskDelay)
    vTaskInternalSetTimeOutState             0x00001d41   Thumb Code    26  tasks.o(.text.vTaskInternalSetTimeOutState)
    vTaskMissedYield                         0x00001d5d   Thumb Code    14  tasks.o(.text.vTaskMissedYield)
    vTaskPlaceOnEventList                    0x00001d6d   Thumb Code    32  tasks.o(.text.vTaskPlaceOnEventList)
    vTaskPlaceOnEventListRestricted          0x00001d8d   Thumb Code    90  tasks.o(.text.vTaskPlaceOnEventListRestricted)
    vTaskPriorityDisinheritAfterTimeout      0x00001de9   Thumb Code   138  tasks.o(.text.vTaskPriorityDisinheritAfterTimeout)
    vTaskStartScheduler                      0x00001e75   Thumb Code   140  tasks.o(.text.vTaskStartScheduler)
    vTaskSuspendAll                          0x00001f09   Thumb Code    16  tasks.o(.text.vTaskSuspendAll)
    vTaskSwitchContext                       0x00001f19   Thumb Code   172  tasks.o(.text.vTaskSwitchContext)
    writeClockDate                           0x00001fc5   Thumb Code  1112  main.o(.text.writeClockDate)
    writeDateTypeToSeve                      0x0000241d   Thumb Code   144  main.o(.text.writeDateTypeToSeve)
    writeKeypadInput                         0x000024c9   Thumb Code   116  main.o(.text.writeKeypadInput)
    xPortStartScheduler                      0x0000253d   Thumb Code    84  port.o(.text.xPortStartScheduler)
    xPortSysTickHandler                      0x00002591   Thumb Code    46  port.o(.text.xPortSysTickHandler)
    xQueueCreateMutex                        0x000025c1   Thumb Code    40  queue.o(.text.xQueueCreateMutex)
    xQueueCreateMutexStatic                  0x000025e9   Thumb Code   120  queue.o(.text.xQueueCreateMutexStatic)
    xQueueGenericCreate                      0x00002661   Thumb Code   134  queue.o(.text.xQueueGenericCreate)
    xQueueGenericCreateStatic                0x000026e9   Thumb Code   128  queue.o(.text.xQueueGenericCreateStatic)
    xQueueGenericSend                        0x00002769   Thumb Code   418  queue.o(.text.xQueueGenericSend)
    xQueueReceive                            0x0000290d   Thumb Code   332  queue.o(.text.xQueueReceive)
    xQueueSemaphoreTake                      0x00002a59   Thumb Code   372  queue.o(.text.xQueueSemaphoreTake)
    xTaskCheckForTimeOut                     0x00002bcd   Thumb Code    96  tasks.o(.text.xTaskCheckForTimeOut)
    xTaskCreate                              0x00002c2d   Thumb Code   210  tasks.o(.text.xTaskCreate)
    xTaskCreateStatic                        0x00002d01   Thumb Code   168  tasks.o(.text.xTaskCreateStatic)
    xTaskGetSchedulerState                   0x00002da9   Thumb Code    38  tasks.o(.text.xTaskGetSchedulerState)
    xTaskGetTickCount                        0x00002dd1   Thumb Code    12  tasks.o(.text.xTaskGetTickCount)
    xTaskIncrementTick                       0x00002ddd   Thumb Code   402  tasks.o(.text.xTaskIncrementTick)
    xTaskPriorityDisinherit                  0x00002f71   Thumb Code   114  tasks.o(.text.xTaskPriorityDisinherit)
    xTaskPriorityInherit                     0x00002fe5   Thumb Code   166  tasks.o(.text.xTaskPriorityInherit)
    xTaskRemoveFromEventList                 0x0000308d   Thumb Code   206  tasks.o(.text.xTaskRemoveFromEventList)
    xTaskResumeAll                           0x0000315d   Thumb Code   364  tasks.o(.text.xTaskResumeAll)
    xTimerCreateTimerTask                    0x000032c9   Thumb Code   176  timers.o(.text.xTimerCreateTimerTask)
    uxTopUsedPriority                        0x00003f80   Data           4  tasks.o(.rodata.uxTopUsedPriority)
    Region$$Table$$Base                      0x00003f84   Number         0  anon$$obj.o(Region$$Table)
    Region$$Table$$Limit                     0x00003fb4   Number         0  anon$$obj.o(Region$$Table)
    SystemCoreClock                          0x2007c000   Data           4  system_lpc17xx.o(.data.SystemCoreClock)
    __libspace_start                         0x2007c010   Data          96  libspace.o(.bss)
    __temporary_stack_top$libspace           0x2007c070   Data           0  libspace.o(.bss)
    pxCurrentTCB                             0x2007c2bc   Data           4  tasks.o(.bss.pxCurrentTCB)



==============================================================================

Memory Map of the image

  Image Entry point : 0x000000cd

  Load Region LR_IROM1 (Base: 0x00000000, Size: 0x00003fc8, Max: 0x00080000, ABSOLUTE)

    Execution Region ER_IROM1 (Exec base: 0x00000000, Load base: 0x00000000, Size: 0x00003fb4, Max: 0x00080000, ABSOLUTE)

    Exec Addr    Load Addr    Size         Type   Attr      Idx    E Section Name        Object

    0x00000000   0x00000000   0x000000cc   Data   RO          363    RESET               startup_lpc17xx.o
    0x000000cc   0x000000cc   0x00000008   Code   RO          777  * !!!main             c_w.l(__main.o)
    0x000000d4   0x000000d4   0x0000005c   Code   RO          954    !!!scatter          c_w.l(__scatter.o)
    0x00000130   0x00000130   0x0000001a   Code   RO          958    !!handler_copy      c_w.l(__scatter_copy.o)
    0x0000014a   0x0000014a   0x00000002   PAD
    0x0000014c   0x0000014c   0x00000002   Code   RO          955    !!handler_null      c_w.l(__scatter.o)
    0x0000014e   0x0000014e   0x00000002   PAD
    0x00000150   0x00000150   0x0000001c   Code   RO          960    !!handler_zi        c_w.l(__scatter_zi.o)
    0x0000016c   0x0000016c   0x00000002   Code   RO          816    .ARM.Collect$$libinit$$00000000  c_w.l(libinit.o)
    0x0000016e   0x0000016e   0x00000000   Code   RO          829    .ARM.Collect$$libinit$$00000002  c_w.l(libinit2.o)
    0x0000016e   0x0000016e   0x00000000   Code   RO          831    .ARM.Collect$$libinit$$00000004  c_w.l(libinit2.o)
    0x0000016e   0x0000016e   0x00000000   Code   RO          833    .ARM.Collect$$libinit$$00000006  c_w.l(libinit2.o)
    0x0000016e   0x0000016e   0x00000000   Code   RO          836    .ARM.Collect$$libinit$$0000000C  c_w.l(libinit2.o)
    0x0000016e   0x0000016e   0x00000000   Code   RO          838    .ARM.Collect$$libinit$$0000000E  c_w.l(libinit2.o)
    0x0000016e   0x0000016e   0x00000000   Code   RO          840    .ARM.Collect$$libinit$$00000010  c_w.l(libinit2.o)
    0x0000016e   0x0000016e   0x00000000   Code   RO          843    .ARM.Collect$$libinit$$00000013  c_w.l(libinit2.o)
    0x0000016e   0x0000016e   0x00000000   Code   RO          845    .ARM.Collect$$libinit$$00000015  c_w.l(libinit2.o)
    0x0000016e   0x0000016e   0x00000000   Code   RO          847    .ARM.Collect$$libinit$$00000017  c_w.l(libinit2.o)
    0x0000016e   0x0000016e   0x00000000   Code   RO          849    .ARM.Collect$$libinit$$00000019  c_w.l(libinit2.o)
    0x0000016e   0x0000016e   0x00000000   Code   RO          851    .ARM.Collect$$libinit$$0000001B  c_w.l(libinit2.o)
    0x0000016e   0x0000016e   0x00000000   Code   RO          853    .ARM.Collect$$libinit$$0000001D  c_w.l(libinit2.o)
    0x0000016e   0x0000016e   0x00000000   Code   RO          855    .ARM.Collect$$libinit$$0000001F  c_w.l(libinit2.o)
    0x0000016e   0x0000016e   0x00000000   Code   RO          857    .ARM.Collect$$libinit$$00000021  c_w.l(libinit2.o)
    0x0000016e   0x0000016e   0x00000000   Code   RO          859    .ARM.Collect$$libinit$$00000023  c_w.l(libinit2.o)
    0x0000016e   0x0000016e   0x00000000   Code   RO          861    .ARM.Collect$$libinit$$00000025  c_w.l(libinit2.o)
    0x0000016e   0x0000016e   0x00000000   Code   RO          863    .ARM.Collect$$libinit$$00000027  c_w.l(libinit2.o)
    0x0000016e   0x0000016e   0x00000000   Code   RO          867    .ARM.Collect$$libinit$$0000002E  c_w.l(libinit2.o)
    0x0000016e   0x0000016e   0x00000000   Code   RO          869    .ARM.Collect$$libinit$$00000030  c_w.l(libinit2.o)
    0x0000016e   0x0000016e   0x00000000   Code   RO          871    .ARM.Collect$$libinit$$00000032  c_w.l(libinit2.o)
    0x0000016e   0x0000016e   0x00000000   Code   RO          873    .ARM.Collect$$libinit$$00000034  c_w.l(libinit2.o)
    0x0000016e   0x0000016e   0x00000002   Code   RO          874    .ARM.Collect$$libinit$$00000035  c_w.l(libinit2.o)
    0x00000170   0x00000170   0x00000002   Code   RO          909    .ARM.Collect$$libshutdown$$00000000  c_w.l(libshutdown.o)
    0x00000172   0x00000172   0x00000000   Code   RO          937    .ARM.Collect$$libshutdown$$00000002  c_w.l(libshutdown2.o)
    0x00000172   0x00000172   0x00000000   Code   RO          939    .ARM.Collect$$libshutdown$$00000004  c_w.l(libshutdown2.o)
    0x00000172   0x00000172   0x00000000   Code   RO          942    .ARM.Collect$$libshutdown$$00000007  c_w.l(libshutdown2.o)
    0x00000172   0x00000172   0x00000000   Code   RO          945    .ARM.Collect$$libshutdown$$0000000A  c_w.l(libshutdown2.o)
    0x00000172   0x00000172   0x00000000   Code   RO          947    .ARM.Collect$$libshutdown$$0000000C  c_w.l(libshutdown2.o)
    0x00000172   0x00000172   0x00000000   Code   RO          950    .ARM.Collect$$libshutdown$$0000000F  c_w.l(libshutdown2.o)
    0x00000172   0x00000172   0x00000002   Code   RO          951    .ARM.Collect$$libshutdown$$00000010  c_w.l(libshutdown2.o)
    0x00000174   0x00000174   0x00000000   Code   RO          779    .ARM.Collect$$rtentry$$00000000  c_w.l(__rtentry.o)
    0x00000174   0x00000174   0x00000000   Code   RO          789    .ARM.Collect$$rtentry$$00000002  c_w.l(__rtentry2.o)
    0x00000174   0x00000174   0x00000006   Code   RO          801    .ARM.Collect$$rtentry$$00000004  c_w.l(__rtentry4.o)
    0x0000017a   0x0000017a   0x00000008   Code   RO          790    .ARM.Collect$$rtentry$$00000008  c_w.l(__rtentry2.o)
    0x00000182   0x00000182   0x00000004   Code   RO          792    .ARM.Collect$$rtentry$$0000000A  c_w.l(__rtentry2.o)
    0x00000186   0x00000186   0x00000000   Code   RO          794    .ARM.Collect$$rtentry$$0000000C  c_w.l(__rtentry2.o)
    0x00000186   0x00000186   0x00000008   Code   RO          795    .ARM.Collect$$rtentry$$0000000D  c_w.l(__rtentry2.o)
    0x0000018e   0x0000018e   0x00000002   Code   RO          820    .ARM.Collect$$rtexit$$00000000  c_w.l(rtexit.o)
    0x00000190   0x00000190   0x00000000   Code   RO          880    .ARM.Collect$$rtexit$$00000002  c_w.l(rtexit2.o)
    0x00000190   0x00000190   0x00000004   Code   RO          881    .ARM.Collect$$rtexit$$00000003  c_w.l(rtexit2.o)
    0x00000194   0x00000194   0x00000006   Code   RO          882    .ARM.Collect$$rtexit$$00000004  c_w.l(rtexit2.o)
    0x0000019a   0x0000019a   0x00000002   PAD
    0x0000019c   0x0000019c   0x0000003c   Code   RO          365    .text               startup_lpc17xx.o
    0x000001d8   0x000001d8   0x0000008a   Code   RO          769    .text               c_w.l(rt_memcpy_v6.o)
    0x00000262   0x00000262   0x00000010   Code   RO          771    .text               c_w.l(aeabi_memset4.o)
    0x00000272   0x00000272   0x00000044   Code   RO          773    .text               c_w.l(rt_memclr.o)
    0x000002b6   0x000002b6   0x00000006   Code   RO          775    .text               c_w.l(heapauxi.o)
    0x000002bc   0x000002bc   0x00000012   Code   RO          807    .text               c_w.l(exit.o)
    0x000002ce   0x000002ce   0x00000002   PAD
    0x000002d0   0x000002d0   0x00000008   Code   RO          817    .text               c_w.l(libspace.o)
    0x000002d8   0x000002d8   0x0000000c   Code   RO          875    .text               c_w.l(sys_exit.o)
    0x000002e4   0x000002e4   0x00000002   Code   RO          898    .text               c_w.l(use_no_semi.o)
    0x000002e6   0x000002e6   0x00000000   Code   RO          900    .text               c_w.l(indicate_semi.o)
    0x000002e6   0x000002e6   0x00000002   PAD
    0x000002e8   0x000002e8   0x00000014   Code   RO          334    .text.GPIO_PinRead  gpio_lpc17xx.o
    0x000002fc   0x000002fc   0x00000004   Code   RO          364    .ARM.__at_0x02FC    startup_lpc17xx.o
    0x00000300   0x00000300   0x00000064   Code   RO          784    .text               c_w.l(rt_memcpy_w.o)
    0x00000364   0x00000364   0x0000004e   Code   RO          786    .text               c_w.l(rt_memclr_w.o)
    0x000003b2   0x000003b2   0x0000004a   Code   RO          805    .text               c_w.l(sys_stackheap_outer.o)
    0x000003fc   0x000003fc   0x0000001c   Code   RO          332    .text.GPIO_PinWrite  gpio_lpc17xx.o
    0x00000418   0x00000418   0x00000022   Code   RO          330    .text.GPIO_SetDir   gpio_lpc17xx.o
    0x0000043a   0x0000043a   0x00000002   PAD
    0x0000043c   0x0000043c   0x00000032   Code   RO            2    .text.GetASCIICode  asciilib.o
    0x0000046e   0x0000046e   0x00000002   PAD
    0x00000470   0x00000470   0x00000074   Code   RO          348    .text.PIN_Configure  pin_lpc17xx.o
    0x000004e4   0x000004e4   0x0000000c   PAD
    0x000004f0   0x000004f0   0x00000044   Code   RO          753    .text.PendSV_Handler  port.o
    0x00000534   0x00000534   0x0000000c   PAD
    0x00000540   0x00000540   0x00000024   Code   RO          739    .text.SVC_Handler   port.o
    0x00000564   0x00000564   0x0000001e   Code   RO          136    .text.SysTick_Handler  cmsis_os2.o
    0x00000582   0x00000582   0x00000002   PAD
    0x00000584   0x00000584   0x000000cc   Code   RO          376    .text.SystemInit    system_lpc17xx.o
    0x00000650   0x00000650   0x00000024   Code   RO          118    .text._mutex_acquire  clib_arm.o
    0x00000674   0x00000674   0x00000030   Code   RO          122    .text._mutex_free   clib_arm.o
    0x000006a4   0x000006a4   0x0000005a   Code   RO          116    .text._mutex_initialize  clib_arm.o
    0x000006fe   0x000006fe   0x00000002   PAD
    0x00000700   0x00000700   0x00000026   Code   RO          120    .text._mutex_release  clib_arm.o
    0x00000726   0x00000726   0x00000002   PAD
    0x00000728   0x00000728   0x00000002   Code   RO          112    .text._platform_post_stackheap_init  clib_arm.o
    0x0000072a   0x0000072a   0x00000002   PAD
    0x0000072c   0x0000072c   0x000000ba   Code   RO           67    .text.app_main      main.o
    0x000007e6   0x000007e6   0x00000002   PAD
    0x000007e8   0x000007e8   0x00000160   Code   RO           37    .text.debugKeypadPrint  main.o
    0x00000948   0x00000948   0x00000068   Code   RO           23    .text.draw          main.o
    0x000009b0   0x000009b0   0x0000007c   Code   RO           33    .text.gpioSetup     main.o
    0x00000a2c   0x00000a2c   0x000001b8   Code   RO           14    .text.init_ILI9325  lcd_ili9325.o
    0x00000be4   0x00000be4   0x0000009c   Code   RO           35    .text.keyboardScan  main.o
    0x00000c80   0x00000c80   0x00000026   Code   RO           84    .text.lcdConfiguration  open1768_lcd.o
    0x00000ca6   0x00000ca6   0x00000002   PAD
    0x00000ca8   0x00000ca8   0x000001c6   Code   RO          102    .text.lcdSetCursor  open1768_lcd.o
    0x00000e6e   0x00000e6e   0x00000002   PAD
    0x00000e70   0x00000e70   0x0000005a   Code   RO           94    .text.lcdWriteData  open1768_lcd.o
    0x00000eca   0x00000eca   0x00000002   PAD
    0x00000ecc   0x00000ecc   0x00000072   Code   RO           92    .text.lcdWriteIndex  open1768_lcd.o
    0x00000f3e   0x00000f3e   0x00000002   PAD
    0x00000f40   0x00000f40   0x000000b6   Code   RO           98    .text.lcdWriteReg   open1768_lcd.o
    0x00000ff6   0x00000ff6   0x00000002   PAD
    0x00000ff8   0x00000ff8   0x0000003e   Code   RO           69    .text.main          main.o
    0x00001036   0x00001036   0x00000002   PAD
    0x00001038   0x00001038   0x0000003a   Code   RO          196    .text.osDelay       cmsis_os2.o
    0x00001072   0x00001072   0x00000002   PAD
    0x00001074   0x00001074   0x00000026   Code   RO          142    .text.osKernelGetState  cmsis_os2.o
    0x0000109a   0x0000109a   0x00000002   PAD
    0x0000109c   0x0000109c   0x00000050   Code   RO          138    .text.osKernelInitialize  cmsis_os2.o
    0x000010ec   0x000010ec   0x0000005a   Code   RO          144    .text.osKernelStart  cmsis_os2.o
    0x00001146   0x00001146   0x00000002   PAD
    0x00001148   0x00001148   0x000000e8   Code   RO          160    .text.osThreadNew   cmsis_os2.o
    0x00001230   0x00001230   0x0000009e   Code   RO          550    .text.prvAddCurrentTaskToDelayedList  tasks.o
    0x000012ce   0x000012ce   0x00000002   PAD
    0x000012d0   0x000012d0   0x00000132   Code   RO          540    .text.prvAddNewTaskToReadyList  tasks.o
    0x00001402   0x00001402   0x00000002   PAD
    0x00001404   0x00001404   0x00000082   Code   RO          574    .text.prvIdleTask   tasks.o
    0x00001486   0x00001486   0x00000002   PAD
    0x00001488   0x00001488   0x00000020   Code   RO          745    .text.prvPortStartFirstTask  port.o
    0x000014a8   0x000014a8   0x0000007c   Code   RO          716    .text.prvProcessExpiredTimer  timers.o
    0x00001524   0x00001524   0x00000022   Code   RO          737    .text.prvTaskExitError  port.o
    0x00001546   0x00001546   0x00000002   PAD
    0x00001548   0x00001548   0x00000232   Code   RO          678    .text.prvTimerTask  timers.o
    0x0000177a   0x0000177a   0x00000002   PAD
    0x0000177c   0x0000177c   0x00000074   Code   RO          496    .text.prvUnlockQueue  queue.o
    0x000017f0   0x000017f0   0x00000154   Code   RO          441    .text.pvPortMalloc  heap_4.o
    0x00001944   0x00001944   0x00000018   Code   RO          630    .text.pvTaskIncrementMutexHeldCount  tasks.o
    0x0000195c   0x0000195c   0x00000020   Code   RO          735    .text.pxPortInitialiseStack  port.o
    0x0000197c   0x0000197c   0x00000110   Code   RO           59    .text.saveDateValue  main.o
    0x00001a8c   0x00001a8c   0x00000024   Code   RO          431    .text.uxListRemove  list.o
    0x00001ab0   0x00001ab0   0x0000001a   Code   RO          284    .text.vApplicationGetIdleTaskMemory  cmsis_os2.o
    0x00001aca   0x00001aca   0x00000002   PAD
    0x00001acc   0x00001acc   0x0000001a   Code   RO          286    .text.vApplicationGetTimerTaskMemory  cmsis_os2.o
    0x00001ae6   0x00001ae6   0x00000002   PAD
    0x00001ae8   0x00001ae8   0x00000002   Code   RO          282    .text.vApplicationStackOverflowHook  cmsis_os2.o
    0x00001aea   0x00001aea   0x00000002   PAD
    0x00001aec   0x00001aec   0x00000016   Code   RO          423    .text.vListInitialise  list.o
    0x00001b02   0x00001b02   0x00000002   PAD
    0x00001b04   0x00001b04   0x00000006   Code   RO          425    .text.vListInitialiseItem  list.o
    0x00001b0a   0x00001b0a   0x00000002   PAD
    0x00001b0c   0x00001b0c   0x0000003a   Code   RO          429    .text.vListInsert   list.o
    0x00001b46   0x00001b46   0x00000002   PAD
    0x00001b48   0x00001b48   0x00000020   Code   RO          749    .text.vPortEnterCritical  port.o
    0x00001b68   0x00001b68   0x0000001a   Code   RO          751    .text.vPortExitCritical  port.o
    0x00001b82   0x00001b82   0x00000002   PAD
    0x00001b84   0x00001b84   0x0000009e   Code   RO          443    .text.vPortFree     heap_4.o
    0x00001c22   0x00001c22   0x00000002   PAD
    0x00001c24   0x00001c24   0x00000034   Code   RO          743    .text.vPortSetupTimerInterrupt  port.o
    0x00001c58   0x00001c58   0x0000000e   Code   RO          516    .text.vQueueDelete  queue.o
    0x00001c66   0x00001c66   0x00000002   PAD
    0x00001c68   0x00001c68   0x00000046   Code   RO          528    .text.vQueueWaitForMessageRestricted  queue.o
    0x00001cae   0x00001cae   0x00000002   PAD
    0x00001cb0   0x00001cb0   0x0000008e   Code   RO          554    .text.vTaskDelay    tasks.o
    0x00001d3e   0x00001d3e   0x00000002   PAD
    0x00001d40   0x00001d40   0x0000001a   Code   RO          604    .text.vTaskInternalSetTimeOutState  tasks.o
    0x00001d5a   0x00001d5a   0x00000002   PAD
    0x00001d5c   0x00001d5c   0x0000000e   Code   RO          608    .text.vTaskMissedYield  tasks.o
    0x00001d6a   0x00001d6a   0x00000002   PAD
    0x00001d6c   0x00001d6c   0x00000020   Code   RO          592    .text.vTaskPlaceOnEventList  tasks.o
    0x00001d8c   0x00001d8c   0x0000005a   Code   RO          596    .text.vTaskPlaceOnEventListRestricted  tasks.o
    0x00001de6   0x00001de6   0x00000002   PAD
    0x00001de8   0x00001de8   0x0000008a   Code   RO          626    .text.vTaskPriorityDisinheritAfterTimeout  tasks.o
    0x00001e72   0x00001e72   0x00000002   PAD
    0x00001e74   0x00001e74   0x00000094   Code   RO          572    .text.vTaskStartScheduler  tasks.o
    0x00001f08   0x00001f08   0x00000010   Code   RO          548    .text.vTaskSuspendAll  tasks.o
    0x00001f18   0x00001f18   0x000000ac   Code   RO          566    .text.vTaskSwitchContext  tasks.o
    0x00001fc4   0x00001fc4   0x00000458   Code   RO           55    .text.writeClockDate  main.o
    0x0000241c   0x0000241c   0x000000ac   Code   RO           57    .text.writeDateTypeToSeve  main.o
    0x000024c8   0x000024c8   0x00000074   Code   RO           39    .text.writeKeypadInput  main.o
    0x0000253c   0x0000253c   0x00000054   Code   RO          741    .text.xPortStartScheduler  port.o
    0x00002590   0x00002590   0x0000002e   Code   RO          755    .text.xPortSysTickHandler  port.o
    0x000025be   0x000025be   0x00000002   PAD
    0x000025c0   0x000025c0   0x00000028   Code   RO          476    .text.xQueueCreateMutex  queue.o
    0x000025e8   0x000025e8   0x00000078   Code   RO          478    .text.xQueueCreateMutexStatic  queue.o
    0x00002660   0x00002660   0x00000086   Code   RO          474    .text.xQueueGenericCreate  queue.o
    0x000026e6   0x000026e6   0x00000002   PAD
    0x000026e8   0x000026e8   0x00000080   Code   RO          472    .text.xQueueGenericCreateStatic  queue.o
    0x00002768   0x00002768   0x000001a2   Code   RO          486    .text.xQueueGenericSend  queue.o
    0x0000290a   0x0000290a   0x00000002   PAD
    0x0000290c   0x0000290c   0x0000014c   Code   RO          502    .text.xQueueReceive  queue.o
    0x00002a58   0x00002a58   0x00000174   Code   RO          490    .text.xQueueSemaphoreTake  queue.o
    0x00002bcc   0x00002bcc   0x00000060   Code   RO          606    .text.xTaskCheckForTimeOut  tasks.o
    0x00002c2c   0x00002c2c   0x000000d2   Code   RO          542    .text.xTaskCreate   tasks.o
    0x00002cfe   0x00002cfe   0x00000002   PAD
    0x00002d00   0x00002d00   0x000000a8   Code   RO          538    .text.xTaskCreateStatic  tasks.o
    0x00002da8   0x00002da8   0x00000026   Code   RO          620    .text.xTaskGetSchedulerState  tasks.o
    0x00002dce   0x00002dce   0x00000002   PAD
    0x00002dd0   0x00002dd0   0x0000000c   Code   RO          580    .text.xTaskGetTickCount  tasks.o
    0x00002ddc   0x00002ddc   0x00000192   Code   RO          578    .text.xTaskIncrementTick  tasks.o
    0x00002f6e   0x00002f6e   0x00000002   PAD
    0x00002f70   0x00002f70   0x00000072   Code   RO          624    .text.xTaskPriorityDisinherit  tasks.o
    0x00002fe2   0x00002fe2   0x00000002   PAD
    0x00002fe4   0x00002fe4   0x000000a6   Code   RO          622    .text.xTaskPriorityInherit  tasks.o
    0x0000308a   0x0000308a   0x00000002   PAD
    0x0000308c   0x0000308c   0x000000ce   Code   RO          598    .text.xTaskRemoveFromEventList  tasks.o
    0x0000315a   0x0000315a   0x00000002   PAD
    0x0000315c   0x0000315c   0x0000016c   Code   RO          552    .text.xTaskResumeAll  tasks.o
    0x000032c8   0x000032c8   0x000000b8   Code   RO          676    .text.xTimerCreateTimerTask  timers.o
    0x00003380   0x00003380   0x00000be0   Data   RO            4    .rodata.AsciiLib    asciilib.o
    0x00003f60   0x00003f60   0x00000010   Data   RO           72    .rodata.cst16       main.o
    0x00003f70   0x00003f70   0x00000010   Data   RO           71    .rodata.cst8        main.o
    0x00003f80   0x00003f80   0x00000004   Data   RO          647    .rodata.uxTopUsedPriority  tasks.o
    0x00003f84   0x00003f84   0x00000030   Data   RO          953    Region$$Table       anon$$obj.o


    Execution Region RW_IRAM1 (Exec base: 0x10000000, Load base: 0x00003fb4, Size: 0x00002000, Max: 0x00008000, ABSOLUTE)

    Exec Addr    Load Addr    Size         Type   Attr      Idx    E Section Name        Object

    0x10000000        -       0x00002000   Zero   RW          461    .bss.ucHeap         heap_4.o


    Execution Region RW_IRAM2 (Exec base: 0x2007c000, Load base: 0x00003fb8, Size: 0x00000e10, Max: 0x00008000, ABSOLUTE)

    Exec Addr    Load Addr    Size         Type   Attr      Idx    E Section Name        Object

    0x2007c000   0x00003fb8   0x00000004   Data   RW          378    .data.SystemCoreClock  system_lpc17xx.o
    0x2007c004   0x00003fbc   0x00000004   Data   RW           74    .data.saveDateValue.lastSavedValue  main.o
    0x2007c008   0x00003fc0   0x00000004   Data   RW          757    .data.uxCriticalNesting  port.o
    0x2007c00c   0x00003fc4   0x00000004   PAD
    0x2007c010        -       0x00000060   Zero   RW          818    .bss                c_w.l(libspace.o)
    0x2007c070        -       0x00000004   Zero   RW          288    .bss.KernelState    cmsis_os2.o
    0x2007c074        -       0x00000190   Zero   RW          127    .bss.clib_mutex_cb  clib_arm.o
    0x2007c204        -       0x00000014   Zero   RW          126    .bss.clib_mutex_id  clib_arm.o
    0x2007c218        -       0x00000050   Zero   RW          726    .bss.prvCheckForValidListAndQueue.ucStaticTimerQueueStorage  timers.o
    0x2007c268        -       0x00000050   Zero   RW          725    .bss.prvCheckForValidListAndQueue.xStaticTimerQueue  timers.o
    0x2007c2b8        -       0x00000004   Zero   RW          722    .bss.prvSampleTimeNow.xLastTime  timers.o
    0x2007c2bc        -       0x00000004   Zero   RW          646    .bss.pxCurrentTCB   tasks.o
    0x2007c2c0        -       0x00000004   Zero   RW          720    .bss.pxCurrentTimerList  timers.o
    0x2007c2c4        -       0x00000004   Zero   RW          654    .bss.pxDelayedTaskList  tasks.o
    0x2007c2c8        -       0x00000004   Zero   RW          455    .bss.pxEnd          heap_4.o
    0x2007c2cc        -       0x00000004   Zero   RW          655    .bss.pxOverflowDelayedTaskList  tasks.o
    0x2007c2d0        -       0x00000004   Zero   RW          721    .bss.pxOverflowTimerList  timers.o
    0x2007c2d4        -       0x00000460   Zero   RW          657    .bss.pxReadyTasksLists  tasks.o
    0x2007c734        -       0x00000004   Zero   RW           73    .bss.saveDateValue.dateInputCounter  main.o
    0x2007c738        -       0x00000004   Zero   RW          651    .bss.uxCurrentNumberOfTasks  tasks.o
    0x2007c73c        -       0x00000004   Zero   RW          650    .bss.uxDeletedTasksWaitingCleanUp  tasks.o
    0x2007c740        -       0x00000004   Zero   RW          659    .bss.uxSchedulerSuspended  tasks.o
    0x2007c744        -       0x00000004   Zero   RW          648    .bss.uxTaskNumber   tasks.o
    0x2007c748        -       0x00000004   Zero   RW          658    .bss.uxTopReadyPriority  tasks.o
    0x2007c74c        -       0x00000200   Zero   RW          290    .bss.vApplicationGetIdleTaskMemory.Idle_Stack  cmsis_os2.o
    0x2007c94c        -       0x0000005c   Zero   RW          289    .bss.vApplicationGetIdleTaskMemory.Idle_TCB  cmsis_os2.o
    0x2007c9a8        -       0x00000140   Zero   RW          292    .bss.vApplicationGetTimerTaskMemory.Timer_Stack  cmsis_os2.o
    0x2007cae8        -       0x0000005c   Zero   RW          291    .bss.vApplicationGetTimerTaskMemory.Timer_TCB  cmsis_os2.o
    0x2007cb44        -       0x00000014   Zero   RW          723    .bss.xActiveTimerList1  timers.o
    0x2007cb58        -       0x00000014   Zero   RW          724    .bss.xActiveTimerList2  timers.o
    0x2007cb6c        -       0x00000014   Zero   RW          666    .bss.xDelayedTaskList1  tasks.o
    0x2007cb80        -       0x00000014   Zero   RW          667    .bss.xDelayedTaskList2  tasks.o
    0x2007cb94        -       0x00000004   Zero   RW          456    .bss.xFreeBytesRemaining  heap_4.o
    0x2007cb98        -       0x00000004   Zero   RW          662    .bss.xIdleTaskHandle  tasks.o
    0x2007cb9c        -       0x00000004   Zero   RW          458    .bss.xMinimumEverFreeBytesRemaining  heap_4.o
    0x2007cba0        -       0x00000004   Zero   RW          663    .bss.xNextTaskUnblockTime  tasks.o
    0x2007cba4        -       0x00000004   Zero   RW          665    .bss.xNumOfOverflows  tasks.o
    0x2007cba8        -       0x00000004   Zero   RW          459    .bss.xNumberOfSuccessfulAllocations  heap_4.o
    0x2007cbac        -       0x00000004   Zero   RW          460    .bss.xNumberOfSuccessfulFrees  heap_4.o
    0x2007cbb0        -       0x00000004   Zero   RW          664    .bss.xPendedTicks   tasks.o
    0x2007cbb4        -       0x00000014   Zero   RW          661    .bss.xPendingReadyList  tasks.o
    0x2007cbc8        -       0x00000004   Zero   RW          652    .bss.xSchedulerRunning  tasks.o
    0x2007cbcc        -       0x00000008   Zero   RW          457    .bss.xStart         heap_4.o
    0x2007cbd4        -       0x00000014   Zero   RW          656    .bss.xSuspendedTaskList  tasks.o
    0x2007cbe8        -       0x00000014   Zero   RW          649    .bss.xTasksWaitingTermination  tasks.o
    0x2007cbfc        -       0x00000004   Zero   RW          653    .bss.xTickCount     tasks.o
    0x2007cc00        -       0x00000004   Zero   RW          718    .bss.xTimerQueue    timers.o
    0x2007cc04        -       0x00000004   Zero   RW          719    .bss.xTimerTaskHandle  timers.o
    0x2007cc08        -       0x00000004   Zero   RW          660    .bss.xYieldPending  tasks.o
    0x2007cc0c   0x00003fc4   0x00000004   PAD
    0x2007cc10        -       0x00000000   Zero   RW          362    HEAP                startup_lpc17xx.o
    0x2007cc10        -       0x00000200   Zero   RW          361    STACK               startup_lpc17xx.o


==============================================================================

Image component sizes


      Code (inc. data)   RO Data    RW Data    ZI Data      Debug   Object Name

        50          0       3040          0          0        684   asciilib.o
       214          0          0          0        420       4013   clib_arm.o
       582          0          0          0       1020      56531   cmsis_os2.o
        82          0          0          0          0       3964   gpio_lpc17xx.o
       498          0          0          0       8220       5188   heap_4.o
       440          0          0          0          0        775   lcd_ili9325.o
       122          0          0          0          0       2244   list.o
      2656         92         32          4          4      18658   main.o
       878          0          0          0          0       5741   open1768_lcd.o
       116          0          0          0          0       2455   pin_lpc17xx.o
       442         12          0          4          0       2820   port.o
      1744          0          0          0          0      20896   queue.o
        64         26        204          0        512        980   startup_lpc17xx.o
       204          0          0          4          0       2023   system_lpc17xx.o
      3172          8          4          0       1280      36032   tasks.o
       870         18          0          0        220      14095   timers.o

    ----------------------------------------------------------------------
     12248        168       3328         12      11684     177099   Object Totals
         0          0         48          0          0          0   (incl. Generated)
       114         12          0          0          8          0   (incl. Padding)

    ----------------------------------------------------------------------

      Code (inc. data)   RO Data    RW Data    ZI Data      Debug   Library Member Name

         8          0          0          0          0         68   __main.o
         0          0          0          0          0          0   __rtentry.o
        20          0          0          0          0          0   __rtentry2.o
         6          0          0          0          0          0   __rtentry4.o
        94          8          0          0          0          0   __scatter.o
        26          0          0          0          0          0   __scatter_copy.o
        28          0          0          0          0          0   __scatter_zi.o
        16          0          0          0          0         68   aeabi_memset4.o
        18          0          0          0          0         80   exit.o
         6          0          0          0          0        152   heapauxi.o
         0          0          0          0          0          0   indicate_semi.o
         2          0          0          0          0          0   libinit.o
         2          0          0          0          0          0   libinit2.o
         2          0          0          0          0          0   libshutdown.o
         2          0          0          0          0          0   libshutdown2.o
         8          4          0          0         96         68   libspace.o
        68          0          0          0          0         68   rt_memclr.o
        78          0          0          0          0         80   rt_memclr_w.o
       138          0          0          0          0         68   rt_memcpy_v6.o
       100          0          0          0          0         80   rt_memcpy_w.o
         2          0          0          0          0          0   rtexit.o
        10          0          0          0          0          0   rtexit2.o
        12          4          0          0          0         68   sys_exit.o
        74          0          0          0          0         80   sys_stackheap_outer.o
         2          0          0          0          0         68   use_no_semi.o

    ----------------------------------------------------------------------
       732         16          0          0         96        948   Library Totals
        10          0          0          0          0          0   (incl. Padding)

    ----------------------------------------------------------------------

      Code (inc. data)   RO Data    RW Data    ZI Data      Debug   Library Name

       722         16          0          0         96        948   c_w.l

    ----------------------------------------------------------------------
       732         16          0          0         96        948   Library Totals

    ----------------------------------------------------------------------

==============================================================================


      Code (inc. data)   RO Data    RW Data    ZI Data      Debug   

     12980        184       3328         12      11780     177467   Grand Totals
     12980        184       3328         12      11780     177467   ELF Image Totals
     12980        184       3328         12          0          0   ROM Totals

==============================================================================

    Total RO  Size (Code + RO Data)                16308 (  15.93kB)
    Total RW  Size (RW Data + ZI Data)             11792 (  11.52kB)
    Total ROM Size (Code + RO Data + RW Data)      16320 (  15.94kB)

==============================================================================

