Component: Arm Compiler for Embedded 6.21 Tool: armlink [5ec1fa00]

==============================================================================

Section Cross References

    asciilib.o(.text.GetASCIICode) refers to asciilib.o(.rodata.AsciiLib) for AsciiLib
    asciilib.o(.ARM.exidx.text.GetASCIICode) refers to asciilib.o(.text.GetASCIICode) for [Anonymous Symbol]
    lcd_ili9325.o(.ARM.exidx.text.delay_ms) refers to lcd_ili9325.o(.text.delay_ms) for [Anonymous Symbol]
    lcd_ili9325.o(.text.init_ILI9325) refers to open1768_lcd.o(.text.lcdWriteReg) for lcdWriteReg
    lcd_ili9325.o(.ARM.exidx.text.init_ILI9325) refers to lcd_ili9325.o(.text.init_ILI9325) for [Anonymous Symbol]
    main.o(.text.draw) refers to open1768_lcd.o(.text.lcdWriteReg) for lcdWriteReg
    main.o(.text.draw) refers to open1768_lcd.o(.text.lcdSetCursor) for lcdSetCursor
    main.o(.text.draw) refers to open1768_lcd.o(.text.lcdWriteIndex) for lcdWriteIndex
    main.o(.text.draw) refers to open1768_lcd.o(.text.lcdWriteData) for lcdWriteData
    main.o(.ARM.exidx.text.draw) refers to main.o(.text.draw) for [Anonymous Symbol]
    main.o(.text.clearScreen) refers to main.o(.text.draw) for draw
    main.o(.ARM.exidx.text.clearScreen) refers to main.o(.text.clearScreen) for [Anonymous Symbol]
    main.o(.ARM.exidx.text.shoulPixelBeDrawn) refers to main.o(.text.shoulPixelBeDrawn) for [Anonymous Symbol]
    main.o(.text.drawLetter) refers to asciilib.o(.text.GetASCIICode) for GetASCIICode
    main.o(.text.drawLetter) refers to open1768_lcd.o(.text.lcdWriteReg) for lcdWriteReg
    main.o(.ARM.exidx.text.drawLetter) refers to main.o(.text.drawLetter) for [Anonymous Symbol]
    main.o(.text.writeLetters) refers to asciilib.o(.text.GetASCIICode) for GetASCIICode
    main.o(.text.writeLetters) refers to open1768_lcd.o(.text.lcdWriteReg) for lcdWriteReg
    main.o(.ARM.exidx.text.writeLetters) refers to main.o(.text.writeLetters) for [Anonymous Symbol]
    main.o(.text.gpioSetup) refers to main.o(.rodata.cst8) for ROW_PINS
    main.o(.text.gpioSetup) refers to pin_lpc17xx.o(.text.PIN_Configure) for PIN_Configure
    main.o(.text.gpioSetup) refers to gpio_lpc17xx.o(.text.GPIO_SetDir) for GPIO_SetDir
    main.o(.ARM.exidx.text.gpioSetup) refers to main.o(.text.gpioSetup) for [Anonymous Symbol]
    main.o(.text.keyboardScan) refers to main.o(.rodata.cst8) for ROW_PINS
    main.o(.text.keyboardScan) refers to gpio_lpc17xx.o(.text.GPIO_PinWrite) for GPIO_PinWrite
    main.o(.text.keyboardScan) refers to gpio_lpc17xx.o(.text.GPIO_PinRead) for GPIO_PinRead
    main.o(.ARM.exidx.text.keyboardScan) refers to main.o(.text.keyboardScan) for [Anonymous Symbol]
    main.o(.text.debugKeypadPrint) refers to gpio_lpc17xx.o(.text.GPIO_PinRead) for GPIO_PinRead
    main.o(.text.debugKeypadPrint) refers to asciilib.o(.text.GetASCIICode) for GetASCIICode
    main.o(.text.debugKeypadPrint) refers to open1768_lcd.o(.text.lcdWriteReg) for lcdWriteReg
    main.o(.ARM.exidx.text.debugKeypadPrint) refers to main.o(.text.debugKeypadPrint) for [Anonymous Symbol]
    main.o(.text.isCodeOk) refers to main.o(.data.ENTERED_CODE) for ENTERED_CODE
    main.o(.text.isCodeOk) refers to main.o(.data.PASSCODE) for PASSCODE
    main.o(.ARM.exidx.text.isCodeOk) refers to main.o(.text.isCodeOk) for [Anonymous Symbol]
    main.o(.text.resetEnteredCode) refers to main.o(.data.ENTERED_CODE) for ENTERED_CODE
    main.o(.text.resetEnteredCode) refers to main.o(.bss.codeInputCounter) for codeInputCounter
    main.o(.ARM.exidx.text.resetEnteredCode) refers to main.o(.text.resetEnteredCode) for [Anonymous Symbol]
    main.o(.text.resetPasscode) refers to main.o(.data.PASSCODE) for PASSCODE
    main.o(.text.resetPasscode) refers to main.o(.bss.passcodeInputCounter) for passcodeInputCounter
    main.o(.ARM.exidx.text.resetPasscode) refers to main.o(.text.resetPasscode) for [Anonymous Symbol]
    main.o(.text.callback) refers to main.o(.bss.LOCK_STATE) for LOCK_STATE
    main.o(.ARM.exidx.text.callback) refers to main.o(.text.callback) for [Anonymous Symbol]
    main.o(.text.checkCode) refers to main.o(.data.ENTERED_CODE) for ENTERED_CODE
    main.o(.text.checkCode) refers to main.o(.data.PASSCODE) for PASSCODE
    main.o(.text.checkCode) refers to main.o(.bss.LOCK_STATE) for LOCK_STATE
    main.o(.text.checkCode) refers to main.o(.text.callback) for callback
    main.o(.text.checkCode) refers to cmsis_os2.o(.text.osTimerNew) for osTimerNew
    main.o(.text.checkCode) refers to main.o(.bss.timer0) for timer0
    main.o(.text.checkCode) refers to cmsis_os2.o(.text.osTimerStart) for osTimerStart
    main.o(.text.checkCode) refers to main.o(.bss.codeInputCounter) for codeInputCounter
    main.o(.ARM.exidx.text.checkCode) refers to main.o(.text.checkCode) for [Anonymous Symbol]
    main.o(.text.saveCode) refers to main.o(.bss.codeInputCounter) for codeInputCounter
    main.o(.text.saveCode) refers to main.o(.data.ENTERED_CODE) for ENTERED_CODE
[...]
    heap_4.c                                 0x00000000   Number         0  heap_4.o ABSOLUTE
    list.c                                   0x00000000   Number         0  list.o ABSOLUTE
    main.c                                   0x00000000   Number         0  main.o ABSOLUTE
    os_systick.c                             0x00000000   Number         0  os_systick.o ABSOLUTE
    port.c                                   0x00000000   Number         0  port.o ABSOLUTE
    queue.c                                  0x00000000   Number         0  queue.o ABSOLUTE
    system_LPC17xx.c                         0x00000000   Number         0  system_lpc17xx.o ABSOLUTE
    tasks.c                                  0x00000000   Number         0  tasks.o ABSOLUTE
    timers.c                                 0x00000000   Number         0  timers.o ABSOLUTE
    RESET                                    0x00000000   Section      204  startup_lpc17xx.o(RESET)
    !!!main                                  0x000000cc   Section        8  __main.o(!!!main)
    !!!scatter                               0x000000d4   Section       92  __scatter.o(!!!scatter)
    !!handler_copy                           0x00000130   Section       26  __scatter_copy.o(!!handler_copy)
    !!handler_null                           0x0000014c   Section        2  __scatter.o(!!handler_null)
    !!handler_zi                             0x00000150   Section       28  __scatter_zi.o(!!handler_zi)
    .ARM.Collect$$libinit$$00000000          0x0000016c   Section        2  libinit.o(.ARM.Collect$$libinit$$00000000)
    .ARM.Collect$$libinit$$00000002          0x0000016e   Section        0  libinit2.o(.ARM.Collect$$libinit$$00000002)
    .ARM.Collect$$libinit$$00000004          0x0000016e   Section        0  libinit2.o(.ARM.Collect$$libinit$$00000004)
    .ARM.Collect$$libinit$$00000006          0x0000016e   Section        0  libinit2.o(.ARM.Collect$$libinit$$00000006)
    .ARM.Collect$$libinit$$0000000C          0x0000016e   Section        0  libinit2.o(.ARM.Collect$$libinit$$0000000C)
    .ARM.Collect$$libinit$$0000000E          0x0000016e   Section        0  libinit2.o(.ARM.Collect$$libinit$$0000000E)
    .ARM.Collect$$libinit$$00000010          0x0000016e   Section        0  libinit2.o(.ARM.Collect$$libinit$$00000010)
    .ARM.Collect$$libinit$$00000013          0x0000016e   Section        0  libinit2.o(.ARM.Collect$$libinit$$00000013)
    .ARM.Collect$$libinit$$00000015          0x0000016e   Section        0  libinit2.o(.ARM.Collect$$libinit$$00000015)
    .ARM.Collect$$libinit$$00000017          0x0000016e   Section        0  libinit2.o(.ARM.Collect$$libinit$$00000017)
    .ARM.Collect$$libinit$$00000019          0x0000016e   Section        0  libinit2.o(.ARM.Collect$$libinit$$00000019)
    .ARM.Collect$$libinit$$0000001B          0x0000016e   Section        0  libinit2.o(.ARM.Collect$$libinit$$0000001B)
    .ARM.Collect$$libinit$$0000001D          0x0000016e   Section        0  libinit2.o(.ARM.Collect$$libinit$$0000001D)
    .ARM.Collect$$libinit$$0000001F          0x0000016e   Section        0  libinit2.o(.ARM.Collect$$libinit$$0000001F)
    .ARM.Collect$$libinit$$00000021          0x0000016e   Section        0  libinit2.o(.ARM.Collect$$libinit$$00000021)
    .ARM.Collect$$libinit$$00000023          0x0000016e   Section        0  libinit2.o(.ARM.Collect$$libinit$$00000023)
    .ARM.Collect$$libinit$$00000025          0x0000016e   Section        0  libinit2.o(.ARM.Collect$$libinit$$00000025)
    .ARM.Collect$$libinit$$00000027          0x0000016e   Section        0  libinit2.o(.ARM.Collect$$libinit$$00000027)
    .ARM.Collect$$libinit$$0000002E          0x0000016e   Section        0  libinit2.o(.ARM.Collect$$libinit$$0000002E)
    .ARM.Collect$$libinit$$00000030          0x0000016e   Section        0  libinit2.o(.ARM.Collect$$libinit$$00000030)
    .ARM.Collect$$libinit$$00000032          0x0000016e   Section        0  libinit2.o(.ARM.Collect$$libinit$$00000032)
    .ARM.Collect$$libinit$$00000034          0x0000016e   Section        0  libinit2.o(.ARM.Collect$$libinit$$00000034)
    .ARM.Collect$$libinit$$00000035          0x0000016e   Section        2  libinit2.o(.ARM.Collect$$libinit$$00000035)
    .ARM.Collect$$libshutdown$$00000000      0x00000170   Section        2  libshutdown.o(.ARM.Collect$$libshutdown$$00000000)
    .ARM.Collect$$libshutdown$$00000002      0x00000172   Section        0  libshutdown2.o(.ARM.Collect$$libshutdown$$00000002)
    .ARM.Collect$$libshutdown$$00000004      0x00000172   Section        0  libshutdown2.o(.ARM.Collect$$libshutdown$$00000004)
    .ARM.Collect$$libshutdown$$00000007      0x00000172   Section        0  libshutdown2.o(.ARM.Collect$$libshutdown$$00000007)
    .ARM.Collect$$libshutdown$$0000000A      0x00000172   Section        0  libshutdown2.o(.ARM.Collect$$libshutdown$$0000000A)
    .ARM.Collect$$libshutdown$$0000000C      0x00000172   Section        0  libshutdown2.o(.ARM.Collect$$libshutdown$$0000000C)
    .ARM.Collect$$libshutdown$$0000000F      0x00000172   Section        0  libshutdown2.o(.ARM.Collect$$libshutdown$$0000000F)
    .ARM.Collect$$libshutdown$$00000010      0x00000172   Section        2  libshutdown2.o(.ARM.Collect$$libshutdown$$00000010)
    .ARM.Collect$$rtentry$$00000000          0x00000174   Section        0  __rtentry.o(.ARM.Collect$$rtentry$$00000000)
    .ARM.Collect$$rtentry$$00000002          0x00000174   Section        0  __rtentry2.o(.ARM.Collect$$rtentry$$00000002)
    .ARM.Collect$$rtentry$$00000004          0x00000174   Section        6  __rtentry4.o(.ARM.Collect$$rtentry$$00000004)
    .ARM.Collect$$rtentry$$00000008          0x0000017a   Section        8  __rtentry2.o(.ARM.Collect$$rtentry$$00000008)
    .ARM.Collect$$rtentry$$0000000A          0x00000182   Section        4  __rtentry2.o(.ARM.Collect$$rtentry$$0000000A)
    .ARM.Collect$$rtentry$$0000000C          0x00000186   Section        0  __rtentry2.o(.ARM.Collect$$rtentry$$0000000C)
    .ARM.Collect$$rtentry$$0000000D          0x00000186   Section        8  __rtentry2.o(.ARM.Collect$$rtentry$$0000000D)
    .ARM.Collect$$rtexit$$00000000           0x0000018e   Section        2  rtexit.o(.ARM.Collect$$rtexit$$00000000)
    .ARM.Collect$$rtexit$$00000002           0x00000190   Section        0  rtexit2.o(.ARM.Collect$$rtexit$$00000002)
    .ARM.Collect$$rtexit$$00000003           0x00000190   Section        4  rtexit2.o(.ARM.Collect$$rtexit$$00000003)
    .ARM.Collect$$rtexit$$00000004           0x00000194   Section        6  rtexit2.o(.ARM.Collect$$rtexit$$00000004)
    .text                                    0x0000019c   Section       60  startup_lpc17xx.o(.text)
    .text                                    0x000001d8   Section      138  rt_memcpy_v6.o(.text)
    .text                                    0x00000262   Section       16  aeabi_memset4.o(.text)
    .text                                    0x00000272   Section       68  rt_memclr.o(.text)
    .text                                    0x000002b6   Section        0  heapauxi.o(.text)
    .text                                    0x000002bc   Section        0  exit.o(.text)
    .text                                    0x000002d0   Section        8  libspace.o(.text)
    .text                                    0x000002d8   Section        0  sys_exit.o(.text)
    .text                                    0x000002e4   Section        2  use_no_semi.o(.text)
    .text                                    0x000002e6   Section        0  indicate_semi.o(.text)
    [Anonymous Symbol]                       0x000002e8   Section        0  gpio_lpc17xx.o(.text.GPIO_PinRead)
    .ARM.__at_0x02FC                         0x000002fc   Section        4  startup_lpc17xx.o(.ARM.__at_0x02FC)
    .text                                    0x00000300   Section      100  rt_memcpy_w.o(.text)
    .text                                    0x00000364   Section       78  rt_memclr_w.o(.text)
    .text                                    0x000003b2   Section       74  sys_stackheap_outer.o(.text)
    [Anonymous Symbol]                       0x000003fc   Section        0  gpio_lpc17xx.o(.text.GPIO_PinWrite)
    [Anonymous Symbol]                       0x00000418   Section        0  gpio_lpc17xx.o(.text.GPIO_SetDir)
    [Anonymous Symbol]                       0x0000043c   Section        0  asciilib.o(.text.GetASCIICode)
    [Anonymous Symbol]                       0x00000470   Section        0  pin_lpc17xx.o(.text.PIN_Configure)
    [Anonymous Symbol]                       0x000004f0   Section        0  port.o(.text.PendSV_Handler)
    pxCurrentTCBConst                        0x00000530   Number         0  port.o(.text.PendSV_Handler)
    [Anonymous Symbol]                       0x00000540   Section        0  port.o(.text.SVC_Handler)
    pxCurrentTCBConst2                       0x00000560   Number         0  port.o(.text.SVC_Handler)
    [Anonymous Symbol]                       0x00000564   Section        0  cmsis_os2.o(.text.SysTick_Handler)
    [Anonymous Symbol]                       0x00000584   Section        0  system_lpc17xx.o(.text.SystemInit)
    TimerCallback                            0x00000651   Thumb Code    24  cmsis_os2.o(.text.TimerCallback)
    [Anonymous Symbol]                       0x00000650   Section        0  cmsis_os2.o(.text.TimerCallback)
    __tagsym$$used.1                         0x00000668   Number         0  clib_arm.o(.text._mutex_acquire)
    [Anonymous Symbol]                       0x00000668   Section        0  clib_arm.o(.text._mutex_acquire)
    __tagsym$$used.3                         0x0000068c   Number         0  clib_arm.o(.text._mutex_free)
    [Anonymous Symbol]                       0x0000068c   Section        0  clib_arm.o(.text._mutex_free)
    __tagsym$$used.0                         0x000006bc   Number         0  clib_arm.o(.text._mutex_initialize)
    [Anonymous Symbol]                       0x000006bc   Section        0  clib_arm.o(.text._mutex_initialize)
    __tagsym$$used.2                         0x00000718   Number         0  clib_arm.o(.text._mutex_release)
    [Anonymous Symbol]                       0x00000718   Section        0  clib_arm.o(.text._mutex_release)
    [Anonymous Symbol]                       0x00000740   Section        0  clib_arm.o(.text._platform_post_stackheap_init)
    [Anonymous Symbol]                       0x00000744   Section        0  main.o(.text.app_main)
    [Anonymous Symbol]                       0x00000830   Section        0  main.o(.text.callback)
    [Anonymous Symbol]                       0x00000840   Section        0  main.o(.text.draw)
    [Anonymous Symbol]                       0x000008a8   Section        0  main.o(.text.gpioSetup)
    [Anonymous Symbol]                       0x00000940   Section        0  lcd_ili9325.o(.text.init_ILI9325)
    [Anonymous Symbol]                       0x00000af8   Section        0  main.o(.text.keyboardScan)
    [Anonymous Symbol]                       0x00000b94   Section        0  open1768_lcd.o(.text.lcdConfiguration)
    [Anonymous Symbol]                       0x00000bbc   Section        0  open1768_lcd.o(.text.lcdSetCursor)
    [Anonymous Symbol]                       0x00000d84   Section        0  open1768_lcd.o(.text.lcdWriteData)
    [Anonymous Symbol]                       0x00000de0   Section        0  open1768_lcd.o(.text.lcdWriteIndex)
    [Anonymous Symbol]                       0x00000e54   Section        0  open1768_lcd.o(.text.lcdWriteReg)
    [Anonymous Symbol]                       0x00000f0c   Section        0  main.o(.text.main)
    [Anonymous Symbol]                       0x00000f4c   Section        0  cmsis_os2.o(.text.osDelay)
    [Anonymous Symbol]                       0x00000f88   Section        0  cmsis_os2.o(.text.osKernelGetState)
    [Anonymous Symbol]                       0x00000fb0   Section        0  cmsis_os2.o(.text.osKernelInitialize)
    [Anonymous Symbol]                       0x00001000   Section        0  cmsis_os2.o(.text.osKernelStart)
    [Anonymous Symbol]                       0x0000105c   Section        0  cmsis_os2.o(.text.osThreadNew)
    [Anonymous Symbol]                       0x00001144   Section        0  cmsis_os2.o(.text.osTimerNew)
    [Anonymous Symbol]                       0x00001250   Section        0  cmsis_os2.o(.text.osTimerStart)
    prvAddCurrentTaskToDelayedList           0x000012b1   Thumb Code   158  tasks.o(.text.prvAddCurrentTaskToDelayedList)
    [Anonymous Symbol]                       0x000012b0   Section        0  tasks.o(.text.prvAddCurrentTaskToDelayedList)
    prvAddNewTaskToReadyList                 0x00001351   Thumb Code   306  tasks.o(.text.prvAddNewTaskToReadyList)
    [Anonymous Symbol]                       0x00001350   Section        0  tasks.o(.text.prvAddNewTaskToReadyList)
    prvIdleTask                              0x00001485   Thumb Code   130  tasks.o(.text.prvIdleTask)
    [Anonymous Symbol]                       0x00001484   Section        0  tasks.o(.text.prvIdleTask)
    prvInitialiseNewTimer                    0x00001509   Thumb Code   166  timers.o(.text.prvInitialiseNewTimer)
    [Anonymous Symbol]                       0x00001508   Section        0  timers.o(.text.prvInitialiseNewTimer)
    prvPortStartFirstTask                    0x000015b1   Thumb Code    32  port.o(.text.prvPortStartFirstTask)
    [Anonymous Symbol]                       0x000015b0   Section        0  port.o(.text.prvPortStartFirstTask)
    prvProcessExpiredTimer                   0x000015d1   Thumb Code   124  timers.o(.text.prvProcessExpiredTimer)
    [Anonymous Symbol]                       0x000015d0   Section        0  timers.o(.text.prvProcessExpiredTimer)
    prvTaskExitError                         0x0000164d   Thumb Code    34  port.o(.text.prvTaskExitError)
    [Anonymous Symbol]                       0x0000164c   Section        0  port.o(.text.prvTaskExitError)
    prvTimerTask                             0x00001671   Thumb Code   562  timers.o(.text.prvTimerTask)
    [Anonymous Symbol]                       0x00001670   Section        0  timers.o(.text.prvTimerTask)
    prvUnlockQueue                           0x000018a5   Thumb Code   116  queue.o(.text.prvUnlockQueue)
    [Anonymous Symbol]                       0x000018a4   Section        0  queue.o(.text.prvUnlockQueue)
    [Anonymous Symbol]                       0x00001918   Section        0  heap_4.o(.text.pvPortMalloc)
    [Anonymous Symbol]                       0x00001a6c   Section        0  tasks.o(.text.pvTaskIncrementMutexHeldCount)
    [Anonymous Symbol]                       0x00001a84   Section        0  timers.o(.text.pvTimerGetTimerID)
    [Anonymous Symbol]                       0x00001a98   Section        0  port.o(.text.pxPortInitialiseStack)
    [Anonymous Symbol]                       0x00001ab8   Section        0  main.o(.text.saveDateValue)
    [Anonymous Symbol]                       0x00001b8c   Section        0  main.o(.text.setDate)
    [Anonymous Symbol]                       0x00001c18   Section        0  list.o(.text.uxListRemove)
    [Anonymous Symbol]                       0x00001c3c   Section        0  tasks.o(.text.uxTaskGetNumberOfTasks)
    [Anonymous Symbol]                       0x00001c48   Section        0  cmsis_os2.o(.text.vApplicationGetIdleTaskMemory)
    [Anonymous Symbol]                       0x00001c64   Section        0  cmsis_os2.o(.text.vApplicationGetTimerTaskMemory)
    [Anonymous Symbol]                       0x00001c80   Section        0  cmsis_os2.o(.text.vApplicationStackOverflowHook)
    [Anonymous Symbol]                       0x00001c84   Section        0  list.o(.text.vListInitialise)
    [Anonymous Symbol]                       0x00001c9c   Section        0  list.o(.text.vListInitialiseItem)
    [Anonymous Symbol]                       0x00001ca4   Section        0  list.o(.text.vListInsert)
    [Anonymous Symbol]                       0x00001ce0   Section        0  port.o(.text.vPortEnterCritical)
    [Anonymous Symbol]                       0x00001d00   Section        0  port.o(.text.vPortExitCritical)
    [Anonymous Symbol]                       0x00001d1c   Section        0  heap_4.o(.text.vPortFree)
    [Anonymous Symbol]                       0x00001dbc   Section        0  port.o(.text.vPortSetupTimerInterrupt)
    [Anonymous Symbol]                       0x00001df0   Section        0  queue.o(.text.vQueueDelete)
    [Anonymous Symbol]                       0x00001e00   Section        0  queue.o(.text.vQueueWaitForMessageRestricted)
    [Anonymous Symbol]                       0x00001e48   Section        0  tasks.o(.text.vTaskDelay)
    [Anonymous Symbol]                       0x00001ed8   Section        0  tasks.o(.text.vTaskInternalSetTimeOutState)
    [Anonymous Symbol]                       0x00001ef4   Section        0  tasks.o(.text.vTaskMissedYield)
    [Anonymous Symbol]                       0x00001f04   Section        0  tasks.o(.text.vTaskPlaceOnEventList)
    [Anonymous Symbol]                       0x00001f24   Section        0  tasks.o(.text.vTaskPlaceOnEventListRestricted)
    [Anonymous Symbol]                       0x00001f80   Section        0  tasks.o(.text.vTaskPriorityDisinheritAfterTimeout)
    [Anonymous Symbol]                       0x0000200c   Section        0  tasks.o(.text.vTaskStartScheduler)
    [Anonymous Symbol]                       0x000020a0   Section        0  tasks.o(.text.vTaskSuspendAll)
    __tagsym$$used.0                         0x000020b0   Number         0  tasks.o(.text.vTaskSwitchContext)
    [Anonymous Symbol]                       0x000020b0   Section        0  tasks.o(.text.vTaskSwitchContext)
    [Anonymous Symbol]                       0x0000215c   Section        0  main.o(.text.writeClockDate)
    [Anonymous Symbol]                       0x00002630   Section        0  main.o(.text.writeDateTypeToSeve)
    writeDateTypeToSeve.lettersRow           0x000026c0   Number         0  main.o(.text.writeDateTypeToSeve)
    [Anonymous Symbol]                       0x000026dc   Section        0  main.o(.text.writeEnteredCode)
    [Anonymous Symbol]                       0x000027fc   Section        0  main.o(.text.writeKeypadInput)
    [Anonymous Symbol]                       0x00002994   Section        0  main.o(.text.writeLastStateChangeDate)
    [Anonymous Symbol]                       0x00002eac   Section        0  main.o(.text.writeLockState)
    writeLockState.lettersRow                0x00002f38   Number         0  main.o(.text.writeLockState)
    [Anonymous Symbol]                       0x00002f50   Section        0  port.o(.text.xPortStartScheduler)
    [Anonymous Symbol]                       0x00002fa4   Section        0  port.o(.text.xPortSysTickHandler)
    [Anonymous Symbol]                       0x00002fd4   Section        0  queue.o(.text.xQueueCreateMutex)
    [Anonymous Symbol]                       0x00002ffc   Section        0  queue.o(.text.xQueueCreateMutexStatic)
    [Anonymous Symbol]                       0x00003074   Section        0  queue.o(.text.xQueueGenericCreate)
    [Anonymous Symbol]                       0x000030fc   Section        0  queue.o(.text.xQueueGenericCreateStatic)
    [Anonymous Symbol]                       0x0000317c   Section        0  queue.o(.text.xQueueGenericSend)
    [Anonymous Symbol]                       0x00003320   Section        0  queue.o(.text.xQueueGenericSendFromISR)
    [Anonymous Symbol]                       0x00003418   Section        0  queue.o(.text.xQueueReceive)
    [Anonymous Symbol]                       0x00003564   Section        0  queue.o(.text.xQueueSemaphoreTake)
    [Anonymous Symbol]                       0x000036d8   Section        0  tasks.o(.text.xTaskCheckForTimeOut)
    [Anonymous Symbol]                       0x00003738   Section        0  tasks.o(.text.xTaskCreate)
    [Anonymous Symbol]                       0x0000380c   Section        0  tasks.o(.text.xTaskCreateStatic)
    [Anonymous Symbol]                       0x000038b4   Section        0  tasks.o(.text.xTaskGetSchedulerState)
    [Anonymous Symbol]                       0x000038dc   Section        0  tasks.o(.text.xTaskGetTickCount)
    [Anonymous Symbol]                       0x000038e8   Section        0  tasks.o(.text.xTaskIncrementTick)
    [Anonymous Symbol]                       0x00003a7c   Section        0  tasks.o(.text.xTaskPriorityDisinherit)
    [Anonymous Symbol]                       0x00003af0   Section        0  tasks.o(.text.xTaskPriorityInherit)
    [Anonymous Symbol]                       0x00003b98   Section        0  tasks.o(.text.xTaskRemoveFromEventList)
    [Anonymous Symbol]                       0x00003c68   Section        0  tasks.o(.text.xTaskResumeAll)
    [Anonymous Symbol]                       0x00003dd4   Section        0  timers.o(.text.xTimerCreate)
    [Anonymous Symbol]                       0x00003e10   Section        0  timers.o(.text.xTimerCreateStatic)
    [Anonymous Symbol]                       0x00003e30   Section        0  timers.o(.text.xTimerCreateTimerTask)
    [Anonymous Symbol]                       0x00003ee8   Section        0  timers.o(.text.xTimerGenericCommand)
    AsciiLib                                 0x00003f3e   Data        3040  asciilib.o(.rodata.AsciiLib)
    [Anonymous Symbol]                       0x00003f3e   Section        0  asciilib.o(.rodata.AsciiLib)
    CHAR                                     0x00004b20   Data          40  main.o(.rodata.CHAR)
    [Anonymous Symbol]                       0x00004b20   Section        0  main.o(.rodata.CHAR)
    KEYPAD_VALUES                            0x00004b48   Data          64  main.o(.rodata.KEYPAD_VALUES)
    [Anonymous Symbol]                       0x00004b48   Section        0  main.o(.rodata.KEYPAD_VALUES)
    KEYBOARD_MAP                             0x00004b88   Data          16  main.o(.rodata.cst16)
    [Anonymous Symbol]                       0x00004b88   Section        0  main.o(.rodata.cst16)
    ROW_PINS                                 0x00004b98   Data           8  main.o(.rodata.cst8)
    [Anonymous Symbol]                       0x00004b98   Section        0  main.o(.rodata.cst8)
    COL_PINS                                 0x00004ba0   Data           8  main.o(.rodata.cst8)
    ucHeap                                   0x10000000   Data        8192  heap_4.o(.bss.ucHeap)
    [Anonymous Symbol]                       0x10000000   Section        0  heap_4.o(.bss.ucHeap)
    saveDateValue.lastSavedValue             0x2007c024   Data           4  main.o(.data.saveDateValue.lastSavedValue)
    [Anonymous Symbol]                       0x2007c024   Section        0  main.o(.data.saveDateValue.lastSavedValue)
    uxCriticalNesting                        0x2007c028   Data           4  port.o(.data.uxCriticalNesting)
    [Anonymous Symbol]                       0x2007c028   Section        0  port.o(.data.uxCriticalNesting)
    writeLastStateChange.lasteKnownState     0x2007c02c   Data           1  main.o(.data.writeLastStateChange.lasteKnownState)
    [Anonymous Symbol]                       0x2007c02c   Section        0  main.o(.data.writeLastStateChange.lasteKnownState)
    .bss                                     0x2007c030   Section       96  libspace.o(.bss)
    KernelState                              0x2007c090   Data           4  cmsis_os2.o(.bss.KernelState)
    [Anonymous Symbol]                       0x2007c090   Section        0  cmsis_os2.o(.bss.KernelState)
    clib_mutex_cb                            0x2007c0b0   Data         400  clib_arm.o(.bss.clib_mutex_cb)
    [Anonymous Symbol]                       0x2007c0b0   Section        0  clib_arm.o(.bss.clib_mutex_cb)
    clib_mutex_id                            0x2007c240   Data          20  clib_arm.o(.bss.clib_mutex_id)
    [Anonymous Symbol]                       0x2007c240   Section        0  clib_arm.o(.bss.clib_mutex_id)
    prvCheckForValidListAndQueue.ucStaticTimerQueueStorage 0x2007c25c   Data          80  timers.o(.bss.prvCheckForValidListAndQueue.ucStaticTimerQueueStorage)
    [Anonymous Symbol]                       0x2007c25c   Section        0  timers.o(.bss.prvCheckForValidListAndQueue.ucStaticTimerQueueStorage)
    prvCheckForValidListAndQueue.xStaticTimerQueue 0x2007c2ac   Data          80  timers.o(.bss.prvCheckForValidListAndQueue.xStaticTimerQueue)
    [Anonymous Symbol]                       0x2007c2ac   Section        0  timers.o(.bss.prvCheckForValidListAndQueue.xStaticTimerQueue)
    prvSampleTimeNow.xLastTime               0x2007c2fc   Data           4  timers.o(.bss.prvSampleTimeNow.xLastTime)
    [Anonymous Symbol]                       0x2007c2fc   Section        0  timers.o(.bss.prvSampleTimeNow.xLastTime)
    __tagsym$$used.1                         0x2007c300   Number         0  tasks.o(.bss.pxCurrentTCB)
    pxCurrentTimerList                       0x2007c304   Data           4  timers.o(.bss.pxCurrentTimerList)
    [Anonymous Symbol]                       0x2007c304   Section        0  timers.o(.bss.pxCurrentTimerList)
    pxDelayedTaskList                        0x2007c308   Data           4  tasks.o(.bss.pxDelayedTaskList)
    [Anonymous Symbol]                       0x2007c308   Section        0  tasks.o(.bss.pxDelayedTaskList)
    pxEnd                                    0x2007c30c   Data           4  heap_4.o(.bss.pxEnd)
    [Anonymous Symbol]                       0x2007c30c   Section        0  heap_4.o(.bss.pxEnd)
    pxOverflowDelayedTaskList                0x2007c310   Data           4  tasks.o(.bss.pxOverflowDelayedTaskList)
    [Anonymous Symbol]                       0x2007c310   Section        0  tasks.o(.bss.pxOverflowDelayedTaskList)
    pxOverflowTimerList                      0x2007c314   Data           4  timers.o(.bss.pxOverflowTimerList)
    [Anonymous Symbol]                       0x2007c314   Section        0  timers.o(.bss.pxOverflowTimerList)
    pxReadyTasksLists                        0x2007c318   Data        1120  tasks.o(.bss.pxReadyTasksLists)
    [Anonymous Symbol]                       0x2007c318   Section        0  tasks.o(.bss.pxReadyTasksLists)
    saveDateValue.dateInputCounter           0x2007c778   Data           4  main.o(.bss.saveDateValue.dateInputCounter)
    [Anonymous Symbol]                       0x2007c778   Section        0  main.o(.bss.saveDateValue.dateInputCounter)
    uxCurrentNumberOfTasks                   0x2007c780   Data           4  tasks.o(.bss.uxCurrentNumberOfTasks)
    [Anonymous Symbol]                       0x2007c780   Section        0  tasks.o(.bss.uxCurrentNumberOfTasks)
    uxDeletedTasksWaitingCleanUp             0x2007c784   Data           4  tasks.o(.bss.uxDeletedTasksWaitingCleanUp)
    [Anonymous Symbol]                       0x2007c784   Section        0  tasks.o(.bss.uxDeletedTasksWaitingCleanUp)
    uxSchedulerSuspended                     0x2007c788   Data           4  tasks.o(.bss.uxSchedulerSuspended)
    [Anonymous Symbol]                       0x2007c788   Section        0  tasks.o(.bss.uxSchedulerSuspended)
    uxTaskNumber                             0x2007c78c   Data           4  tasks.o(.bss.uxTaskNumber)
    [Anonymous Symbol]                       0x2007c78c   Section        0  tasks.o(.bss.uxTaskNumber)
    uxTopReadyPriority                       0x2007c790   Data           4  tasks.o(.bss.uxTopReadyPriority)
    [Anonymous Symbol]                       0x2007c790   Section        0  tasks.o(.bss.uxTopReadyPriority)
    vApplicationGetIdleTaskMemory.Idle_Stack 0x2007c794   Data         512  cmsis_os2.o(.bss.vApplicationGetIdleTaskMemory.Idle_Stack)
    [Anonymous Symbol]                       0x2007c794   Section        0  cmsis_os2.o(.bss.vApplicationGetIdleTaskMemory.Idle_Stack)
    vApplicationGetIdleTaskMemory.Idle_TCB   0x2007c994   Data          92  cmsis_os2.o(.bss.vApplicationGetIdleTaskMemory.Idle_TCB)
    [Anonymous Symbol]                       0x2007c994   Section        0  cmsis_os2.o(.bss.vApplicationGetIdleTaskMemory.Idle_TCB)
    vApplicationGetTimerTaskMemory.Timer_Stack 0x2007c9f0   Data         320  cmsis_os2.o(.bss.vApplicationGetTimerTaskMemory.Timer_Stack)
    [Anonymous Symbol]                       0x2007c9f0   Section        0  cmsis_os2.o(.bss.vApplicationGetTimerTaskMemory.Timer_Stack)
    vApplicationGetTimerTaskMemory.Timer_TCB 0x2007cb30   Data          92  cmsis_os2.o(.bss.vApplicationGetTimerTaskMemory.Timer_TCB)
    [Anonymous Symbol]                       0x2007cb30   Section        0  cmsis_os2.o(.bss.vApplicationGetTimerTaskMemory.Timer_TCB)
    xActiveTimerList1                        0x2007cb8c   Data          20  timers.o(.bss.xActiveTimerList1)
    [Anonymous Symbol]                       0x2007cb8c   Section        0  timers.o(.bss.xActiveTimerList1)
    xActiveTimerList2                        0x2007cba0   Data          20  timers.o(.bss.xActiveTimerList2)
    [Anonymous Symbol]                       0x2007cba0   Section        0  timers.o(.bss.xActiveTimerList2)
    xDelayedTaskList1                        0x2007cbb4   Data          20  tasks.o(.bss.xDelayedTaskList1)
    [Anonymous Symbol]                       0x2007cbb4   Section        0  tasks.o(.bss.xDelayedTaskList1)
    xDelayedTaskList2                        0x2007cbc8   Data          20  tasks.o(.bss.xDelayedTaskList2)
    [Anonymous Symbol]                       0x2007cbc8   Section        0  tasks.o(.bss.xDelayedTaskList2)
    xFreeBytesRemaining                      0x2007cbdc   Data           4  heap_4.o(.bss.xFreeBytesRemaining)
    [Anonymous Symbol]                       0x2007cbdc   Section        0  heap_4.o(.bss.xFreeBytesRemaining)
    xIdleTaskHandle                          0x2007cbe0   Data           4  tasks.o(.bss.xIdleTaskHandle)
    [Anonymous Symbol]                       0x2007cbe0   Section        0  tasks.o(.bss.xIdleTaskHandle)
    xMinimumEverFreeBytesRemaining           0x2007cbe4   Data           4  heap_4.o(.bss.xMinimumEverFreeBytesRemaining)
    [Anonymous Symbol]                       0x2007cbe4   Section        0  heap_4.o(.bss.xMinimumEverFreeBytesRemaining)
    xNextTaskUnblockTime                     0x2007cbe8   Data           4  tasks.o(.bss.xNextTaskUnblockTime)
    [Anonymous Symbol]                       0x2007cbe8   Section        0  tasks.o(.bss.xNextTaskUnblockTime)
    xNumOfOverflows                          0x2007cbec   Data           4  tasks.o(.bss.xNumOfOverflows)
    [Anonymous Symbol]                       0x2007cbec   Section        0  tasks.o(.bss.xNumOfOverflows)
    xNumberOfSuccessfulAllocations           0x2007cbf0   Data           4  heap_4.o(.bss.xNumberOfSuccessfulAllocations)
    [Anonymous Symbol]                       0x2007cbf0   Section        0  heap_4.o(.bss.xNumberOfSuccessfulAllocations)
    xNumberOfSuccessfulFrees                 0x2007cbf4   Data           4  heap_4.o(.bss.xNumberOfSuccessfulFrees)
    [Anonymous Symbol]                       0x2007cbf4   Section        0  heap_4.o(.bss.xNumberOfSuccessfulFrees)
    xPendedTicks                             0x2007cbf8   Data           4  tasks.o(.bss.xPendedTicks)
    [Anonymous Symbol]                       0x2007cbf8   Section        0  tasks.o(.bss.xPendedTicks)
    xPendingReadyList                        0x2007cbfc   Data          20  tasks.o(.bss.xPendingReadyList)
    [Anonymous Symbol]                       0x2007cbfc   Section        0  tasks.o(.bss.xPendingReadyList)
    xSchedulerRunning                        0x2007cc10   Data           4  tasks.o(.bss.xSchedulerRunning)
    [Anonymous Symbol]                       0x2007cc10   Section        0  tasks.o(.bss.xSchedulerRunning)
    xStart                                   0x2007cc14   Data           8  heap_4.o(.bss.xStart)
    [Anonymous Symbol]                       0x2007cc14   Section        0  heap_4.o(.bss.xStart)
    xSuspendedTaskList                       0x2007cc1c   Data          20  tasks.o(.bss.xSuspendedTaskList)
    [Anonymous Symbol]                       0x2007cc1c   Section        0  tasks.o(.bss.xSuspendedTaskList)
    xTasksWaitingTermination                 0x2007cc30   Data          20  tasks.o(.bss.xTasksWaitingTermination)
    [Anonymous Symbol]                       0x2007cc30   Section        0  tasks.o(.bss.xTasksWaitingTermination)
    xTickCount                               0x2007cc44   Data           4  tasks.o(.bss.xTickCount)
    [Anonymous Symbol]                       0x2007cc44   Section        0  tasks.o(.bss.xTickCount)
    xTimerQueue                              0x2007cc48   Data           4  timers.o(.bss.xTimerQueue)
    [Anonymous Symbol]                       0x2007cc48   Section        0  timers.o(.bss.xTimerQueue)
    xTimerTaskHandle                         0x2007cc4c   Data           4  timers.o(.bss.xTimerTaskHandle)
    [Anonymous Symbol]                       0x2007cc4c   Section        0  timers.o(.bss.xTimerTaskHandle)
    xYieldPending                            0x2007cc50   Data           4  tasks.o(.bss.xYieldPending)
    [Anonymous Symbol]                       0x2007cc50   Section        0  tasks.o(.bss.xYieldPending)
    Heap_Mem                                 0x2007cc58   Data           0  startup_lpc17xx.o(HEAP)
    Stack_Mem                                0x2007cc58   Data         512  startup_lpc17xx.o(STACK)
    HEAP                                     0x2007cc58   Section        0  startup_lpc17xx.o(HEAP)
    STACK                                    0x2007cc58   Section      512  startup_lpc17xx.o(STACK)
    __initial_sp                             0x2007ce58   Data           0  startup_lpc17xx.o(STACK)

    Global Symbols

    Symbol Name                              Value     Ov Type        Size  Object(Section)

    BuildAttributes$$THM_ISAv4$P$D$K$B$S$PE$A:L22UL41UL21$X:L11$S22US41US21$IEEE1$IW$~IW$USESV6$~STKCKD$USESV7$~SHL$OTIME$ROPI$EBA8$UX$STANDARDLIB$REQ8$PRES8$EABIv2 0x00000000   Number         0  anon$$obj.o ABSOLUTE
    __Vectors                                0x00000000   Data           4  startup_lpc17xx.o(RESET)
    __fp_init_empty                          0x00000000   Number         0  fpinit_empty.o ABSOLUTE
    __ARM_exceptions_init                     - Undefined Weak Reference
    __alloca_initialize                       - Undefined Weak Reference
    __arm_preinit_                            - Undefined Weak Reference
    __arm_relocate_pie_                       - Undefined Weak Reference
    __cpp_initialize__aeabi_                  - Undefined Weak Reference
    __cxa_finalize                            - Undefined Weak Reference
    __rt_locale                               - Undefined Weak Reference
    __sigvec_lookup                           - Undefined Weak Reference
    _atexit_init                              - Undefined Weak Reference
    _call_atexit_fns                          - Undefined Weak Reference
    _clock_init                               - Undefined Weak Reference
    _fp_trap_init                             - Undefined Weak Reference
    _fp_trap_shutdown                         - Undefined Weak Reference
    _get_lc_collate                           - Undefined Weak Reference
    _get_lc_ctype                             - Undefined Weak Reference
    _get_lc_monetary                          - Undefined Weak Reference
    _get_lc_numeric                           - Undefined Weak Reference
    _get_lc_time                              - Undefined Weak Reference
    _getenv_init                              - Undefined Weak Reference
    _handle_redirection                       - Undefined Weak Reference
    _init_alloc                               - Undefined Weak Reference
    _init_user_alloc                          - Undefined Weak Reference
    _initio                                   - Undefined Weak Reference
    _rand_init                                - Undefined Weak Reference
    _signal_finish                            - Undefined Weak Reference
    _signal_init                              - Undefined Weak Reference
    _terminate_alloc                          - Undefined Weak Reference
    _terminate_user_alloc                     - Undefined Weak Reference
    _terminateio                              - Undefined Weak Reference
    __main                                   0x000000cd   Thumb Code     8  __main.o(!!!main)
    __scatterload                            0x000000d5   Thumb Code     0  __scatter.o(!!!scatter)
    __scatterload_rt2                        0x000000d5   Thumb Code    84  __scatter.o(!!!scatter)
    __scatterload_rt2_thumb_only             0x000000d5   Thumb Code     0  __scatter.o(!!!scatter)
    __scatterload_loop                       0x000000df   Thumb Code     0  __scatter.o(!!!scatter)
    __scatterload_copy                       0x00000131   Thumb Code    26  __scatter_copy.o(!!handler_copy)
    __scatterload_null                       0x0000014d   Thumb Code     2  __scatter.o(!!handler_null)
    __scatterload_zeroinit                   0x00000151   Thumb Code    28  __scatter_zi.o(!!handler_zi)
    __rt_lib_init                            0x0000016d   Thumb Code     0  libinit.o(.ARM.Collect$$libinit$$00000000)
    __rt_lib_init_alloca_1                   0x0000016f   Thumb Code     0  libinit2.o(.ARM.Collect$$libinit$$00000030)
    __rt_lib_init_argv_1                     0x0000016f   Thumb Code     0  libinit2.o(.ARM.Collect$$libinit$$0000002E)
    __rt_lib_init_atexit_1                   0x0000016f   Thumb Code     0  libinit2.o(.ARM.Collect$$libinit$$0000001D)
    __rt_lib_init_clock_1                    0x0000016f   Thumb Code     0  libinit2.o(.ARM.Collect$$libinit$$00000023)
    __rt_lib_init_cpp_1                      0x0000016f   Thumb Code     0  libinit2.o(.ARM.Collect$$libinit$$00000034)
    __rt_lib_init_exceptions_1               0x0000016f   Thumb Code     0  libinit2.o(.ARM.Collect$$libinit$$00000032)
    __rt_lib_init_fp_1                       0x0000016f   Thumb Code     0  libinit2.o(.ARM.Collect$$libinit$$00000002)
    __rt_lib_init_fp_trap_1                  0x0000016f   Thumb Code     0  libinit2.o(.ARM.Collect$$libinit$$00000021)
    __rt_lib_init_getenv_1                   0x0000016f   Thumb Code     0  libinit2.o(.ARM.Collect$$libinit$$00000025)
    __rt_lib_init_heap_1                     0x0000016f   Thumb Code     0  libinit2.o(.ARM.Collect$$libinit$$0000000C)
    __rt_lib_init_lc_collate_1               0x0000016f   Thumb Code     0  libinit2.o(.ARM.Collect$$libinit$$00000013)
    __rt_lib_init_lc_ctype_1                 0x0000016f   Thumb Code     0  libinit2.o(.ARM.Collect$$libinit$$00000015)
    __rt_lib_init_lc_monetary_1              0x0000016f   Thumb Code     0  libinit2.o(.ARM.Collect$$libinit$$00000017)
    __rt_lib_init_lc_numeric_1               0x0000016f   Thumb Code     0  libinit2.o(.ARM.Collect$$libinit$$00000019)
    __rt_lib_init_lc_time_1                  0x0000016f   Thumb Code     0  libinit2.o(.ARM.Collect$$libinit$$0000001B)
    __rt_lib_init_preinit_1                  0x0000016f   Thumb Code     0  libinit2.o(.ARM.Collect$$libinit$$00000006)
    __rt_lib_init_rand_1                     0x0000016f   Thumb Code     0  libinit2.o(.ARM.Collect$$libinit$$00000010)
    __rt_lib_init_relocate_pie_1             0x0000016f   Thumb Code     0  libinit2.o(.ARM.Collect$$libinit$$00000004)
    __rt_lib_init_return                     0x0000016f   Thumb Code     0  libinit2.o(.ARM.Collect$$libinit$$00000035)
    __rt_lib_init_signal_1                   0x0000016f   Thumb Code     0  libinit2.o(.ARM.Collect$$libinit$$0000001F)
    __rt_lib_init_stdio_1                    0x0000016f   Thumb Code     0  libinit2.o(.ARM.Collect$$libinit$$00000027)
    __rt_lib_init_user_alloc_1               0x0000016f   Thumb Code     0  libinit2.o(.ARM.Collect$$libinit$$0000000E)
    __rt_lib_shutdown                        0x00000171   Thumb Code     0  libshutdown.o(.ARM.Collect$$libshutdown$$00000000)
    __rt_lib_shutdown_cpp_1                  0x00000173   Thumb Code     0  libshutdown2.o(.ARM.Collect$$libshutdown$$00000002)
    __rt_lib_shutdown_fp_trap_1              0x00000173   Thumb Code     0  libshutdown2.o(.ARM.Collect$$libshutdown$$00000007)
    __rt_lib_shutdown_heap_1                 0x00000173   Thumb Code     0  libshutdown2.o(.ARM.Collect$$libshutdown$$0000000F)
    __rt_lib_shutdown_return                 0x00000173   Thumb Code     0  libshutdown2.o(.ARM.Collect$$libshutdown$$00000010)
    __rt_lib_shutdown_signal_1               0x00000173   Thumb Code     0  libshutdown2.o(.ARM.Collect$$libshutdown$$0000000A)
    __rt_lib_shutdown_stdio_1                0x00000173   Thumb Code     0  libshutdown2.o(.ARM.Collect$$libshutdown$$00000004)
    __rt_lib_shutdown_user_alloc_1           0x00000173   Thumb Code     0  libshutdown2.o(.ARM.Collect$$libshutdown$$0000000C)
    __rt_entry                               0x00000175   Thumb Code     0  __rtentry.o(.ARM.Collect$$rtentry$$00000000)
    __rt_entry_presh_1                       0x00000175   Thumb Code     0  __rtentry2.o(.ARM.Collect$$rtentry$$00000002)
    __rt_entry_sh                            0x00000175   Thumb Code     0  __rtentry4.o(.ARM.Collect$$rtentry$$00000004)
    __rt_entry_postsh_1                      0x0000017b   Thumb Code     0  __rtentry2.o(.ARM.Collect$$rtentry$$00000008)
    __rt_entry_li                            0x00000183   Thumb Code     0  __rtentry2.o(.ARM.Collect$$rtentry$$0000000A)
    __rt_entry_main                          0x00000187   Thumb Code     0  __rtentry2.o(.ARM.Collect$$rtentry$$0000000D)
    __rt_entry_postli_1                      0x00000187   Thumb Code     0  __rtentry2.o(.ARM.Collect$$rtentry$$0000000C)
    __rt_exit                                0x0000018f   Thumb Code     0  rtexit.o(.ARM.Collect$$rtexit$$00000000)
    __rt_exit_ls                             0x00000191   Thumb Code     0  rtexit2.o(.ARM.Collect$$rtexit$$00000003)
    __rt_exit_prels_1                        0x00000191   Thumb Code     0  rtexit2.o(.ARM.Collect$$rtexit$$00000002)
    __rt_exit_exit                           0x00000195   Thumb Code     0  rtexit2.o(.ARM.Collect$$rtexit$$00000004)
    Reset_Handler                            0x0000019d   Thumb Code     8  startup_lpc17xx.o(.text)
    NMI_Handler                              0x000001a5   Thumb Code     2  startup_lpc17xx.o(.text)
    HardFault_Handler                        0x000001a7   Thumb Code     2  startup_lpc17xx.o(.text)
    MemManage_Handler                        0x000001a9   Thumb Code     2  startup_lpc17xx.o(.text)
    BusFault_Handler                         0x000001ab   Thumb Code     2  startup_lpc17xx.o(.text)
    UsageFault_Handler                       0x000001ad   Thumb Code     2  startup_lpc17xx.o(.text)
    DebugMon_Handler                         0x000001b1   Thumb Code     2  startup_lpc17xx.o(.text)
    ADC_IRQHandler                           0x000001b7   Thumb Code     0  startup_lpc17xx.o(.text)
    BOD_IRQHandler                           0x000001b7   Thumb Code     0  startup_lpc17xx.o(.text)
    CANActivity_IRQHandler                   0x000001b7   Thumb Code     0  startup_lpc17xx.o(.text)
    CAN_IRQHandler                           0x000001b7   Thumb Code     0  startup_lpc17xx.o(.text)
    DMA_IRQHandler                           0x000001b7   Thumb Code     0  startup_lpc17xx.o(.text)
    EINT0_IRQHandler                         0x000001b7   Thumb Code     0  startup_lpc17xx.o(.text)
    EINT1_IRQHandler                         0x000001b7   Thumb Code     0  startup_lpc17xx.o(.text)
    EINT2_IRQHandler                         0x000001b7   Thumb Code     0  startup_lpc17xx.o(.text)
    EINT3_IRQHandler                         0x000001b7   Thumb Code     0  startup_lpc17xx.o(.text)
    ENET_IRQHandler                          0x000001b7   Thumb Code     0  startup_lpc17xx.o(.text)
    I2C0_IRQHandler                          0x000001b7   Thumb Code     0  startup_lpc17xx.o(.text)
    I2C1_IRQHandler                          0x000001b7   Thumb Code     0  startup_lpc17xx.o(.text)
    I2C2_IRQHandler                          0x000001b7   Thumb Code     0  startup_lpc17xx.o(.text)
    I2S_IRQHandler                           0x000001b7   Thumb Code     0  startup_lpc17xx.o(.text)
    MCPWM_IRQHandler                         0x000001b7   Thumb Code     0  startup_lpc17xx.o(.text)
    PLL0_IRQHandler                          0x000001b7   Thumb Code     0  startup_lpc17xx.o(.text)
    PLL1_IRQHandler                          0x000001b7   Thumb Code     0  startup_lpc17xx.o(.text)
    PWM1_IRQHandler                          0x000001b7   Thumb Code     0  startup_lpc17xx.o(.text)
    QEI_IRQHandler                           0x000001b7   Thumb Code     0  startup_lpc17xx.o(.text)
    RIT_IRQHandler                           0x000001b7   Thumb Code     0  startup_lpc17xx.o(.text)
    RTC_IRQHandler                           0x000001b7   Thumb Code     0  startup_lpc17xx.o(.text)
    SPI_IRQHandler                           0x000001b7   Thumb Code     0  startup_lpc17xx.o(.text)
    SSP0_IRQHandler                          0x000001b7   Thumb Code     0  startup_lpc17xx.o(.text)
    SSP1_IRQHandler                          0x000001b7   Thumb Code     0  startup_lpc17xx.o(.text)
    TIMER0_IRQHandler                        0x000001b7   Thumb Code     0  startup_lpc17xx.o(.text)
    TIMER1_IRQHandler                        0x000001b7   Thumb Code     0  startup_lpc17xx.o(.text)
    TIMER2_IRQHandler                        0x000001b7   Thumb Code     0  startup_lpc17xx.o(.text)
    TIMER3_IRQHandler                        0x000001b7   Thumb Code     0  startup_lpc17xx.o(.text)
    UART0_IRQHandler                         0x000001b7   Thumb Code     0  startup_lpc17xx.o(.text)
    UART1_IRQHandler                         0x000001b7   Thumb Code     0  startup_lpc17xx.o(.text)
    UART2_IRQHandler                         0x000001b7   Thumb Code     0  startup_lpc17xx.o(.text)
    UART3_IRQHandler                         0x000001b7   Thumb Code     0  startup_lpc17xx.o(.text)
    USBActivity_IRQHandler                   0x000001b7   Thumb Code     0  startup_lpc17xx.o(.text)
    USB_IRQHandler                           0x000001b7   Thumb Code     0  startup_lpc17xx.o(.text)
    WDT_IRQHandler                           0x000001b7   Thumb Code     0  startup_lpc17xx.o(.text)
    __user_initial_stackheap                 0x000001b9   Thumb Code     0  startup_lpc17xx.o(.text)
    __aeabi_memcpy                           0x000001d9   Thumb Code     0  rt_memcpy_v6.o(.text)
    __rt_memcpy                              0x000001d9   Thumb Code   138  rt_memcpy_v6.o(.text)
    _memcpy_lastbytes                        0x0000023f   Thumb Code     0  rt_memcpy_v6.o(.text)
    __aeabi_memset4                          0x00000263   Thumb Code    16  aeabi_memset4.o(.text)
    __aeabi_memset8                          0x00000263   Thumb Code     0  aeabi_memset4.o(.text)
    __aeabi_memclr                           0x00000273   Thumb Code     0  rt_memclr.o(.text)
    __rt_memclr                              0x00000273   Thumb Code     0  rt_memclr.o(.text)
    _memset                                  0x00000277   Thumb Code    64  rt_memclr.o(.text)
    __use_two_region_memory                  0x000002b7   Thumb Code     2  heapauxi.o(.text)
    __rt_heap_escrow$2region                 0x000002b9   Thumb Code     2  heapauxi.o(.text)
    __rt_heap_expand$2region                 0x000002bb   Thumb Code     2  heapauxi.o(.text)
    exit                                     0x000002bd   Thumb Code    18  exit.o(.text)
    __user_libspace                          0x000002d1   Thumb Code     8  libspace.o(.text)
    __user_perproc_libspace                  0x000002d1   Thumb Code     0  libspace.o(.text)
    _sys_exit                                0x000002d9   Thumb Code     8  sys_exit.o(.text)
    __I$use$semihosting                      0x000002e5   Thumb Code     0  use_no_semi.o(.text)
    __use_no_semihosting_swi                 0x000002e5   Thumb Code     2  use_no_semi.o(.text)
    __semihosting_library_function           0x000002e7   Thumb Code     0  indicate_semi.o(.text)
    GPIO_PinRead                             0x000002e9   Thumb Code    20  gpio_lpc17xx.o(.text.GPIO_PinRead)
    __aeabi_memcpy4                          0x00000301   Thumb Code     0  rt_memcpy_w.o(.text)
    __aeabi_memcpy8                          0x00000301   Thumb Code     0  rt_memcpy_w.o(.text)
    __rt_memcpy_w                            0x00000301   Thumb Code   100  rt_memcpy_w.o(.text)
    _memcpy_lastbytes_aligned                0x00000349   Thumb Code     0  rt_memcpy_w.o(.text)
    __aeabi_memclr4                          0x00000365   Thumb Code     0  rt_memclr_w.o(.text)
    __aeabi_memclr8                          0x00000365   Thumb Code     0  rt_memclr_w.o(.text)
    __rt_memclr_w                            0x00000365   Thumb Code     0  rt_memclr_w.o(.text)
    _memset_w                                0x00000369   Thumb Code    74  rt_memclr_w.o(.text)
    __user_setup_stackheap                   0x000003b3   Thumb Code    74  sys_stackheap_outer.o(.text)
    GPIO_PinWrite                            0x000003fd   Thumb Code    28  gpio_lpc17xx.o(.text.GPIO_PinWrite)
    GPIO_SetDir                              0x00000419   Thumb Code    34  gpio_lpc17xx.o(.text.GPIO_SetDir)
    GetASCIICode                             0x0000043d   Thumb Code    50  asciilib.o(.text.GetASCIICode)
    PIN_Configure                            0x00000471   Thumb Code   116  pin_lpc17xx.o(.text.PIN_Configure)
    PendSV_Handler                           0x000004f1   Thumb Code    68  port.o(.text.PendSV_Handler)
    SVC_Handler                              0x00000541   Thumb Code    36  port.o(.text.SVC_Handler)
    SysTick_Handler                          0x00000565   Thumb Code    30  cmsis_os2.o(.text.SysTick_Handler)
    SystemInit                               0x00000585   Thumb Code   204  system_lpc17xx.o(.text.SystemInit)
    _mutex_acquire                           0x00000669   Thumb Code    36  clib_arm.o(.text._mutex_acquire)
    _mutex_free                              0x0000068d   Thumb Code    48  clib_arm.o(.text._mutex_free)
    _mutex_initialize                        0x000006bd   Thumb Code    90  clib_arm.o(.text._mutex_initialize)
    _mutex_release                           0x00000719   Thumb Code    38  clib_arm.o(.text._mutex_release)
    _platform_post_stackheap_init            0x00000741   Thumb Code     2  clib_arm.o(.text._platform_post_stackheap_init)
    app_main                                 0x00000745   Thumb Code   234  main.o(.text.app_main)
    callback                                 0x00000831   Thumb Code    14  main.o(.text.callback)
    draw                                     0x00000841   Thumb Code   104  main.o(.text.draw)
    gpioSetup                                0x000008a9   Thumb Code   150  main.o(.text.gpioSetup)
    init_ILI9325                             0x00000941   Thumb Code   440  lcd_ili9325.o(.text.init_ILI9325)
    keyboardScan                             0x00000af9   Thumb Code   156  main.o(.text.keyboardScan)
    lcdConfiguration                         0x00000b95   Thumb Code    38  open1768_lcd.o(.text.lcdConfiguration)
    lcdSetCursor                             0x00000bbd   Thumb Code   454  open1768_lcd.o(.text.lcdSetCursor)
    lcdWriteData                             0x00000d85   Thumb Code    90  open1768_lcd.o(.text.lcdWriteData)
    lcdWriteIndex                            0x00000de1   Thumb Code   114  open1768_lcd.o(.text.lcdWriteIndex)
    lcdWriteReg                              0x00000e55   Thumb Code   182  open1768_lcd.o(.text.lcdWriteReg)
    main                                     0x00000f0d   Thumb Code    62  main.o(.text.main)
    osDelay                                  0x00000f4d   Thumb Code    58  cmsis_os2.o(.text.osDelay)
    osKernelGetState                         0x00000f89   Thumb Code    38  cmsis_os2.o(.text.osKernelGetState)
    osKernelInitialize                       0x00000fb1   Thumb Code    80  cmsis_os2.o(.text.osKernelInitialize)
    osKernelStart                            0x00001001   Thumb Code    90  cmsis_os2.o(.text.osKernelStart)
    osThreadNew                              0x0000105d   Thumb Code   232  cmsis_os2.o(.text.osThreadNew)
    osTimerNew                               0x00001145   Thumb Code   268  cmsis_os2.o(.text.osTimerNew)
    osTimerStart                             0x00001251   Thumb Code    96  cmsis_os2.o(.text.osTimerStart)
    pvPortMalloc                             0x00001919   Thumb Code   340  heap_4.o(.text.pvPortMalloc)
    pvTaskIncrementMutexHeldCount            0x00001a6d   Thumb Code    24  tasks.o(.text.pvTaskIncrementMutexHeldCount)
    pvTimerGetTimerID                        0x00001a85   Thumb Code    18  timers.o(.text.pvTimerGetTimerID)
    pxPortInitialiseStack                    0x00001a99   Thumb Code    32  port.o(.text.pxPortInitialiseStack)
    saveDateValue                            0x00001ab9   Thumb Code   212  main.o(.text.saveDateValue)
    setDate                                  0x00001b8d   Thumb Code   138  main.o(.text.setDate)
    uxListRemove                             0x00001c19   Thumb Code    36  list.o(.text.uxListRemove)
    uxTaskGetNumberOfTasks                   0x00001c3d   Thumb Code    12  tasks.o(.text.uxTaskGetNumberOfTasks)
    vApplicationGetIdleTaskMemory            0x00001c49   Thumb Code    26  cmsis_os2.o(.text.vApplicationGetIdleTaskMemory)
    vApplicationGetTimerTaskMemory           0x00001c65   Thumb Code    26  cmsis_os2.o(.text.vApplicationGetTimerTaskMemory)
    vApplicationStackOverflowHook            0x00001c81   Thumb Code     2  cmsis_os2.o(.text.vApplicationStackOverflowHook)
    vListInitialise                          0x00001c85   Thumb Code    22  list.o(.text.vListInitialise)
    vListInitialiseItem                      0x00001c9d   Thumb Code     6  list.o(.text.vListInitialiseItem)
    vListInsert                              0x00001ca5   Thumb Code    58  list.o(.text.vListInsert)
    vPortEnterCritical                       0x00001ce1   Thumb Code    32  port.o(.text.vPortEnterCritical)
    vPortExitCritical                        0x00001d01   Thumb Code    26  port.o(.text.vPortExitCritical)
    vPortFree                                0x00001d1d   Thumb Code   158  heap_4.o(.text.vPortFree)
    vPortSetupTimerInterrupt                 0x00001dbd   Thumb Code    52  port.o(.text.vPortSetupTimerInterrupt)
    vQueueDelete                             0x00001df1   Thumb Code    14  queue.o(.text.vQueueDelete)
    vQueueWaitForMessageRestricted           0x00001e01   Thumb Code    70  queue.o(.text.vQueueWaitForMessageRestricted)
    vTaskDelay                               0x00001e49   Thumb Code   142  tasks.o(.text.vTaskDelay)
    vTaskInternalSetTimeOutState             0x00001ed9   Thumb Code    26  tasks.o(.text.vTaskInternalSetTimeOutState)
    vTaskMissedYield                         0x00001ef5   Thumb Code    14  tasks.o(.text.vTaskMissedYield)
    vTaskPlaceOnEventList                    0x00001f05   Thumb Code    32  tasks.o(.text.vTaskPlaceOnEventList)
    vTaskPlaceOnEventListRestricted          0x00001f25   Thumb Code    90  tasks.o(.text.vTaskPlaceOnEventListRestricted)
    vTaskPriorityDisinheritAfterTimeout      0x00001f81   Thumb Code   138  tasks.o(.text.vTaskPriorityDisinheritAfterTimeout)
    vTaskStartScheduler                      0x0000200d   Thumb Code   140  tasks.o(.text.vTaskStartScheduler)
    vTaskSuspendAll                          0x000020a1   Thumb Code    16  tasks.o(.text.vTaskSuspendAll)
    vTaskSwitchContext                       0x000020b1   Thumb Code   172  tasks.o(.text.vTaskSwitchContext)
    writeClockDate                           0x0000215d   Thumb Code  1224  main.o(.text.writeClockDate)
    writeDateTypeToSeve                      0x00002631   Thumb Code   144  main.o(.text.writeDateTypeToSeve)
    writeEnteredCode                         0x000026dd   Thumb Code   286  main.o(.text.writeEnteredCode)
    writeKeypadInput                         0x000027fd   Thumb Code   408  main.o(.text.writeKeypadInput)
    writeLastStateChangeDate                 0x00002995   Thumb Code  1284  main.o(.text.writeLastStateChangeDate)
    writeLockState                           0x00002ead   Thumb Code   140  main.o(.text.writeLockState)
    xPortStartScheduler                      0x00002f51   Thumb Code    84  port.o(.text.xPortStartScheduler)
    xPortSysTickHandler                      0x00002fa5   Thumb Code    46  port.o(.text.xPortSysTickHandler)
    xQueueCreateMutex                        0x00002fd5   Thumb Code    40  queue.o(.text.xQueueCreateMutex)
    xQueueCreateMutexStatic                  0x00002ffd   Thumb Code   120  queue.o(.text.xQueueCreateMutexStatic)
    xQueueGenericCreate                      0x00003075   Thumb Code   134  queue.o(.text.xQueueGenericCreate)
    xQueueGenericCreateStatic                0x000030fd   Thumb Code   128  queue.o(.text.xQueueGenericCreateStatic)
    xQueueGenericSend                        0x0000317d   Thumb Code   418  queue.o(.text.xQueueGenericSend)
    xQueueGenericSendFromISR                 0x00003321   Thumb Code   246  queue.o(.text.xQueueGenericSendFromISR)
    xQueueReceive                            0x00003419   Thumb Code   332  queue.o(.text.xQueueReceive)
    xQueueSemaphoreTake                      0x00003565   Thumb Code   372  queue.o(.text.xQueueSemaphoreTake)
    xTaskCheckForTimeOut                     0x000036d9   Thumb Code    96  tasks.o(.text.xTaskCheckForTimeOut)
    xTaskCreate                              0x00003739   Thumb Code   210  tasks.o(.text.xTaskCreate)
    xTaskCreateStatic                        0x0000380d   Thumb Code   168  tasks.o(.text.xTaskCreateStatic)
    xTaskGetSchedulerState                   0x000038b5   Thumb Code    38  tasks.o(.text.xTaskGetSchedulerState)
    xTaskGetTickCount                        0x000038dd   Thumb Code    12  tasks.o(.text.xTaskGetTickCount)
    xTaskIncrementTick                       0x000038e9   Thumb Code   402  tasks.o(.text.xTaskIncrementTick)
    xTaskPriorityDisinherit                  0x00003a7d   Thumb Code   114  tasks.o(.text.xTaskPriorityDisinherit)
    xTaskPriorityInherit                     0x00003af1   Thumb Code   166  tasks.o(.text.xTaskPriorityInherit)
    xTaskRemoveFromEventList                 0x00003b99   Thumb Code   206  tasks.o(.text.xTaskRemoveFromEventList)
    xTaskResumeAll                           0x00003c69   Thumb Code   364  tasks.o(.text.xTaskResumeAll)
    xTimerCreate                             0x00003dd5   Thumb Code    58  timers.o(.text.xTimerCreate)
    xTimerCreateStatic                       0x00003e11   Thumb Code    32  timers.o(.text.xTimerCreateStatic)
    xTimerCreateTimerTask                    0x00003e31   Thumb Code   176  timers.o(.text.xTimerCreateTimerTask)
    xTimerGenericCommand                     0x00003ee9   Thumb Code    86  timers.o(.text.xTimerGenericCommand)
    uxTopUsedPriority                        0x00004ba8   Data           4  tasks.o(.rodata.uxTopUsedPriority)
    Region$$Table$$Base                      0x00004bac   Number         0  anon$$obj.o(Region$$Table)
    Region$$Table$$Limit                     0x00004bdc   Number         0  anon$$obj.o(Region$$Table)
    ENTERED_CODE                             0x2007c000   Data          16  main.o(.data.ENTERED_CODE)
    PASSCODE                                 0x2007c010   Data          16  main.o(.data.PASSCODE)
    SystemCoreClock                          0x2007c020   Data           4  system_lpc17xx.o(.data.SystemCoreClock)
    __libspace_start                         0x2007c030   Data          96  libspace.o(.bss)
    __temporary_stack_top$libspace           0x2007c090   Data           0  libspace.o(.bss)
    LAST_STATE_CHANGE                        0x2007c094   Data          24  main.o(.bss.LAST_STATE_CHANGE)
    LOCK_STATE                               0x2007c0ac   Data           1  main.o(.bss.LOCK_STATE)
    codeInputCounter                         0x2007c254   Data           4  main.o(.bss.codeInputCounter)
    passcodeInputCounter                     0x2007c258   Data           4  main.o(.bss.passcodeInputCounter)
    pxCurrentTCB                             0x2007c300   Data           4  tasks.o(.bss.pxCurrentTCB)
    timer0                                   0x2007c77c   Data           4  main.o(.bss.timer0)



==============================================================================

Memory Map of the image

  Image Entry point : 0x000000cd

  Load Region LR_IROM1 (Base: 0x00000000, Size: 0x00004c10, Max: 0x00080000, ABSOLUTE)

    Execution Region ER_IROM1 (Exec base: 0x00000000, Load base: 0x00000000, Size: 0x00004bdc, Max: 0x00080000, ABSOLUTE)

    Exec Addr    Load Addr    Size         Type   Attr      Idx    E Section Name        Object

    0x00000000   0x00000000   0x000000cc   Data   RO          403    RESET               startup_lpc17xx.o
    0x000000cc   0x000000cc   0x00000008   Code   RO          817  * !!!main             c_w.l(__main.o)
    0x000000d4   0x000000d4   0x0000005c   Code   RO          994    !!!scatter          c_w.l(__scatter.o)
    0x00000130   0x00000130   0x0000001a   Code   RO          998    !!handler_copy      c_w.l(__scatter_copy.o)
    0x0000014a   0x0000014a   0x00000002   PAD
    0x0000014c   0x0000014c   0x00000002   Code   RO          995    !!handler_null      c_w.l(__scatter.o)
    0x0000014e   0x0000014e   0x00000002   PAD
    0x00000150   0x00000150   0x0000001c   Code   RO         1000    !!handler_zi        c_w.l(__scatter_zi.o)
    0x0000016c   0x0000016c   0x00000002   Code   RO          856    .ARM.Collect$$libinit$$00000000  c_w.l(libinit.o)
    0x0000016e   0x0000016e   0x00000000   Code   RO          869    .ARM.Collect$$libinit$$00000002  c_w.l(libinit2.o)
    0x0000016e   0x0000016e   0x00000000   Code   RO          871    .ARM.Collect$$libinit$$00000004  c_w.l(libinit2.o)
    0x0000016e   0x0000016e   0x00000000   Code   RO          873    .ARM.Collect$$libinit$$00000006  c_w.l(libinit2.o)
    0x0000016e   0x0000016e   0x00000000   Code   RO          876    .ARM.Collect$$libinit$$0000000C  c_w.l(libinit2.o)
    0x0000016e   0x0000016e   0x00000000   Code   RO          878    .ARM.Collect$$libinit$$0000000E  c_w.l(libinit2.o)
    0x0000016e   0x0000016e   0x00000000   Code   RO          880    .ARM.Collect$$libinit$$00000010  c_w.l(libinit2.o)
    0x0000016e   0x0000016e   0x00000000   Code   RO          883    .ARM.Collect$$libinit$$00000013  c_w.l(libinit2.o)
    0x0000016e   0x0000016e   0x00000000   Code   RO          885    .ARM.Collect$$libinit$$00000015  c_w.l(libinit2.o)
    0x0000016e   0x0000016e   0x00000000   Code   RO          887    .ARM.Collect$$libinit$$00000017  c_w.l(libinit2.o)
    0x0000016e   0x0000016e   0x00000000   Code   RO          889    .ARM.Collect$$libinit$$00000019  c_w.l(libinit2.o)
    0x0000016e   0x0000016e   0x00000000   Code   RO          891    .ARM.Collect$$libinit$$0000001B  c_w.l(libinit2.o)
    0x0000016e   0x0000016e   0x00000000   Code   RO          893    .ARM.Collect$$libinit$$0000001D  c_w.l(libinit2.o)
    0x0000016e   0x0000016e   0x00000000   Code   RO          895    .ARM.Collect$$libinit$$0000001F  c_w.l(libinit2.o)
    0x0000016e   0x0000016e   0x00000000   Code   RO          897    .ARM.Collect$$libinit$$00000021  c_w.l(libinit2.o)
    0x0000016e   0x0000016e   0x00000000   Code   RO          899    .ARM.Collect$$libinit$$00000023  c_w.l(libinit2.o)
    0x0000016e   0x0000016e   0x00000000   Code   RO          901    .ARM.Collect$$libinit$$00000025  c_w.l(libinit2.o)
    0x0000016e   0x0000016e   0x00000000   Code   RO          903    .ARM.Collect$$libinit$$00000027  c_w.l(libinit2.o)
    0x0000016e   0x0000016e   0x00000000   Code   RO          907    .ARM.Collect$$libinit$$0000002E  c_w.l(libinit2.o)
    0x0000016e   0x0000016e   0x00000000   Code   RO          909    .ARM.Collect$$libinit$$00000030  c_w.l(libinit2.o)
    0x0000016e   0x0000016e   0x00000000   Code   RO          911    .ARM.Collect$$libinit$$00000032  c_w.l(libinit2.o)
    0x0000016e   0x0000016e   0x00000000   Code   RO          913    .ARM.Collect$$libinit$$00000034  c_w.l(libinit2.o)
    0x0000016e   0x0000016e   0x00000002   Code   RO          914    .ARM.Collect$$libinit$$00000035  c_w.l(libinit2.o)
    0x00000170   0x00000170   0x00000002   Code   RO          949    .ARM.Collect$$libshutdown$$00000000  c_w.l(libshutdown.o)
    0x00000172   0x00000172   0x00000000   Code   RO          977    .ARM.Collect$$libshutdown$$00000002  c_w.l(libshutdown2.o)
    0x00000172   0x00000172   0x00000000   Code   RO          979    .ARM.Collect$$libshutdown$$00000004  c_w.l(libshutdown2.o)
    0x00000172   0x00000172   0x00000000   Code   RO          982    .ARM.Collect$$libshutdown$$00000007  c_w.l(libshutdown2.o)
    0x00000172   0x00000172   0x00000000   Code   RO          985    .ARM.Collect$$libshutdown$$0000000A  c_w.l(libshutdown2.o)
    0x00000172   0x00000172   0x00000000   Code   RO          987    .ARM.Collect$$libshutdown$$0000000C  c_w.l(libshutdown2.o)
    0x00000172   0x00000172   0x00000000   Code   RO          990    .ARM.Collect$$libshutdown$$0000000F  c_w.l(libshutdown2.o)
    0x00000172   0x00000172   0x00000002   Code   RO          991    .ARM.Collect$$libshutdown$$00000010  c_w.l(libshutdown2.o)
    0x00000174   0x00000174   0x00000000   Code   RO          819    .ARM.Collect$$rtentry$$00000000  c_w.l(__rtentry.o)
    0x00000174   0x00000174   0x00000000   Code   RO          829    .ARM.Collect$$rtentry$$00000002  c_w.l(__rtentry2.o)
    0x00000174   0x00000174   0x00000006   Code   RO          841    .ARM.Collect$$rtentry$$00000004  c_w.l(__rtentry4.o)
    0x0000017a   0x0000017a   0x00000008   Code   RO          830    .ARM.Collect$$rtentry$$00000008  c_w.l(__rtentry2.o)
    0x00000182   0x00000182   0x00000004   Code   RO          832    .ARM.Collect$$rtentry$$0000000A  c_w.l(__rtentry2.o)
    0x00000186   0x00000186   0x00000000   Code   RO          834    .ARM.Collect$$rtentry$$0000000C  c_w.l(__rtentry2.o)
    0x00000186   0x00000186   0x00000008   Code   RO          835    .ARM.Collect$$rtentry$$0000000D  c_w.l(__rtentry2.o)
    0x0000018e   0x0000018e   0x00000002   Code   RO          860    .ARM.Collect$$rtexit$$00000000  c_w.l(rtexit.o)
    0x00000190   0x00000190   0x00000000   Code   RO          920    .ARM.Collect$$rtexit$$00000002  c_w.l(rtexit2.o)
    0x00000190   0x00000190   0x00000004   Code   RO          921    .ARM.Collect$$rtexit$$00000003  c_w.l(rtexit2.o)
    0x00000194   0x00000194   0x00000006   Code   RO          922    .ARM.Collect$$rtexit$$00000004  c_w.l(rtexit2.o)
    0x0000019a   0x0000019a   0x00000002   PAD
    0x0000019c   0x0000019c   0x0000003c   Code   RO          405    .text               startup_lpc17xx.o
    0x000001d8   0x000001d8   0x0000008a   Code   RO          809    .text               c_w.l(rt_memcpy_v6.o)
    0x00000262   0x00000262   0x00000010   Code   RO          811    .text               c_w.l(aeabi_memset4.o)
    0x00000272   0x00000272   0x00000044   Code   RO          813    .text               c_w.l(rt_memclr.o)
    0x000002b6   0x000002b6   0x00000006   Code   RO          815    .text               c_w.l(heapauxi.o)
    0x000002bc   0x000002bc   0x00000012   Code   RO          847    .text               c_w.l(exit.o)
    0x000002ce   0x000002ce   0x00000002   PAD
    0x000002d0   0x000002d0   0x00000008   Code   RO          857    .text               c_w.l(libspace.o)
    0x000002d8   0x000002d8   0x0000000c   Code   RO          915    .text               c_w.l(sys_exit.o)
    0x000002e4   0x000002e4   0x00000002   Code   RO          938    .text               c_w.l(use_no_semi.o)
    0x000002e6   0x000002e6   0x00000000   Code   RO          940    .text               c_w.l(indicate_semi.o)
    0x000002e6   0x000002e6   0x00000002   PAD
    0x000002e8   0x000002e8   0x00000014   Code   RO          374    .text.GPIO_PinRead  gpio_lpc17xx.o
    0x000002fc   0x000002fc   0x00000004   Code   RO          404    .ARM.__at_0x02FC    startup_lpc17xx.o
    0x00000300   0x00000300   0x00000064   Code   RO          824    .text               c_w.l(rt_memcpy_w.o)
    0x00000364   0x00000364   0x0000004e   Code   RO          826    .text               c_w.l(rt_memclr_w.o)
    0x000003b2   0x000003b2   0x0000004a   Code   RO          845    .text               c_w.l(sys_stackheap_outer.o)
    0x000003fc   0x000003fc   0x0000001c   Code   RO          372    .text.GPIO_PinWrite  gpio_lpc17xx.o
    0x00000418   0x00000418   0x00000022   Code   RO          370    .text.GPIO_SetDir   gpio_lpc17xx.o
    0x0000043a   0x0000043a   0x00000002   PAD
    0x0000043c   0x0000043c   0x00000032   Code   RO            2    .text.GetASCIICode  asciilib.o
    0x0000046e   0x0000046e   0x00000002   PAD
    0x00000470   0x00000470   0x00000074   Code   RO          388    .text.PIN_Configure  pin_lpc17xx.o
    0x000004e4   0x000004e4   0x0000000c   PAD
    0x000004f0   0x000004f0   0x00000044   Code   RO          499    .text.PendSV_Handler  port.o
    0x00000534   0x00000534   0x0000000c   PAD
    0x00000540   0x00000540   0x00000024   Code   RO          485    .text.SVC_Handler   port.o
    0x00000564   0x00000564   0x0000001e   Code   RO          176    .text.SysTick_Handler  cmsis_os2.o
    0x00000582   0x00000582   0x00000002   PAD
    0x00000584   0x00000584   0x000000cc   Code   RO          416    .text.SystemInit    system_lpc17xx.o
    0x00000650   0x00000650   0x00000018   Code   RO          242    .text.TimerCallback  cmsis_os2.o
    0x00000668   0x00000668   0x00000024   Code   RO          158    .text._mutex_acquire  clib_arm.o
    0x0000068c   0x0000068c   0x00000030   Code   RO          162    .text._mutex_free   clib_arm.o
    0x000006bc   0x000006bc   0x0000005a   Code   RO          156    .text._mutex_initialize  clib_arm.o
    0x00000716   0x00000716   0x00000002   PAD
    0x00000718   0x00000718   0x00000026   Code   RO          160    .text._mutex_release  clib_arm.o
    0x0000073e   0x0000073e   0x00000002   PAD
    0x00000740   0x00000740   0x00000002   Code   RO          152    .text._platform_post_stackheap_init  clib_arm.o
    0x00000742   0x00000742   0x00000002   PAD
    0x00000744   0x00000744   0x000000ea   Code   RO           95    .text.app_main      main.o
    0x0000082e   0x0000082e   0x00000002   PAD
    0x00000830   0x00000830   0x0000000e   Code   RO           45    .text.callback      main.o
    0x0000083e   0x0000083e   0x00000002   PAD
    0x00000840   0x00000840   0x00000068   Code   RO           23    .text.draw          main.o
    0x000008a8   0x000008a8   0x00000096   Code   RO           33    .text.gpioSetup     main.o
    0x0000093e   0x0000093e   0x00000002   PAD
    0x00000940   0x00000940   0x000001b8   Code   RO           14    .text.init_ILI9325  lcd_ili9325.o
    0x00000af8   0x00000af8   0x0000009c   Code   RO           35    .text.keyboardScan  main.o
    0x00000b94   0x00000b94   0x00000026   Code   RO          124    .text.lcdConfiguration  open1768_lcd.o
    0x00000bba   0x00000bba   0x00000002   PAD
    0x00000bbc   0x00000bbc   0x000001c6   Code   RO          142    .text.lcdSetCursor  open1768_lcd.o
    0x00000d82   0x00000d82   0x00000002   PAD
    0x00000d84   0x00000d84   0x0000005a   Code   RO          134    .text.lcdWriteData  open1768_lcd.o
    0x00000dde   0x00000dde   0x00000002   PAD
    0x00000de0   0x00000de0   0x00000072   Code   RO          132    .text.lcdWriteIndex  open1768_lcd.o
    0x00000e52   0x00000e52   0x00000002   PAD
    0x00000e54   0x00000e54   0x000000b6   Code   RO          138    .text.lcdWriteReg   open1768_lcd.o
    0x00000f0a   0x00000f0a   0x00000002   PAD
    0x00000f0c   0x00000f0c   0x0000003e   Code   RO           97    .text.main          main.o
    0x00000f4a   0x00000f4a   0x00000002   PAD
    0x00000f4c   0x00000f4c   0x0000003a   Code   RO          236    .text.osDelay       cmsis_os2.o
    0x00000f86   0x00000f86   0x00000002   PAD
    0x00000f88   0x00000f88   0x00000026   Code   RO          182    .text.osKernelGetState  cmsis_os2.o
    0x00000fae   0x00000fae   0x00000002   PAD
    0x00000fb0   0x00000fb0   0x00000050   Code   RO          178    .text.osKernelInitialize  cmsis_os2.o
    0x00001000   0x00001000   0x0000005a   Code   RO          184    .text.osKernelStart  cmsis_os2.o
    0x0000105a   0x0000105a   0x00000002   PAD
    0x0000105c   0x0000105c   0x000000e8   Code   RO          200    .text.osThreadNew   cmsis_os2.o
    0x00001144   0x00001144   0x0000010c   Code   RO          240    .text.osTimerNew    cmsis_os2.o
    0x00001250   0x00001250   0x00000060   Code   RO          246    .text.osTimerStart  cmsis_os2.o
    0x000012b0   0x000012b0   0x0000009e   Code   RO          621    .text.prvAddCurrentTaskToDelayedList  tasks.o
    0x0000134e   0x0000134e   0x00000002   PAD
    0x00001350   0x00001350   0x00000132   Code   RO          611    .text.prvAddNewTaskToReadyList  tasks.o
    0x00001482   0x00001482   0x00000002   PAD
    0x00001484   0x00001484   0x00000082   Code   RO          645    .text.prvIdleTask   tasks.o
    0x00001506   0x00001506   0x00000002   PAD
    0x00001508   0x00001508   0x000000a6   Code   RO          753    .text.prvInitialiseNewTimer  timers.o
    0x000015ae   0x000015ae   0x00000002   PAD
    0x000015b0   0x000015b0   0x00000020   Code   RO          491    .text.prvPortStartFirstTask  port.o
    0x000015d0   0x000015d0   0x0000007c   Code   RO          787    .text.prvProcessExpiredTimer  timers.o
    0x0000164c   0x0000164c   0x00000022   Code   RO          483    .text.prvTaskExitError  port.o
    0x0000166e   0x0000166e   0x00000002   PAD
    0x00001670   0x00001670   0x00000232   Code   RO          749    .text.prvTimerTask  timers.o
    0x000018a2   0x000018a2   0x00000002   PAD
    0x000018a4   0x000018a4   0x00000074   Code   RO          567    .text.prvUnlockQueue  queue.o
    0x00001918   0x00001918   0x00000154   Code   RO          512    .text.pvPortMalloc  heap_4.o
    0x00001a6c   0x00001a6c   0x00000018   Code   RO          701    .text.pvTaskIncrementMutexHeldCount  tasks.o
    0x00001a84   0x00001a84   0x00000012   Code   RO          775    .text.pvTimerGetTimerID  timers.o
    0x00001a96   0x00001a96   0x00000002   PAD
    0x00001a98   0x00001a98   0x00000020   Code   RO          481    .text.pxPortInitialiseStack  port.o
    0x00001ab8   0x00001ab8   0x000000d4   Code   RO           77    .text.saveDateValue  main.o
    0x00001b8c   0x00001b8c   0x0000008a   Code   RO           83    .text.setDate       main.o
    0x00001c16   0x00001c16   0x00000002   PAD
    0x00001c18   0x00001c18   0x00000024   Code   RO          471    .text.uxListRemove  list.o
    0x00001c3c   0x00001c3c   0x0000000c   Code   RO          655    .text.uxTaskGetNumberOfTasks  tasks.o
    0x00001c48   0x00001c48   0x0000001a   Code   RO          324    .text.vApplicationGetIdleTaskMemory  cmsis_os2.o
    0x00001c62   0x00001c62   0x00000002   PAD
    0x00001c64   0x00001c64   0x0000001a   Code   RO          326    .text.vApplicationGetTimerTaskMemory  cmsis_os2.o
    0x00001c7e   0x00001c7e   0x00000002   PAD
    0x00001c80   0x00001c80   0x00000002   Code   RO          322    .text.vApplicationStackOverflowHook  cmsis_os2.o
    0x00001c82   0x00001c82   0x00000002   PAD
    0x00001c84   0x00001c84   0x00000016   Code   RO          463    .text.vListInitialise  list.o
    0x00001c9a   0x00001c9a   0x00000002   PAD
    0x00001c9c   0x00001c9c   0x00000006   Code   RO          465    .text.vListInitialiseItem  list.o
    0x00001ca2   0x00001ca2   0x00000002   PAD
    0x00001ca4   0x00001ca4   0x0000003a   Code   RO          469    .text.vListInsert   list.o
    0x00001cde   0x00001cde   0x00000002   PAD
    0x00001ce0   0x00001ce0   0x00000020   Code   RO          495    .text.vPortEnterCritical  port.o
    0x00001d00   0x00001d00   0x0000001a   Code   RO          497    .text.vPortExitCritical  port.o
    0x00001d1a   0x00001d1a   0x00000002   PAD
    0x00001d1c   0x00001d1c   0x0000009e   Code   RO          514    .text.vPortFree     heap_4.o
    0x00001dba   0x00001dba   0x00000002   PAD
    0x00001dbc   0x00001dbc   0x00000034   Code   RO          489    .text.vPortSetupTimerInterrupt  port.o
    0x00001df0   0x00001df0   0x0000000e   Code   RO          587    .text.vQueueDelete  queue.o
    0x00001dfe   0x00001dfe   0x00000002   PAD
    0x00001e00   0x00001e00   0x00000046   Code   RO          599    .text.vQueueWaitForMessageRestricted  queue.o
    0x00001e46   0x00001e46   0x00000002   PAD
    0x00001e48   0x00001e48   0x0000008e   Code   RO          625    .text.vTaskDelay    tasks.o
    0x00001ed6   0x00001ed6   0x00000002   PAD
    0x00001ed8   0x00001ed8   0x0000001a   Code   RO          675    .text.vTaskInternalSetTimeOutState  tasks.o
    0x00001ef2   0x00001ef2   0x00000002   PAD
    0x00001ef4   0x00001ef4   0x0000000e   Code   RO          679    .text.vTaskMissedYield  tasks.o
    0x00001f02   0x00001f02   0x00000002   PAD
    0x00001f04   0x00001f04   0x00000020   Code   RO          663    .text.vTaskPlaceOnEventList  tasks.o
    0x00001f24   0x00001f24   0x0000005a   Code   RO          667    .text.vTaskPlaceOnEventListRestricted  tasks.o
    0x00001f7e   0x00001f7e   0x00000002   PAD
    0x00001f80   0x00001f80   0x0000008a   Code   RO          697    .text.vTaskPriorityDisinheritAfterTimeout  tasks.o
    0x0000200a   0x0000200a   0x00000002   PAD
    0x0000200c   0x0000200c   0x00000094   Code   RO          643    .text.vTaskStartScheduler  tasks.o
    0x000020a0   0x000020a0   0x00000010   Code   RO          619    .text.vTaskSuspendAll  tasks.o
    0x000020b0   0x000020b0   0x000000ac   Code   RO          637    .text.vTaskSwitchContext  tasks.o
    0x0000215c   0x0000215c   0x000004d4   Code   RO           73    .text.writeClockDate  main.o
    0x00002630   0x00002630   0x000000ac   Code   RO           75    .text.writeDateTypeToSeve  main.o
    0x000026dc   0x000026dc   0x0000011e   Code   RO           57    .text.writeEnteredCode  main.o
    0x000027fa   0x000027fa   0x00000002   PAD
    0x000027fc   0x000027fc   0x00000198   Code   RO           53    .text.writeKeypadInput  main.o
    0x00002994   0x00002994   0x00000518   Code   RO           89    .text.writeLastStateChangeDate  main.o
    0x00002eac   0x00002eac   0x000000a4   Code   RO           55    .text.writeLockState  main.o
    0x00002f50   0x00002f50   0x00000054   Code   RO          487    .text.xPortStartScheduler  port.o
    0x00002fa4   0x00002fa4   0x0000002e   Code   RO          501    .text.xPortSysTickHandler  port.o
    0x00002fd2   0x00002fd2   0x00000002   PAD
    0x00002fd4   0x00002fd4   0x00000028   Code   RO          547    .text.xQueueCreateMutex  queue.o
    0x00002ffc   0x00002ffc   0x00000078   Code   RO          549    .text.xQueueCreateMutexStatic  queue.o
    0x00003074   0x00003074   0x00000086   Code   RO          545    .text.xQueueGenericCreate  queue.o
    0x000030fa   0x000030fa   0x00000002   PAD
    0x000030fc   0x000030fc   0x00000080   Code   RO          543    .text.xQueueGenericCreateStatic  queue.o
    0x0000317c   0x0000317c   0x000001a2   Code   RO          557    .text.xQueueGenericSend  queue.o
    0x0000331e   0x0000331e   0x00000002   PAD
    0x00003320   0x00003320   0x000000f6   Code   RO          569    .text.xQueueGenericSendFromISR  queue.o
    0x00003416   0x00003416   0x00000002   PAD
    0x00003418   0x00003418   0x0000014c   Code   RO          573    .text.xQueueReceive  queue.o
    0x00003564   0x00003564   0x00000174   Code   RO          561    .text.xQueueSemaphoreTake  queue.o
    0x000036d8   0x000036d8   0x00000060   Code   RO          677    .text.xTaskCheckForTimeOut  tasks.o
    0x00003738   0x00003738   0x000000d2   Code   RO          613    .text.xTaskCreate   tasks.o
    0x0000380a   0x0000380a   0x00000002   PAD
    0x0000380c   0x0000380c   0x000000a8   Code   RO          609    .text.xTaskCreateStatic  tasks.o
    0x000038b4   0x000038b4   0x00000026   Code   RO          691    .text.xTaskGetSchedulerState  tasks.o
    0x000038da   0x000038da   0x00000002   PAD
    0x000038dc   0x000038dc   0x0000000c   Code   RO          651    .text.xTaskGetTickCount  tasks.o
    0x000038e8   0x000038e8   0x00000192   Code   RO          649    .text.xTaskIncrementTick  tasks.o
    0x00003a7a   0x00003a7a   0x00000002   PAD
    0x00003a7c   0x00003a7c   0x00000072   Code   RO          695    .text.xTaskPriorityDisinherit  tasks.o
    0x00003aee   0x00003aee   0x00000002   PAD
    0x00003af0   0x00003af0   0x000000a6   Code   RO          693    .text.xTaskPriorityInherit  tasks.o
    0x00003b96   0x00003b96   0x00000002   PAD
    0x00003b98   0x00003b98   0x000000ce   Code   RO          669    .text.xTaskRemoveFromEventList  tasks.o
    0x00003c66   0x00003c66   0x00000002   PAD
    0x00003c68   0x00003c68   0x0000016c   Code   RO          623    .text.xTaskResumeAll  tasks.o
    0x00003dd4   0x00003dd4   0x0000003a   Code   RO          751    .text.xTimerCreate  timers.o
    0x00003e0e   0x00003e0e   0x00000002   PAD
    0x00003e10   0x00003e10   0x00000020   Code   RO          755    .text.xTimerCreateStatic  timers.o
    0x00003e30   0x00003e30   0x000000b8   Code   RO          747    .text.xTimerCreateTimerTask  timers.o
    0x00003ee8   0x00003ee8   0x00000056   Code   RO          757    .text.xTimerGenericCommand  timers.o
    0x00003f3e   0x00003f3e   0x00000be0   Data   RO            4    .rodata.AsciiLib    asciilib.o
    0x00004b1e   0x00004b1e   0x00000002   PAD
    0x00004b20   0x00004b20   0x00000028   Data   RO          111    .rodata.CHAR        main.o
    0x00004b48   0x00004b48   0x00000040   Data   RO          109    .rodata.KEYPAD_VALUES  main.o
    0x00004b88   0x00004b88   0x00000010   Data   RO          110    .rodata.cst16       main.o
    0x00004b98   0x00004b98   0x00000010   Data   RO          107    .rodata.cst8        main.o
    0x00004ba8   0x00004ba8   0x00000004   Data   RO          718    .rodata.uxTopUsedPriority  tasks.o
    0x00004bac   0x00004bac   0x00000030   Data   RO          993    Region$$Table       anon$$obj.o


    Execution Region RW_IRAM1 (Exec base: 0x10000000, Load base: 0x00004bdc, Size: 0x00002000, Max: 0x00008000, ABSOLUTE)

    Exec Addr    Load Addr    Size         Type   Attr      Idx    E Section Name        Object

    0x10000000        -       0x00002000   Zero   RW          532    .bss.ucHeap         heap_4.o


    Execution Region RW_IRAM2 (Exec base: 0x2007c000, Load base: 0x00004be0, Size: 0x00000e58, Max: 0x00008000, ABSOLUTE)

    Exec Addr    Load Addr    Size         Type   Attr      Idx    E Section Name        Object

    0x2007c000   0x00004be0   0x00000010   Data   RW          100    .data.ENTERED_CODE  main.o
    0x2007c010   0x00004bf0   0x00000010   Data   RW          102    .data.PASSCODE      main.o
    0x2007c020   0x00004c00   0x00000004   Data   RW          418    .data.SystemCoreClock  system_lpc17xx.o
    0x2007c024   0x00004c04   0x00000004   Data   RW          113    .data.saveDateValue.lastSavedValue  main.o
    0x2007c028   0x00004c08   0x00000004   Data   RW          503    .data.uxCriticalNesting  port.o
    0x2007c02c   0x00004c0c   0x00000001   Data   RW          114    .data.writeLastStateChange.lasteKnownState  main.o
    0x2007c02d   0x00004c0d   0x00000003   PAD
    0x2007c030        -       0x00000060   Zero   RW          858    .bss                c_w.l(libspace.o)
    0x2007c090        -       0x00000004   Zero   RW          328    .bss.KernelState    cmsis_os2.o
    0x2007c094        -       0x00000018   Zero   RW          106    .bss.LAST_STATE_CHANGE  main.o
    0x2007c0ac        -       0x00000001   Zero   RW           99    .bss.LOCK_STATE     main.o
    0x2007c0ad   0x00004c0d   0x00000003   PAD
    0x2007c0b0        -       0x00000190   Zero   RW          167    .bss.clib_mutex_cb  clib_arm.o
    0x2007c240        -       0x00000014   Zero   RW          166    .bss.clib_mutex_id  clib_arm.o
    0x2007c254        -       0x00000004   Zero   RW          101    .bss.codeInputCounter  main.o
    0x2007c258        -       0x00000004   Zero   RW          103    .bss.passcodeInputCounter  main.o
    0x2007c25c        -       0x00000050   Zero   RW          797    .bss.prvCheckForValidListAndQueue.ucStaticTimerQueueStorage  timers.o
    0x2007c2ac        -       0x00000050   Zero   RW          796    .bss.prvCheckForValidListAndQueue.xStaticTimerQueue  timers.o
    0x2007c2fc        -       0x00000004   Zero   RW          793    .bss.prvSampleTimeNow.xLastTime  timers.o
    0x2007c300        -       0x00000004   Zero   RW          717    .bss.pxCurrentTCB   tasks.o
    0x2007c304        -       0x00000004   Zero   RW          791    .bss.pxCurrentTimerList  timers.o
    0x2007c308        -       0x00000004   Zero   RW          725    .bss.pxDelayedTaskList  tasks.o
    0x2007c30c        -       0x00000004   Zero   RW          526    .bss.pxEnd          heap_4.o
    0x2007c310        -       0x00000004   Zero   RW          726    .bss.pxOverflowDelayedTaskList  tasks.o
    0x2007c314        -       0x00000004   Zero   RW          792    .bss.pxOverflowTimerList  timers.o
    0x2007c318        -       0x00000460   Zero   RW          728    .bss.pxReadyTasksLists  tasks.o
    0x2007c778        -       0x00000004   Zero   RW          112    .bss.saveDateValue.dateInputCounter  main.o
    0x2007c77c        -       0x00000004   Zero   RW          108    .bss.timer0         main.o
    0x2007c780        -       0x00000004   Zero   RW          722    .bss.uxCurrentNumberOfTasks  tasks.o
    0x2007c784        -       0x00000004   Zero   RW          721    .bss.uxDeletedTasksWaitingCleanUp  tasks.o
    0x2007c788        -       0x00000004   Zero   RW          730    .bss.uxSchedulerSuspended  tasks.o
    0x2007c78c        -       0x00000004   Zero   RW          719    .bss.uxTaskNumber   tasks.o
    0x2007c790        -       0x00000004   Zero   RW          729    .bss.uxTopReadyPriority  tasks.o
    0x2007c794        -       0x00000200   Zero   RW          330    .bss.vApplicationGetIdleTaskMemory.Idle_Stack  cmsis_os2.o
    0x2007c994        -       0x0000005c   Zero   RW          329    .bss.vApplicationGetIdleTaskMemory.Idle_TCB  cmsis_os2.o
    0x2007c9f0        -       0x00000140   Zero   RW          332    .bss.vApplicationGetTimerTaskMemory.Timer_Stack  cmsis_os2.o
    0x2007cb30        -       0x0000005c   Zero   RW          331    .bss.vApplicationGetTimerTaskMemory.Timer_TCB  cmsis_os2.o
    0x2007cb8c        -       0x00000014   Zero   RW          794    .bss.xActiveTimerList1  timers.o
    0x2007cba0        -       0x00000014   Zero   RW          795    .bss.xActiveTimerList2  timers.o
    0x2007cbb4        -       0x00000014   Zero   RW          737    .bss.xDelayedTaskList1  tasks.o
    0x2007cbc8        -       0x00000014   Zero   RW          738    .bss.xDelayedTaskList2  tasks.o
    0x2007cbdc        -       0x00000004   Zero   RW          527    .bss.xFreeBytesRemaining  heap_4.o
    0x2007cbe0        -       0x00000004   Zero   RW          733    .bss.xIdleTaskHandle  tasks.o
    0x2007cbe4        -       0x00000004   Zero   RW          529    .bss.xMinimumEverFreeBytesRemaining  heap_4.o
    0x2007cbe8        -       0x00000004   Zero   RW          734    .bss.xNextTaskUnblockTime  tasks.o
    0x2007cbec        -       0x00000004   Zero   RW          736    .bss.xNumOfOverflows  tasks.o
    0x2007cbf0        -       0x00000004   Zero   RW          530    .bss.xNumberOfSuccessfulAllocations  heap_4.o
    0x2007cbf4        -       0x00000004   Zero   RW          531    .bss.xNumberOfSuccessfulFrees  heap_4.o
    0x2007cbf8        -       0x00000004   Zero   RW          735    .bss.xPendedTicks   tasks.o
    0x2007cbfc        -       0x00000014   Zero   RW          732    .bss.xPendingReadyList  tasks.o
    0x2007cc10        -       0x00000004   Zero   RW          723    .bss.xSchedulerRunning  tasks.o
    0x2007cc14        -       0x00000008   Zero   RW          528    .bss.xStart         heap_4.o
    0x2007cc1c        -       0x00000014   Zero   RW          727    .bss.xSuspendedTaskList  tasks.o
    0x2007cc30        -       0x00000014   Zero   RW          720    .bss.xTasksWaitingTermination  tasks.o
    0x2007cc44        -       0x00000004   Zero   RW          724    .bss.xTickCount     tasks.o
    0x2007cc48        -       0x00000004   Zero   RW          789    .bss.xTimerQueue    timers.o
    0x2007cc4c        -       0x00000004   Zero   RW          790    .bss.xTimerTaskHandle  timers.o
    0x2007cc50        -       0x00000004   Zero   RW          731    .bss.xYieldPending  tasks.o
    0x2007cc54   0x00004c0d   0x00000004   PAD
    0x2007cc58        -       0x00000000   Zero   RW          402    HEAP                startup_lpc17xx.o
    0x2007cc58        -       0x00000200   Zero   RW          401    STACK               startup_lpc17xx.o


==============================================================================

Image component sizes


      Code (inc. data)   RO Data    RW Data    ZI Data      Debug   Object Name

        50          0       3040          0          0        684   asciilib.o
       214          0          0          0        420       4013   clib_arm.o
       970          0          0          0       1020      56531   cmsis_os2.o
        82          0          0          0          0       3964   gpio_lpc17xx.o
       498          0          0          0       8220       5188   heap_4.o
       440          0          0          0          0        775   lcd_ili9325.o
       122          0          0          0          0       2244   list.o
      4640         84        136         37         41      29475   main.o
       878          0          0          0          0       5741   open1768_lcd.o
       116          0          0          0          0       2455   pin_lpc17xx.o
       442         12          0          4          0       2820   port.o
      1990          0          0          0          0      20896   queue.o
        64         26        204          0        512        980   startup_lpc17xx.o
       204          0          0          4          0       2023   system_lpc17xx.o
      3184          8          4          0       1280      36032   tasks.o
      1230         18          0          0        220      14095   timers.o

    ----------------------------------------------------------------------
     15254        160       3434         48      11720     187916   Object Totals
         0          0         48          0          0          0   (incl. Generated)
       130         12          2          3          7          0   (incl. Padding)

    ----------------------------------------------------------------------

      Code (inc. data)   RO Data    RW Data    ZI Data      Debug   Library Member Name

         8          0          0          0          0         68   __main.o
         0          0          0          0          0          0   __rtentry.o
        20          0          0          0          0          0   __rtentry2.o
         6          0          0          0          0          0   __rtentry4.o
        94          8          0          0          0          0   __scatter.o
        26          0          0          0          0          0   __scatter_copy.o
        28          0          0          0          0          0   __scatter_zi.o
        16          0          0          0          0         68   aeabi_memset4.o
        18          0          0          0          0         80   exit.o
         6          0          0          0          0        152   heapauxi.o
         0          0          0          0          0          0   indicate_semi.o
         2          0          0          0          0          0   libinit.o
         2          0          0          0          0          0   libinit2.o
         2          0          0          0          0          0   libshutdown.o
         2          0          0          0          0          0   libshutdown2.o
         8          4          0          0         96         68   libspace.o
        68          0          0          0          0         68   rt_memclr.o
        78          0          0          0          0         80   rt_memclr_w.o
       138          0          0          0          0         68   rt_memcpy_v6.o
       100          0          0          0          0         80   rt_memcpy_w.o
         2          0          0          0          0          0   rtexit.o
        10          0          0          0          0          0   rtexit2.o
        12          4          0          0          0         68   sys_exit.o
        74          0          0          0          0         80   sys_stackheap_outer.o
         2          0          0          0          0         68   use_no_semi.o

    ----------------------------------------------------------------------
       732         16          0          0         96        948   Library Totals
        10          0          0          0          0          0   (incl. Padding)

    ----------------------------------------------------------------------

      Code (inc. data)   RO Data    RW Data    ZI Data      Debug   Library Name

       722         16          0          0         96        948   c_w.l

    ----------------------------------------------------------------------
       732         16          0          0         96        948   Library Totals

    ----------------------------------------------------------------------

==============================================================================


      Code (inc. data)   RO Data    RW Data    ZI Data      Debug   

     15986        176       3434         48      11816     188284   Grand Totals
     15986        176       3434         48      11816     188284   ELF Image Totals
     15986        176       3434         48          0          0   ROM Totals

==============================================================================

    Total RO  Size (Code + RO Data)                19420 (  18.96kB)
    Total RW  Size (RW Data + ZI Data)             11864 (  11.59kB)
    Total ROM Size (Code + RO Data + RW Data)      19468 (  19.01kB)

==============================================================================

